Archive member included to satisfy reference by file (symbol)

C:/ST/STM32CubeIDE_1.16.1/STM32CubeIDE/plugins/com.st.stm32cube.ide.mcu.externaltools.gnu-tools-for-stm32.12.3.rel1.win32_1.0.200.202406191623/tools/bin/../lib/gcc/arm-none-eabi/12.3.1/../../../../arm-none-eabi/lib/thumb/v7e-m+fp/hard\libc_nano.a(libc_a-atoi.o)
                              ./USB_DEVICE/App/usbd_cdc_if.o (atoi)
C:/ST/STM32CubeIDE_1.16.1/STM32CubeIDE/plugins/com.st.stm32cube.ide.mcu.externaltools.gnu-tools-for-stm32.12.3.rel1.win32_1.0.200.202406191623/tools/bin/../lib/gcc/arm-none-eabi/12.3.1/../../../../arm-none-eabi/lib/thumb/v7e-m+fp/hard\libc_nano.a(libc_a-exit.o)
                              C:/ST/STM32CubeIDE_1.16.1/STM32CubeIDE/plugins/com.st.stm32cube.ide.mcu.externaltools.gnu-tools-for-stm32.12.3.rel1.win32_1.0.200.202406191623/tools/bin/../lib/gcc/arm-none-eabi/12.3.1/../../../../arm-none-eabi/lib/thumb/v7e-m+fp/hard/crt0.o (exit)
C:/ST/STM32CubeIDE_1.16.1/STM32CubeIDE/plugins/com.st.stm32cube.ide.mcu.externaltools.gnu-tools-for-stm32.12.3.rel1.win32_1.0.200.202406191623/tools/bin/../lib/gcc/arm-none-eabi/12.3.1/../../../../arm-none-eabi/lib/thumb/v7e-m+fp/hard\libc_nano.a(libc_a-strtol.o)
                              C:/ST/STM32CubeIDE_1.16.1/STM32CubeIDE/plugins/com.st.stm32cube.ide.mcu.externaltools.gnu-tools-for-stm32.12.3.rel1.win32_1.0.200.202406191623/tools/bin/../lib/gcc/arm-none-eabi/12.3.1/../../../../arm-none-eabi/lib/thumb/v7e-m+fp/hard\libc_nano.a(libc_a-atoi.o) (_strtol_r)
C:/ST/STM32CubeIDE_1.16.1/STM32CubeIDE/plugins/com.st.stm32cube.ide.mcu.externaltools.gnu-tools-for-stm32.12.3.rel1.win32_1.0.200.202406191623/tools/bin/../lib/gcc/arm-none-eabi/12.3.1/../../../../arm-none-eabi/lib/thumb/v7e-m+fp/hard\libc_nano.a(libc_a-ctype_.o)
                              C:/ST/STM32CubeIDE_1.16.1/STM32CubeIDE/plugins/com.st.stm32cube.ide.mcu.externaltools.gnu-tools-for-stm32.12.3.rel1.win32_1.0.200.202406191623/tools/bin/../lib/gcc/arm-none-eabi/12.3.1/../../../../arm-none-eabi/lib/thumb/v7e-m+fp/hard\libc_nano.a(libc_a-strtol.o) (_ctype_)
C:/ST/STM32CubeIDE_1.16.1/STM32CubeIDE/plugins/com.st.stm32cube.ide.mcu.externaltools.gnu-tools-for-stm32.12.3.rel1.win32_1.0.200.202406191623/tools/bin/../lib/gcc/arm-none-eabi/12.3.1/../../../../arm-none-eabi/lib/thumb/v7e-m+fp/hard\libc_nano.a(libc_a-findfp.o)
                              C:/ST/STM32CubeIDE_1.16.1/STM32CubeIDE/plugins/com.st.stm32cube.ide.mcu.externaltools.gnu-tools-for-stm32.12.3.rel1.win32_1.0.200.202406191623/tools/bin/../lib/gcc/arm-none-eabi/12.3.1/../../../../arm-none-eabi/lib/thumb/v7e-m+fp/hard\libc_nano.a(libc_a-exit.o) (__stdio_exit_handler)
C:/ST/STM32CubeIDE_1.16.1/STM32CubeIDE/plugins/com.st.stm32cube.ide.mcu.externaltools.gnu-tools-for-stm32.12.3.rel1.win32_1.0.200.202406191623/tools/bin/../lib/gcc/arm-none-eabi/12.3.1/../../../../arm-none-eabi/lib/thumb/v7e-m+fp/hard\libc_nano.a(libc_a-fwalk.o)
                              C:/ST/STM32CubeIDE_1.16.1/STM32CubeIDE/plugins/com.st.stm32cube.ide.mcu.externaltools.gnu-tools-for-stm32.12.3.rel1.win32_1.0.200.202406191623/tools/bin/../lib/gcc/arm-none-eabi/12.3.1/../../../../arm-none-eabi/lib/thumb/v7e-m+fp/hard\libc_nano.a(libc_a-findfp.o) (_fwalk_sglue)
C:/ST/STM32CubeIDE_1.16.1/STM32CubeIDE/plugins/com.st.stm32cube.ide.mcu.externaltools.gnu-tools-for-stm32.12.3.rel1.win32_1.0.200.202406191623/tools/bin/../lib/gcc/arm-none-eabi/12.3.1/../../../../arm-none-eabi/lib/thumb/v7e-m+fp/hard\libc_nano.a(libc_a-stdio.o)
                              C:/ST/STM32CubeIDE_1.16.1/STM32CubeIDE/plugins/com.st.stm32cube.ide.mcu.externaltools.gnu-tools-for-stm32.12.3.rel1.win32_1.0.200.202406191623/tools/bin/../lib/gcc/arm-none-eabi/12.3.1/../../../../arm-none-eabi/lib/thumb/v7e-m+fp/hard\libc_nano.a(libc_a-findfp.o) (__sread)
C:/ST/STM32CubeIDE_1.16.1/STM32CubeIDE/plugins/com.st.stm32cube.ide.mcu.externaltools.gnu-tools-for-stm32.12.3.rel1.win32_1.0.200.202406191623/tools/bin/../lib/gcc/arm-none-eabi/12.3.1/../../../../arm-none-eabi/lib/thumb/v7e-m+fp/hard\libc_nano.a(libc_a-memset.o)
                              C:/ST/STM32CubeIDE_1.16.1/STM32CubeIDE/plugins/com.st.stm32cube.ide.mcu.externaltools.gnu-tools-for-stm32.12.3.rel1.win32_1.0.200.202406191623/tools/bin/../lib/gcc/arm-none-eabi/12.3.1/../../../../arm-none-eabi/lib/thumb/v7e-m+fp/hard/crt0.o (memset)
C:/ST/STM32CubeIDE_1.16.1/STM32CubeIDE/plugins/com.st.stm32cube.ide.mcu.externaltools.gnu-tools-for-stm32.12.3.rel1.win32_1.0.200.202406191623/tools/bin/../lib/gcc/arm-none-eabi/12.3.1/../../../../arm-none-eabi/lib/thumb/v7e-m+fp/hard\libc_nano.a(libc_a-strncmp.o)
                              ./USB_DEVICE/App/usbd_cdc_if.o (strncmp)
C:/ST/STM32CubeIDE_1.16.1/STM32CubeIDE/plugins/com.st.stm32cube.ide.mcu.externaltools.gnu-tools-for-stm32.12.3.rel1.win32_1.0.200.202406191623/tools/bin/../lib/gcc/arm-none-eabi/12.3.1/../../../../arm-none-eabi/lib/thumb/v7e-m+fp/hard\libc_nano.a(libc_a-strncpy.o)
[...]
Memory Configuration

Name             Origin             Length             Attributes
RAM              0x20000000         0x00020000         xrw
FLASH            0x08000000         0x00080000         xr
*default*        0x00000000         0xffffffff

Linker script and memory map

LOAD C:/ST/STM32CubeIDE_1.16.1/STM32CubeIDE/plugins/com.st.stm32cube.ide.mcu.externaltools.gnu-tools-for-stm32.12.3.rel1.win32_1.0.200.202406191623/tools/bin/../lib/gcc/arm-none-eabi/12.3.1/thumb/v7e-m+fp/hard/crti.o
LOAD C:/ST/STM32CubeIDE_1.16.1/STM32CubeIDE/plugins/com.st.stm32cube.ide.mcu.externaltools.gnu-tools-for-stm32.12.3.rel1.win32_1.0.200.202406191623/tools/bin/../lib/gcc/arm-none-eabi/12.3.1/thumb/v7e-m+fp/hard/crtbegin.o
LOAD C:/ST/STM32CubeIDE_1.16.1/STM32CubeIDE/plugins/com.st.stm32cube.ide.mcu.externaltools.gnu-tools-for-stm32.12.3.rel1.win32_1.0.200.202406191623/tools/bin/../lib/gcc/arm-none-eabi/12.3.1/../../../../arm-none-eabi/lib/thumb/v7e-m+fp/hard/crt0.o
LOAD ./Core/Src/main.o
LOAD ./Core/Src/stm32f4xx_hal_msp.o
LOAD ./Core/Src/stm32f4xx_it.o
LOAD ./Core/Src/syscalls.o
LOAD ./Core/Src/sysmem.o
LOAD ./Core/Src/system_stm32f4xx.o
LOAD ./Core/Startup/startup_stm32f411ceux.o
LOAD ./Drivers/STM32F4xx_HAL_Driver/Src/stm32f4xx_hal.o
LOAD ./Drivers/STM32F4xx_HAL_Driver/Src/stm32f4xx_hal_cortex.o
LOAD ./Drivers/STM32F4xx_HAL_Driver/Src/stm32f4xx_hal_dma.o
LOAD ./Drivers/STM32F4xx_HAL_Driver/Src/stm32f4xx_hal_dma_ex.o
LOAD ./Drivers/STM32F4xx_HAL_Driver/Src/stm32f4xx_hal_exti.o
LOAD ./Drivers/STM32F4xx_HAL_Driver/Src/stm32f4xx_hal_flash.o
LOAD ./Drivers/STM32F4xx_HAL_Driver/Src/stm32f4xx_hal_flash_ex.o
LOAD ./Drivers/STM32F4xx_HAL_Driver/Src/stm32f4xx_hal_flash_ramfunc.o
LOAD ./Drivers/STM32F4xx_HAL_Driver/Src/stm32f4xx_hal_gpio.o
LOAD ./Drivers/STM32F4xx_HAL_Driver/Src/stm32f4xx_hal_pcd.o
LOAD ./Drivers/STM32F4xx_HAL_Driver/Src/stm32f4xx_hal_pcd_ex.o
LOAD ./Drivers/STM32F4xx_HAL_Driver/Src/stm32f4xx_hal_pwr.o
LOAD ./Drivers/STM32F4xx_HAL_Driver/Src/stm32f4xx_hal_pwr_ex.o
LOAD ./Drivers/STM32F4xx_HAL_Driver/Src/stm32f4xx_hal_rcc.o
LOAD ./Drivers/STM32F4xx_HAL_Driver/Src/stm32f4xx_hal_rcc_ex.o
LOAD ./Drivers/STM32F4xx_HAL_Driver/Src/stm32f4xx_hal_tim.o
LOAD ./Drivers/STM32F4xx_HAL_Driver/Src/stm32f4xx_hal_tim_ex.o
LOAD ./Drivers/STM32F4xx_HAL_Driver/Src/stm32f4xx_ll_usb.o
LOAD ./Middlewares/ST/STM32_USB_Device_Library/Class/CDC/Src/usbd_cdc.o
LOAD ./Middlewares/ST/STM32_USB_Device_Library/Core/Src/usbd_core.o
LOAD ./Middlewares/ST/STM32_USB_Device_Library/Core/Src/usbd_ctlreq.o
LOAD ./Middlewares/ST/STM32_USB_Device_Library/Core/Src/usbd_ioreq.o
LOAD ./USB_DEVICE/App/usb_device.o
LOAD ./USB_DEVICE/App/usbd_cdc_if.o
LOAD ./USB_DEVICE/App/usbd_desc.o
LOAD ./USB_DEVICE/Target/usbd_conf.o
START GROUP
LOAD C:/ST/STM32CubeIDE_1.16.1/STM32CubeIDE/plugins/com.st.stm32cube.ide.mcu.externaltools.gnu-tools-for-stm32.12.3.rel1.win32_1.0.200.202406191623/tools/bin/../lib/gcc/arm-none-eabi/12.3.1/../../../../arm-none-eabi/lib/thumb/v7e-m+fp/hard\libc_nano.a
LOAD C:/ST/STM32CubeIDE_1.16.1/STM32CubeIDE/plugins/com.st.stm32cube.ide.mcu.externaltools.gnu-tools-for-stm32.12.3.rel1.win32_1.0.200.202406191623/tools/bin/../lib/gcc/arm-none-eabi/12.3.1/../../../../arm-none-eabi/lib/thumb/v7e-m+fp/hard\libm.a
END GROUP
START GROUP
LOAD C:/ST/STM32CubeIDE_1.16.1/STM32CubeIDE/plugins/com.st.stm32cube.ide.mcu.externaltools.gnu-tools-for-stm32.12.3.rel1.win32_1.0.200.202406191623/tools/bin/../lib/gcc/arm-none-eabi/12.3.1/thumb/v7e-m+fp/hard\libgcc.a
LOAD C:/ST/STM32CubeIDE_1.16.1/STM32CubeIDE/plugins/com.st.stm32cube.ide.mcu.externaltools.gnu-tools-for-stm32.12.3.rel1.win32_1.0.200.202406191623/tools/bin/../lib/gcc/arm-none-eabi/12.3.1/../../../../arm-none-eabi/lib/thumb/v7e-m+fp/hard\libc_nano.a
END GROUP
START GROUP
LOAD C:/ST/STM32CubeIDE_1.16.1/STM32CubeIDE/plugins/com.st.stm32cube.ide.mcu.externaltools.gnu-tools-for-stm32.12.3.rel1.win32_1.0.200.202406191623/tools/bin/../lib/gcc/arm-none-eabi/12.3.1/thumb/v7e-m+fp/hard\libgcc.a
LOAD C:/ST/STM32CubeIDE_1.16.1/STM32CubeIDE/plugins/com.st.stm32cube.ide.mcu.externaltools.gnu-tools-for-stm32.12.3.rel1.win32_1.0.200.202406191623/tools/bin/../lib/gcc/arm-none-eabi/12.3.1/../../../../arm-none-eabi/lib/thumb/v7e-m+fp/hard\libc_nano.a
LOAD C:/ST/STM32CubeIDE_1.16.1/STM32CubeIDE/plugins/com.st.stm32cube.ide.mcu.externaltools.gnu-tools-for-stm32.12.3.rel1.win32_1.0.200.202406191623/tools/bin/../lib/gcc/arm-none-eabi/12.3.1/../../../../arm-none-eabi/lib/thumb/v7e-m+fp/hard\libnosys.a
END GROUP
START GROUP
LOAD C:/ST/STM32CubeIDE_1.16.1/STM32CubeIDE/plugins/com.st.stm32cube.ide.mcu.externaltools.gnu-tools-for-stm32.12.3.rel1.win32_1.0.200.202406191623/tools/bin/../lib/gcc/arm-none-eabi/12.3.1/thumb/v7e-m+fp/hard\libgcc.a
LOAD C:/ST/STM32CubeIDE_1.16.1/STM32CubeIDE/plugins/com.st.stm32cube.ide.mcu.externaltools.gnu-tools-for-stm32.12.3.rel1.win32_1.0.200.202406191623/tools/bin/../lib/gcc/arm-none-eabi/12.3.1/../../../../arm-none-eabi/lib/thumb/v7e-m+fp/hard\libc_nano.a
LOAD C:/ST/STM32CubeIDE_1.16.1/STM32CubeIDE/plugins/com.st.stm32cube.ide.mcu.externaltools.gnu-tools-for-stm32.12.3.rel1.win32_1.0.200.202406191623/tools/bin/../lib/gcc/arm-none-eabi/12.3.1/../../../../arm-none-eabi/lib/thumb/v7e-m+fp/hard\libnosys.a
END GROUP
LOAD C:/ST/STM32CubeIDE_1.16.1/STM32CubeIDE/plugins/com.st.stm32cube.ide.mcu.externaltools.gnu-tools-for-stm32.12.3.rel1.win32_1.0.200.202406191623/tools/bin/../lib/gcc/arm-none-eabi/12.3.1/thumb/v7e-m+fp/hard/crtend.o
LOAD C:/ST/STM32CubeIDE_1.16.1/STM32CubeIDE/plugins/com.st.stm32cube.ide.mcu.externaltools.gnu-tools-for-stm32.12.3.rel1.win32_1.0.200.202406191623/tools/bin/../lib/gcc/arm-none-eabi/12.3.1/thumb/v7e-m+fp/hard/crtn.o
                0x20020000                        _estack = (ORIGIN (RAM) + LENGTH (RAM))
                0x00000200                        _Min_Heap_Size = 0x200
                0x00000400                        _Min_Stack_Size = 0x400

.isr_vector     0x08000000      0x198
                0x08000000                        . = ALIGN (0x4)
 *(.isr_vector)
 .isr_vector    0x08000000      0x198 ./Core/Startup/startup_stm32f411ceux.o
                0x08000000                g_pfnVectors
                0x08000198                        . = ALIGN (0x4)

.text           0x08000198     0x8098
                0x08000198                        . = ALIGN (0x4)
 *(.text)
 .text          0x08000198       0x40 C:/ST/STM32CubeIDE_1.16.1/STM32CubeIDE/plugins/com.st.stm32cube.ide.mcu.externaltools.gnu-tools-for-stm32.12.3.rel1.win32_1.0.200.202406191623/tools/bin/../lib/gcc/arm-none-eabi/12.3.1/thumb/v7e-m+fp/hard/crtbegin.o
 .text          0x080001d8       0x14 C:/ST/STM32CubeIDE_1.16.1/STM32CubeIDE/plugins/com.st.stm32cube.ide.mcu.externaltools.gnu-tools-for-stm32.12.3.rel1.win32_1.0.200.202406191623/tools/bin/../lib/gcc/arm-none-eabi/12.3.1/../../../../arm-none-eabi/lib/thumb/v7e-m+fp/hard\libc_nano.a(libc_a-strcmp.o)
                0x080001d8                strcmp
 .text          0x080001ec       0x30 C:/ST/STM32CubeIDE_1.16.1/STM32CubeIDE/plugins/com.st.stm32cube.ide.mcu.externaltools.gnu-tools-for-stm32.12.3.rel1.win32_1.0.200.202406191623/tools/bin/../lib/gcc/arm-none-eabi/12.3.1/thumb/v7e-m+fp/hard\libgcc.a(_aeabi_uldivmod.o)
                0x080001ec                __aeabi_uldivmod
 .text          0x0800021c      0x2bc C:/ST/STM32CubeIDE_1.16.1/STM32CubeIDE/plugins/com.st.stm32cube.ide.mcu.externaltools.gnu-tools-for-stm32.12.3.rel1.win32_1.0.200.202406191623/tools/bin/../lib/gcc/arm-none-eabi/12.3.1/thumb/v7e-m+fp/hard\libgcc.a(_udivmoddi4.o)
                0x0800021c                __udivmoddi4
 .text          0x080004d8        0x4 C:/ST/STM32CubeIDE_1.16.1/STM32CubeIDE/plugins/com.st.stm32cube.ide.mcu.externaltools.gnu-tools-for-stm32.12.3.rel1.win32_1.0.200.202406191623/tools/bin/../lib/gcc/arm-none-eabi/12.3.1/thumb/v7e-m+fp/hard\libgcc.a(_dvmd_tls.o)
                0x080004d8                __aeabi_idiv0
                0x080004d8                __aeabi_ldiv0
 *(.text*)
 .text.delay_us
                0x080004dc       0x48 ./Core/Src/main.o
                0x080004dc                delay_us
 .text.singleStep
                0x08000524       0x50 ./Core/Src/main.o
                0x08000524                singleStep
 .text.HAL_GPIO_EXTI_Callback
                0x08000574       0x7c ./Core/Src/main.o
                0x08000574                HAL_GPIO_EXTI_Callback
 .text.set_motor_speed_fw
                0x080005f0       0x3c ./Core/Src/main.o
                0x080005f0                set_motor_speed_fw
 .text.set_motor_speed_bw
                0x0800062c       0x40 ./Core/Src/main.o
                0x0800062c                set_motor_speed_bw
 .text.main     0x0800066c      0x190 ./Core/Src/main.o
                0x0800066c                main
 .text.SystemClock_Config
                0x080007fc       0xd0 ./Core/Src/main.o
                0x080007fc                SystemClock_Config
 .text.MX_TIM2_Init
                0x080008cc       0xb0 ./Core/Src/main.o
 .text.MX_TIM3_Init
                0x0800097c       0xb4 ./Core/Src/main.o
 .text.MX_GPIO_Init
                0x08000a30       0xec ./Core/Src/main.o
 .text.Error_Handler
                0x08000b1c        0xc ./Core/Src/main.o
                0x08000b1c                Error_Handler
 .text.HAL_MspInit
                0x08000b28       0x50 ./Core/Src/stm32f4xx_hal_msp.o
                0x08000b28                HAL_MspInit
 .text.HAL_TIM_PWM_MspInit
                0x08000b78       0x78 ./Core/Src/stm32f4xx_hal_msp.o
                0x08000b78                HAL_TIM_PWM_MspInit
 .text.HAL_TIM_MspPostInit
                0x08000bf0       0xbc ./Core/Src/stm32f4xx_hal_msp.o
                0x08000bf0                HAL_TIM_MspPostInit
 .text.NMI_Handler
                0x08000cac        0x8 ./Core/Src/stm32f4xx_it.o
                0x08000cac                NMI_Handler
 .text.HardFault_Handler
                0x08000cb4        0x8 ./Core/Src/stm32f4xx_it.o
                0x08000cb4                HardFault_Handler
 .text.MemManage_Handler
                0x08000cbc        0x8 ./Core/Src/stm32f4xx_it.o
                0x08000cbc                MemManage_Handler
 .text.BusFault_Handler
                0x08000cc4        0x8 ./Core/Src/stm32f4xx_it.o
                0x08000cc4                BusFault_Handler
 .text.UsageFault_Handler
                0x08000ccc        0x8 ./Core/Src/stm32f4xx_it.o
                0x08000ccc                UsageFault_Handler
 .text.SVC_Handler
                0x08000cd4        0xe ./Core/Src/stm32f4xx_it.o
                0x08000cd4                SVC_Handler
 .text.DebugMon_Handler
                0x08000ce2        0xe ./Core/Src/stm32f4xx_it.o
                0x08000ce2                DebugMon_Handler
 .text.PendSV_Handler
                0x08000cf0        0xe ./Core/Src/stm32f4xx_it.o
                0x08000cf0                PendSV_Handler
 .text.SysTick_Handler
                0x08000cfe        0xc ./Core/Src/stm32f4xx_it.o
                0x08000cfe                SysTick_Handler
 *fill*         0x08000d0a        0x2 
 .text.TIM3_IRQHandler
                0x08000d0c       0x14 ./Core/Src/stm32f4xx_it.o
                0x08000d0c                TIM3_IRQHandler
 .text.EXTI15_10_IRQHandler
                0x08000d20       0x18 ./Core/Src/stm32f4xx_it.o
                0x08000d20                EXTI15_10_IRQHandler
 .text.OTG_FS_IRQHandler
                0x08000d38       0x14 ./Core/Src/stm32f4xx_it.o
                0x08000d38                OTG_FS_IRQHandler
 .text.SystemInit
                0x08000d4c       0x24 ./Core/Src/system_stm32f4xx.o
                0x08000d4c                SystemInit
 .text.Reset_Handler
                0x08000d70       0x50 ./Core/Startup/startup_stm32f411ceux.o
                0x08000d70                Reset_Handler
 .text.Default_Handler
                0x08000dc0        0x2 ./Core/Startup/startup_stm32f411ceux.o
                0x08000dc0                RTC_Alarm_IRQHandler
                0x08000dc0                EXTI2_IRQHandler
                0x08000dc0                SPI4_IRQHandler
                0x08000dc0                TIM1_CC_IRQHandler
                0x08000dc0                DMA2_Stream5_IRQHandler
                0x08000dc0                DMA1_Stream5_IRQHandler
                0x08000dc0                PVD_IRQHandler
                0x08000dc0                SDIO_IRQHandler
                0x08000dc0                TAMP_STAMP_IRQHandler
                0x08000dc0                EXTI3_IRQHandler
                0x08000dc0                TIM1_UP_TIM10_IRQHandler
                0x08000dc0                I2C3_ER_IRQHandler
                0x08000dc0                EXTI0_IRQHandler
                0x08000dc0                I2C2_EV_IRQHandler
                0x08000dc0                DMA1_Stream2_IRQHandler
                0x08000dc0                FPU_IRQHandler
                0x08000dc0                DMA2_Stream2_IRQHandler
                0x08000dc0                SPI1_IRQHandler
                0x08000dc0                TIM1_BRK_TIM9_IRQHandler
                0x08000dc0                DMA2_Stream3_IRQHandler
                0x08000dc0                USART6_IRQHandler
                0x08000dc0                DMA2_Stream0_IRQHandler
                0x08000dc0                TIM4_IRQHandler
                0x08000dc0                I2C1_EV_IRQHandler
                0x08000dc0                DMA1_Stream6_IRQHandler
                0x08000dc0                DMA1_Stream1_IRQHandler
                0x08000dc0                RCC_IRQHandler
                0x08000dc0                Default_Handler
                0x08000dc0                ADC_IRQHandler
                0x08000dc0                DMA1_Stream7_IRQHandler
                0x08000dc0                SPI5_IRQHandler
                0x08000dc0                TIM5_IRQHandler
                0x08000dc0                DMA2_Stream7_IRQHandler
                0x08000dc0                I2C3_EV_IRQHandler
                0x08000dc0                EXTI9_5_IRQHandler
                0x08000dc0                RTC_WKUP_IRQHandler
                0x08000dc0                SPI2_IRQHandler
                0x08000dc0                DMA1_Stream0_IRQHandler
                0x08000dc0                EXTI4_IRQHandler
                0x08000dc0                WWDG_IRQHandler
                0x08000dc0                TIM2_IRQHandler
                0x08000dc0                OTG_FS_WKUP_IRQHandler
                0x08000dc0                TIM1_TRG_COM_TIM11_IRQHandler
                0x08000dc0                EXTI1_IRQHandler
                0x08000dc0                USART2_IRQHandler
                0x08000dc0                I2C2_ER_IRQHandler
                0x08000dc0                DMA2_Stream1_IRQHandler
                0x08000dc0                FLASH_IRQHandler
                0x08000dc0                DMA2_Stream4_IRQHandler
                0x08000dc0                USART1_IRQHandler
                0x08000dc0                SPI3_IRQHandler
                0x08000dc0                DMA1_Stream4_IRQHandler
                0x08000dc0                I2C1_ER_IRQHandler
                0x08000dc0                DMA2_Stream6_IRQHandler
                0x08000dc0                DMA1_Stream3_IRQHandler
 *fill*         0x08000dc2        0x2 
 .text.HAL_Init
                0x08000dc4       0x44 ./Drivers/STM32F4xx_HAL_Driver/Src/stm32f4xx_hal.o
                0x08000dc4                HAL_Init
 .text.HAL_InitTick
                0x08000e08       0x60 ./Drivers/STM32F4xx_HAL_Driver/Src/stm32f4xx_hal.o
                0x08000e08                HAL_InitTick
 .text.HAL_IncTick
                0x08000e68       0x28 ./Drivers/STM32F4xx_HAL_Driver/Src/stm32f4xx_hal.o
                0x08000e68                HAL_IncTick
 .text.HAL_GetTick
                0x08000e90       0x18 ./Drivers/STM32F4xx_HAL_Driver/Src/stm32f4xx_hal.o
                0x08000e90                HAL_GetTick
 .text.HAL_Delay
                0x08000ea8       0x48 ./Drivers/STM32F4xx_HAL_Driver/Src/stm32f4xx_hal.o
                0x08000ea8                HAL_Delay
 .text.__NVIC_SetPriorityGrouping
                0x08000ef0       0x48 ./Drivers/STM32F4xx_HAL_Driver/Src/stm32f4xx_hal_cortex.o
 .text.__NVIC_GetPriorityGrouping
                0x08000f38       0x1c ./Drivers/STM32F4xx_HAL_Driver/Src/stm32f4xx_hal_cortex.o
 .text.__NVIC_EnableIRQ
                0x08000f54       0x3c ./Drivers/STM32F4xx_HAL_Driver/Src/stm32f4xx_hal_cortex.o
 .text.__NVIC_SetPriority
                0x08000f90       0x54 ./Drivers/STM32F4xx_HAL_Driver/Src/stm32f4xx_hal_cortex.o
 .text.NVIC_EncodePriority
                0x08000fe4       0x66 ./Drivers/STM32F4xx_HAL_Driver/Src/stm32f4xx_hal_cortex.o
 *fill*         0x0800104a        0x2 
 .text.SysTick_Config
                0x0800104c       0x44 ./Drivers/STM32F4xx_HAL_Driver/Src/stm32f4xx_hal_cortex.o
 .text.HAL_NVIC_SetPriorityGrouping
                0x08001090       0x16 ./Drivers/STM32F4xx_HAL_Driver/Src/stm32f4xx_hal_cortex.o
                0x08001090                HAL_NVIC_SetPriorityGrouping
 .text.HAL_NVIC_SetPriority
                0x080010a6       0x38 ./Drivers/STM32F4xx_HAL_Driver/Src/stm32f4xx_hal_cortex.o
                0x080010a6                HAL_NVIC_SetPriority
 .text.HAL_NVIC_EnableIRQ
                0x080010de       0x1c ./Drivers/STM32F4xx_HAL_Driver/Src/stm32f4xx_hal_cortex.o
                0x080010de                HAL_NVIC_EnableIRQ
 .text.HAL_SYSTICK_Config
                0x080010fa       0x18 ./Drivers/STM32F4xx_HAL_Driver/Src/stm32f4xx_hal_cortex.o
                0x080010fa                HAL_SYSTICK_Config
 *fill*         0x08001112        0x2 
 .text.HAL_GPIO_Init
                0x08001114      0x308 ./Drivers/STM32F4xx_HAL_Driver/Src/stm32f4xx_hal_gpio.o
                0x08001114                HAL_GPIO_Init
 .text.HAL_GPIO_WritePin
                0x0800141c       0x32 ./Drivers/STM32F4xx_HAL_Driver/Src/stm32f4xx_hal_gpio.o
                0x0800141c                HAL_GPIO_WritePin
 *fill*         0x0800144e        0x2 
 .text.HAL_GPIO_EXTI_IRQHandler
                0x08001450       0x30 ./Drivers/STM32F4xx_HAL_Driver/Src/stm32f4xx_hal_gpio.o
                0x08001450                HAL_GPIO_EXTI_IRQHandler
 .text.HAL_PCD_Init
                0x08001480      0x21e ./Drivers/STM32F4xx_HAL_Driver/Src/stm32f4xx_hal_pcd.o
                0x08001480                HAL_PCD_Init
 .text.HAL_PCD_Start
                0x0800169e       0x6a ./Drivers/STM32F4xx_HAL_Driver/Src/stm32f4xx_hal_pcd.o
                0x0800169e                HAL_PCD_Start
 .text.HAL_PCD_IRQHandler
                0x08001708      0x942 ./Drivers/STM32F4xx_HAL_Driver/Src/stm32f4xx_hal_pcd.o
                0x08001708                HAL_PCD_IRQHandler
 .text.HAL_PCD_SetAddress
                0x0800204a       0x48 ./Drivers/STM32F4xx_HAL_Driver/Src/stm32f4xx_hal_pcd.o
                0x0800204a                HAL_PCD_SetAddress
 .text.HAL_PCD_EP_Open
                0x08002092       0xd4 ./Drivers/STM32F4xx_HAL_Driver/Src/stm32f4xx_hal_pcd.o
                0x08002092                HAL_PCD_EP_Open
 .text.HAL_PCD_EP_Close
                0x08002166       0x94 ./Drivers/STM32F4xx_HAL_Driver/Src/stm32f4xx_hal_pcd.o
                0x08002166                HAL_PCD_EP_Close
 .text.HAL_PCD_EP_Receive
                0x080021fa       0x76 ./Drivers/STM32F4xx_HAL_Driver/Src/stm32f4xx_hal_pcd.o
                0x080021fa                HAL_PCD_EP_Receive
 .text.HAL_PCD_EP_GetRxCount
                0x08002270       0x30 ./Drivers/STM32F4xx_HAL_Driver/Src/stm32f4xx_hal_pcd.o
                0x08002270                HAL_PCD_EP_GetRxCount
 .text.HAL_PCD_EP_Transmit
                0x080022a0       0x74 ./Drivers/STM32F4xx_HAL_Driver/Src/stm32f4xx_hal_pcd.o
                0x080022a0                HAL_PCD_EP_Transmit
 .text.HAL_PCD_EP_SetStall
                0x08002314       0xc6 ./Drivers/STM32F4xx_HAL_Driver/Src/stm32f4xx_hal_pcd.o
                0x08002314                HAL_PCD_EP_SetStall
 .text.HAL_PCD_EP_ClrStall
                0x080023da       0xac ./Drivers/STM32F4xx_HAL_Driver/Src/stm32f4xx_hal_pcd.o
                0x080023da                HAL_PCD_EP_ClrStall
 .text.HAL_PCD_EP_Abort
                0x08002486       0x62 ./Drivers/STM32F4xx_HAL_Driver/Src/stm32f4xx_hal_pcd.o
                0x08002486                HAL_PCD_EP_Abort
 .text.PCD_WriteEmptyTxFifo
                0x080024e8      0x118 ./Drivers/STM32F4xx_HAL_Driver/Src/stm32f4xx_hal_pcd.o
 .text.PCD_EP_OutXfrComplete_int
                0x08002600      0x1d0 ./Drivers/STM32F4xx_HAL_Driver/Src/stm32f4xx_hal_pcd.o
 .text.PCD_EP_OutSetupPacket_int
                0x080027d0       0x8c ./Drivers/STM32F4xx_HAL_Driver/Src/stm32f4xx_hal_pcd.o
 .text.HAL_PCDEx_SetTxFiFo
                0x0800285c       0x8e ./Drivers/STM32F4xx_HAL_Driver/Src/stm32f4xx_hal_pcd_ex.o
                0x0800285c                HAL_PCDEx_SetTxFiFo
 .text.HAL_PCDEx_SetRxFiFo
                0x080028ea       0x22 ./Drivers/STM32F4xx_HAL_Driver/Src/stm32f4xx_hal_pcd_ex.o
                0x080028ea                HAL_PCDEx_SetRxFiFo
 .text.HAL_PCDEx_LPM_Callback
                0x0800290c       0x18 ./Drivers/STM32F4xx_HAL_Driver/Src/stm32f4xx_hal_pcd_ex.o
                0x0800290c                HAL_PCDEx_LPM_Callback
 .text.HAL_RCC_OscConfig
                0x08002924      0x4f0 ./Drivers/STM32F4xx_HAL_Driver/Src/stm32f4xx_hal_rcc.o
                0x08002924                HAL_RCC_OscConfig
 .text.HAL_RCC_ClockConfig
                0x08002e14      0x1cc ./Drivers/STM32F4xx_HAL_Driver/Src/stm32f4xx_hal_rcc.o
                0x08002e14                HAL_RCC_ClockConfig
 .text.HAL_RCC_GetSysClockFreq
                0x08002fe0      0x18c ./Drivers/STM32F4xx_HAL_Driver/Src/stm32f4xx_hal_rcc.o
                0x08002fe0                HAL_RCC_GetSysClockFreq
 .text.HAL_RCC_GetHCLKFreq
                0x0800316c       0x18 ./Drivers/STM32F4xx_HAL_Driver/Src/stm32f4xx_hal_rcc.o
                0x0800316c                HAL_RCC_GetHCLKFreq
 .text.HAL_TIM_PWM_Init
                0x08003184       0x9e ./Drivers/STM32F4xx_HAL_Driver/Src/stm32f4xx_hal_tim.o
                0x08003184                HAL_TIM_PWM_Init
 *fill*         0x08003222        0x2 
 .text.HAL_TIM_PWM_Start
                0x08003224      0x160 ./Drivers/STM32F4xx_HAL_Driver/Src/stm32f4xx_hal_tim.o
                0x08003224                HAL_TIM_PWM_Start
 .text.HAL_TIM_IRQHandler
                0x08003384      0x1e0 ./Drivers/STM32F4xx_HAL_Driver/Src/stm32f4xx_hal_tim.o
                0x08003384                HAL_TIM_IRQHandler
 .text.HAL_TIM_PWM_ConfigChannel
                0x08003564      0x184 ./Drivers/STM32F4xx_HAL_Driver/Src/stm32f4xx_hal_tim.o
                0x08003564                HAL_TIM_PWM_ConfigChannel
 .text.HAL_TIM_PeriodElapsedCallback
                0x080036e8       0x14 ./Drivers/STM32F4xx_HAL_Driver/Src/stm32f4xx_hal_tim.o
                0x080036e8                HAL_TIM_PeriodElapsedCallback
 .text.HAL_TIM_OC_DelayElapsedCallback
                0x080036fc       0x14 ./Drivers/STM32F4xx_HAL_Driver/Src/stm32f4xx_hal_tim.o
                0x080036fc                HAL_TIM_OC_DelayElapsedCallback
 .text.HAL_TIM_IC_CaptureCallback
                0x08003710       0x14 ./Drivers/STM32F4xx_HAL_Driver/Src/stm32f4xx_hal_tim.o
                0x08003710                HAL_TIM_IC_CaptureCallback
 .text.HAL_TIM_PWM_PulseFinishedCallback
                0x08003724       0x14 ./Drivers/STM32F4xx_HAL_Driver/Src/stm32f4xx_hal_tim.o
                0x08003724                HAL_TIM_PWM_PulseFinishedCallback
 .text.HAL_TIM_TriggerCallback
                0x08003738       0x14 ./Drivers/STM32F4xx_HAL_Driver/Src/stm32f4xx_hal_tim.o
                0x08003738                HAL_TIM_TriggerCallback
 .text.TIM_Base_SetConfig
                0x0800374c      0x10c ./Drivers/STM32F4xx_HAL_Driver/Src/stm32f4xx_hal_tim.o
                0x0800374c                TIM_Base_SetConfig
 .text.TIM_OC1_SetConfig
                0x08003858       0xcc ./Drivers/STM32F4xx_HAL_Driver/Src/stm32f4xx_hal_tim.o
 .text.TIM_OC2_SetConfig
                0x08003924       0xd8 ./Drivers/STM32F4xx_HAL_Driver/Src/stm32f4xx_hal_tim.o
                0x08003924                TIM_OC2_SetConfig
 .text.TIM_OC3_SetConfig
                0x080039fc       0xd4 ./Drivers/STM32F4xx_HAL_Driver/Src/stm32f4xx_hal_tim.o
 .text.TIM_OC4_SetConfig
                0x08003ad0       0xa0 ./Drivers/STM32F4xx_HAL_Driver/Src/stm32f4xx_hal_tim.o
 .text.TIM_CCxChannelCmd
                0x08003b70       0x4a ./Drivers/STM32F4xx_HAL_Driver/Src/stm32f4xx_hal_tim.o
                0x08003b70                TIM_CCxChannelCmd
 *fill*         0x08003bba        0x2 
 .text.HAL_TIMEx_MasterConfigSynchronization
                0x08003bbc       0xdc ./Drivers/STM32F4xx_HAL_Driver/Src/stm32f4xx_hal_tim_ex.o
                0x08003bbc                HAL_TIMEx_MasterConfigSynchronization
 .text.HAL_TIMEx_CommutCallback
                0x08003c98       0x14 ./Drivers/STM32F4xx_HAL_Driver/Src/stm32f4xx_hal_tim_ex.o
                0x08003c98                HAL_TIMEx_CommutCallback
 .text.HAL_TIMEx_BreakCallback
                0x08003cac       0x14 ./Drivers/STM32F4xx_HAL_Driver/Src/stm32f4xx_hal_tim_ex.o
                0x08003cac                HAL_TIMEx_BreakCallback
 .text.USB_CoreInit
                0x08003cc0       0xc8 ./Drivers/STM32F4xx_HAL_Driver/Src/stm32f4xx_ll_usb.o
                0x08003cc0                USB_CoreInit
 .text.USB_SetTurnaroundTime
                0x08003d88      0x144 ./Drivers/STM32F4xx_HAL_Driver/Src/stm32f4xx_ll_usb.o
                0x08003d88                USB_SetTurnaroundTime
 .text.USB_EnableGlobalInt
                0x08003ecc       0x22 ./Drivers/STM32F4xx_HAL_Driver/Src/stm32f4xx_ll_usb.o
                0x08003ecc                USB_EnableGlobalInt
 .text.USB_DisableGlobalInt
                0x08003eee       0x22 ./Drivers/STM32F4xx_HAL_Driver/Src/stm32f4xx_ll_usb.o
                0x08003eee                USB_DisableGlobalInt
 .text.USB_SetCurrentMode
                0x08003f10       0x98 ./Drivers/STM32F4xx_HAL_Driver/Src/stm32f4xx_ll_usb.o
                0x08003f10                USB_SetCurrentMode
 .text.USB_DevInit
                0x08003fa8      0x2c8 ./Drivers/STM32F4xx_HAL_Driver/Src/stm32f4xx_ll_usb.o
                0x08003fa8                USB_DevInit
 .text.USB_FlushTxFifo
                0x08004270       0x64 ./Drivers/STM32F4xx_HAL_Driver/Src/stm32f4xx_ll_usb.o
                0x08004270                USB_FlushTxFifo
 .text.USB_FlushRxFifo
                0x080042d4       0x5c ./Drivers/STM32F4xx_HAL_Driver/Src/stm32f4xx_ll_usb.o
                0x080042d4                USB_FlushRxFifo
 .text.USB_SetDevSpeed
                0x08004330       0x32 ./Drivers/STM32F4xx_HAL_Driver/Src/stm32f4xx_ll_usb.o
                0x08004330                USB_SetDevSpeed
 .text.USB_GetDevSpeed
                0x08004362       0x4a ./Drivers/STM32F4xx_HAL_Driver/Src/stm32f4xx_ll_usb.o
                0x08004362                USB_GetDevSpeed
 .text.USB_ActivateEndpoint
                0x080043ac      0x10e ./Drivers/STM32F4xx_HAL_Driver/Src/stm32f4xx_ll_usb.o
                0x080043ac                USB_ActivateEndpoint
 *fill*         0x080044ba        0x2 
 .text.USB_DeactivateEndpoint
                0x080044bc      0x1b8 ./Drivers/STM32F4xx_HAL_Driver/Src/stm32f4xx_ll_usb.o
                0x080044bc                USB_DeactivateEndpoint
 .text.USB_EPStartXfer
                0x08004674      0x53c ./Drivers/STM32F4xx_HAL_Driver/Src/stm32f4xx_ll_usb.o
                0x08004674                USB_EPStartXfer
 .text.USB_EPStopXfer
                0x08004bb0      0x154 ./Drivers/STM32F4xx_HAL_Driver/Src/stm32f4xx_ll_usb.o
                0x08004bb0                USB_EPStopXfer
 .text.USB_WritePacket
                0x08004d04       0x7c ./Drivers/STM32F4xx_HAL_Driver/Src/stm32f4xx_ll_usb.o
                0x08004d04                USB_WritePacket
 .text.USB_ReadPacket
                0x08004d80       0xb0 ./Drivers/STM32F4xx_HAL_Driver/Src/stm32f4xx_ll_usb.o
                0x08004d80                USB_ReadPacket
 .text.USB_EPSetStall
                0x08004e30       0xdc ./Drivers/STM32F4xx_HAL_Driver/Src/stm32f4xx_ll_usb.o
                0x08004e30                USB_EPSetStall
 .text.USB_EPClearStall
                0x08004f0c       0xcc ./Drivers/STM32F4xx_HAL_Driver/Src/stm32f4xx_ll_usb.o
                0x08004f0c                USB_EPClearStall
 .text.USB_SetDevAddress
                0x08004fd8       0x4c ./Drivers/STM32F4xx_HAL_Driver/Src/stm32f4xx_ll_usb.o
                0x08004fd8                USB_SetDevAddress
 .text.USB_DevConnect
                0x08005024       0x42 ./Drivers/STM32F4xx_HAL_Driver/Src/stm32f4xx_ll_usb.o
                0x08005024                USB_DevConnect
 .text.USB_DevDisconnect
                0x08005066       0x42 ./Drivers/STM32F4xx_HAL_Driver/Src/stm32f4xx_ll_usb.o
                0x08005066                USB_DevDisconnect
 .text.USB_ReadInterrupts
                0x080050a8       0x26 ./Drivers/STM32F4xx_HAL_Driver/Src/stm32f4xx_ll_usb.o
                0x080050a8                USB_ReadInterrupts
 .text.USB_ReadDevAllOutEpInterrupt
                0x080050ce       0x34 ./Drivers/STM32F4xx_HAL_Driver/Src/stm32f4xx_ll_usb.o
                0x080050ce                USB_ReadDevAllOutEpInterrupt
 .text.USB_ReadDevAllInEpInterrupt
                0x08005102       0x34 ./Drivers/STM32F4xx_HAL_Driver/Src/stm32f4xx_ll_usb.o
                0x08005102                USB_ReadDevAllInEpInterrupt
 .text.USB_ReadDevOutEPInterrupt
                0x08005136       0x3c ./Drivers/STM32F4xx_HAL_Driver/Src/stm32f4xx_ll_usb.o
                0x08005136                USB_ReadDevOutEPInterrupt
 .text.USB_ReadDevInEPInterrupt
                0x08005172       0x5c ./Drivers/STM32F4xx_HAL_Driver/Src/stm32f4xx_ll_usb.o
                0x08005172                USB_ReadDevInEPInterrupt
 .text.USB_GetMode
                0x080051ce       0x1c ./Drivers/STM32F4xx_HAL_Driver/Src/stm32f4xx_ll_usb.o
                0x080051ce                USB_GetMode
 .text.USB_ActivateSetup
                0x080051ea       0x46 ./Drivers/STM32F4xx_HAL_Driver/Src/stm32f4xx_ll_usb.o
                0x080051ea                USB_ActivateSetup
 .text.USB_EP0_OutStart
                0x08005230       0xbc ./Drivers/STM32F4xx_HAL_Driver/Src/stm32f4xx_ll_usb.o
                0x08005230                USB_EP0_OutStart
 .text.USB_CoreReset
                0x080052ec       0x70 ./Drivers/STM32F4xx_HAL_Driver/Src/stm32f4xx_ll_usb.o
 .text.USBD_CDC_Init
                0x0800535c      0x1f0 ./Middlewares/ST/STM32_USB_Device_Library/Class/CDC/Src/usbd_cdc.o
 .text.USBD_CDC_DeInit
                0x0800554c      0x104 ./Middlewares/ST/STM32_USB_Device_Library/Class/CDC/Src/usbd_cdc.o
 .text.USBD_CDC_Setup
                0x08005650      0x1b8 ./Middlewares/ST/STM32_USB_Device_Library/Class/CDC/Src/usbd_cdc.o
 .text.USBD_CDC_DataIn
                0x08005808       0xfe ./Middlewares/ST/STM32_USB_Device_Library/Class/CDC/Src/usbd_cdc.o
 .text.USBD_CDC_DataOut
                0x08005906       0x70 ./Middlewares/ST/STM32_USB_Device_Library/Class/CDC/Src/usbd_cdc.o
 .text.USBD_CDC_EP0_RxReady
                0x08005976       0x74 ./Middlewares/ST/STM32_USB_Device_Library/Class/CDC/Src/usbd_cdc.o
 *fill*         0x080059ea        0x2 
 .text.USBD_CDC_GetFSCfgDesc
                0x080059ec       0x70 ./Middlewares/ST/STM32_USB_Device_Library/Class/CDC/Src/usbd_cdc.o
 .text.USBD_CDC_GetHSCfgDesc
                0x08005a5c       0x70 ./Middlewares/ST/STM32_USB_Device_Library/Class/CDC/Src/usbd_cdc.o
 .text.USBD_CDC_GetOtherSpeedCfgDesc
                0x08005acc       0x70 ./Middlewares/ST/STM32_USB_Device_Library/Class/CDC/Src/usbd_cdc.o
 .text.USBD_CDC_GetDeviceQualifierDescriptor
                0x08005b3c       0x20 ./Middlewares/ST/STM32_USB_Device_Library/Class/CDC/Src/usbd_cdc.o
                0x08005b3c                USBD_CDC_GetDeviceQualifierDescriptor
 .text.USBD_CDC_RegisterInterface
                0x08005b5c       0x34 ./Middlewares/ST/STM32_USB_Device_Library/Class/CDC/Src/usbd_cdc.o
                0x08005b5c                USBD_CDC_RegisterInterface
 .text.USBD_CDC_SetTxBuffer
                0x08005b90       0x44 ./Middlewares/ST/STM32_USB_Device_Library/Class/CDC/Src/usbd_cdc.o
                0x08005b90                USBD_CDC_SetTxBuffer
 .text.USBD_CDC_SetRxBuffer
                0x08005bd4       0x3a ./Middlewares/ST/STM32_USB_Device_Library/Class/CDC/Src/usbd_cdc.o
                0x08005bd4                USBD_CDC_SetRxBuffer
 *fill*         0x08005c0e        0x2 
 .text.USBD_CDC_TransmitPacket
                0x08005c10       0x80 ./Middlewares/ST/STM32_USB_Device_Library/Class/CDC/Src/usbd_cdc.o
                0x08005c10                USBD_CDC_TransmitPacket
 .text.USBD_CDC_ReceivePacket
                0x08005c90       0x6c ./Middlewares/ST/STM32_USB_Device_Library/Class/CDC/Src/usbd_cdc.o
                0x08005c90                USBD_CDC_ReceivePacket
 .text.USBD_Init
                0x08005cfc       0x60 ./Middlewares/ST/STM32_USB_Device_Library/Core/Src/usbd_core.o
                0x08005cfc                USBD_Init
 .text.USBD_RegisterClass
                0x08005d5c       0x6c ./Middlewares/ST/STM32_USB_Device_Library/Core/Src/usbd_core.o
                0x08005d5c                USBD_RegisterClass
 .text.USBD_Start
                0x08005dc8       0x18 ./Middlewares/ST/STM32_USB_Device_Library/Core/Src/usbd_core.o
                0x08005dc8                USBD_Start
 .text.USBD_RunTestMode
                0x08005de0       0x16 ./Middlewares/ST/STM32_USB_Device_Library/Core/Src/usbd_core.o
                0x08005de0                USBD_RunTestMode
 .text.USBD_SetClassConfig
                0x08005df6       0x38 ./Middlewares/ST/STM32_USB_Device_Library/Core/Src/usbd_core.o
                0x08005df6                USBD_SetClassConfig
 .text.USBD_ClrClassConfig
                0x08005e2e       0x34 ./Middlewares/ST/STM32_USB_Device_Library/Core/Src/usbd_core.o
                0x08005e2e                USBD_ClrClassConfig
 .text.USBD_LL_SetupStage
                0x08005e62       0xaa ./Middlewares/ST/STM32_USB_Device_Library/Core/Src/usbd_core.o
                0x08005e62                USBD_LL_SetupStage
 .text.USBD_LL_DataOutStage
                0x08005f0c      0x178 ./Middlewares/ST/STM32_USB_Device_Library/Core/Src/usbd_core.o
                0x08005f0c                USBD_LL_DataOutStage
 .text.USBD_LL_DataInStage
                0x08006084      0x176 ./Middlewares/ST/STM32_USB_Device_Library/Core/Src/usbd_core.o
                0x08006084                USBD_LL_DataInStage
 .text.USBD_LL_Reset
                0x080061fa       0xa6 ./Middlewares/ST/STM32_USB_Device_Library/Core/Src/usbd_core.o
                0x080061fa                USBD_LL_Reset
 .text.USBD_LL_SetSpeed
                0x080062a0       0x20 ./Middlewares/ST/STM32_USB_Device_Library/Core/Src/usbd_core.o
                0x080062a0                USBD_LL_SetSpeed
 .text.USBD_LL_Suspend
                0x080062c0       0x38 ./Middlewares/ST/STM32_USB_Device_Library/Core/Src/usbd_core.o
                0x080062c0                USBD_LL_Suspend
 .text.USBD_LL_Resume
                0x080062f8       0x30 ./Middlewares/ST/STM32_USB_Device_Library/Core/Src/usbd_core.o
                0x080062f8                USBD_LL_Resume
 .text.USBD_LL_SOF
                0x08006328       0x40 ./Middlewares/ST/STM32_USB_Device_Library/Core/Src/usbd_core.o
                0x08006328                USBD_LL_SOF
 .text.USBD_LL_IsoINIncomplete
                0x08006368       0x64 ./Middlewares/ST/STM32_USB_Device_Library/Core/Src/usbd_core.o
                0x08006368                USBD_LL_IsoINIncomplete
 .text.USBD_LL_IsoOUTIncomplete
                0x080063cc       0x64 ./Middlewares/ST/STM32_USB_Device_Library/Core/Src/usbd_core.o
                0x080063cc                USBD_LL_IsoOUTIncomplete
 .text.USBD_LL_DevConnected
                0x08006430       0x16 ./Middlewares/ST/STM32_USB_Device_Library/Core/Src/usbd_core.o
                0x08006430                USBD_LL_DevConnected
 .text.USBD_LL_DevDisconnected
                0x08006446       0x46 ./Middlewares/ST/STM32_USB_Device_Library/Core/Src/usbd_core.o
                0x08006446                USBD_LL_DevDisconnected
 .text.USBD_CoreFindIF
                0x0800648c       0x1a ./Middlewares/ST/STM32_USB_Device_Library/Core/Src/usbd_core.o
                0x0800648c                USBD_CoreFindIF
 .text.USBD_CoreFindEP
                0x080064a6       0x1a ./Middlewares/ST/STM32_USB_Device_Library/Core/Src/usbd_core.o
                0x080064a6                USBD_CoreFindEP
 .text.USBD_GetEpDesc
                0x080064c0       0x70 ./Middlewares/ST/STM32_USB_Device_Library/Core/Src/usbd_core.o
                0x080064c0                USBD_GetEpDesc
 .text.USBD_GetNextDesc
                0x08006530       0x38 ./Middlewares/ST/STM32_USB_Device_Library/Core/Src/usbd_core.o
                0x08006530                USBD_GetNextDesc
 .text.SWAPBYTE
                0x08006568       0x3c ./Middlewares/ST/STM32_USB_Device_Library/Core/Src/usbd_ctlreq.o
 .text.USBD_StdDevReq
                0x080065a4       0xe4 ./Middlewares/ST/STM32_USB_Device_Library/Core/Src/usbd_ctlreq.o
                0x080065a4                USBD_StdDevReq
 .text.USBD_StdItfReq
                0x08006688       0xd8 ./Middlewares/ST/STM32_USB_Device_Library/Core/Src/usbd_ctlreq.o
                0x08006688                USBD_StdItfReq
 .text.USBD_StdEPReq
                0x08006760      0x33e ./Middlewares/ST/STM32_USB_Device_Library/Core/Src/usbd_ctlreq.o
                0x08006760                USBD_StdEPReq
 *fill*         0x08006a9e        0x2 
 .text.USBD_GetDescriptor
                0x08006aa0      0x2d4 ./Middlewares/ST/STM32_USB_Device_Library/Core/Src/usbd_ctlreq.o
 .text.USBD_SetAddress
                0x08006d74       0x88 ./Middlewares/ST/STM32_USB_Device_Library/Core/Src/usbd_ctlreq.o
 .text.USBD_SetConfig
                0x08006dfc      0x154 ./Middlewares/ST/STM32_USB_Device_Library/Core/Src/usbd_ctlreq.o
 .text.USBD_GetConfig
                0x08006f50       0x6c ./Middlewares/ST/STM32_USB_Device_Library/Core/Src/usbd_ctlreq.o
 .text.USBD_GetStatus
                0x08006fbc       0x68 ./Middlewares/ST/STM32_USB_Device_Library/Core/Src/usbd_ctlreq.o
 .text.USBD_SetFeature
                0x08007024       0x52 ./Middlewares/ST/STM32_USB_Device_Library/Core/Src/usbd_ctlreq.o
 .text.USBD_ClrFeature
                0x08007076       0x44 ./Middlewares/ST/STM32_USB_Device_Library/Core/Src/usbd_ctlreq.o
 .text.USBD_ParseSetupRequest
                0x080070ba       0x74 ./Middlewares/ST/STM32_USB_Device_Library/Core/Src/usbd_ctlreq.o
                0x080070ba                USBD_ParseSetupRequest
 .text.USBD_CtlError
                0x0800712e       0x22 ./Middlewares/ST/STM32_USB_Device_Library/Core/Src/usbd_ctlreq.o
                0x0800712e                USBD_CtlError
 .text.USBD_GetString
                0x08007150       0xa4 ./Middlewares/ST/STM32_USB_Device_Library/Core/Src/usbd_ctlreq.o
                0x08007150                USBD_GetString
 .text.USBD_GetLen
                0x080071f4       0x34 ./Middlewares/ST/STM32_USB_Device_Library/Core/Src/usbd_ctlreq.o
 .text.USBD_CtlSendData
                0x08007228       0x3c ./Middlewares/ST/STM32_USB_Device_Library/Core/Src/usbd_ioreq.o
                0x08007228                USBD_CtlSendData
 .text.USBD_CtlContinueSendData
                0x08007264       0x22 ./Middlewares/ST/STM32_USB_Device_Library/Core/Src/usbd_ioreq.o
                0x08007264                USBD_CtlContinueSendData
 .text.USBD_CtlPrepareRx
                0x08007286       0x42 ./Middlewares/ST/STM32_USB_Device_Library/Core/Src/usbd_ioreq.o
                0x08007286                USBD_CtlPrepareRx
 .text.USBD_CtlContinueRx
                0x080072c8       0x22 ./Middlewares/ST/STM32_USB_Device_Library/Core/Src/usbd_ioreq.o
                0x080072c8                USBD_CtlContinueRx
 .text.USBD_CtlSendStatus
                0x080072ea       0x26 ./Middlewares/ST/STM32_USB_Device_Library/Core/Src/usbd_ioreq.o
                0x080072ea                USBD_CtlSendStatus
 .text.USBD_CtlReceiveStatus
                0x08007310       0x26 ./Middlewares/ST/STM32_USB_Device_Library/Core/Src/usbd_ioreq.o
                0x08007310                USBD_CtlReceiveStatus
 *fill*         0x08007336        0x2 
 .text.MX_USB_DEVICE_Init
                0x08007338       0x60 ./USB_DEVICE/App/usb_device.o
                0x08007338                MX_USB_DEVICE_Init
 .text.CDC_Init_FS
                0x08007398       0x28 ./USB_DEVICE/App/usbd_cdc_if.o
 .text.CDC_DeInit_FS
                0x080073c0       0x10 ./USB_DEVICE/App/usbd_cdc_if.o
 .text.CDC_Control_FS
                0x080073d0       0xbc ./USB_DEVICE/App/usbd_cdc_if.o
 .text.CDC_Receive_FS
                0x0800748c      0x328 ./USB_DEVICE/App/usbd_cdc_if.o
 .text.CDC_Transmit_FS
                0x080077b4       0x4c ./USB_DEVICE/App/usbd_cdc_if.o
                0x080077b4                CDC_Transmit_FS
 .text.CDC_TransmitCplt_FS
                0x08007800       0x22 ./USB_DEVICE/App/usbd_cdc_if.o
 *fill*         0x08007822        0x2 
 .text.USBD_FS_DeviceDescriptor
                0x08007824       0x24 ./USB_DEVICE/App/usbd_desc.o
                0x08007824                USBD_FS_DeviceDescriptor
 .text.USBD_FS_LangIDStrDescriptor
                0x08007848       0x24 ./USB_DEVICE/App/usbd_desc.o
                0x08007848                USBD_FS_LangIDStrDescriptor
 .text.USBD_FS_ProductStrDescriptor
                0x0800786c       0x3c ./USB_DEVICE/App/usbd_desc.o
                0x0800786c                USBD_FS_ProductStrDescriptor
 .text.USBD_FS_ManufacturerStrDescriptor
                0x080078a8       0x28 ./USB_DEVICE/App/usbd_desc.o
                0x080078a8                USBD_FS_ManufacturerStrDescriptor
 .text.USBD_FS_SerialStrDescriptor
                0x080078d0       0x24 ./USB_DEVICE/App/usbd_desc.o
                0x080078d0                USBD_FS_SerialStrDescriptor
 .text.USBD_FS_ConfigStrDescriptor
                0x080078f4       0x3c ./USB_DEVICE/App/usbd_desc.o
                0x080078f4                USBD_FS_ConfigStrDescriptor
 .text.USBD_FS_InterfaceStrDescriptor
                0x08007930       0x3c ./USB_DEVICE/App/usbd_desc.o
                0x08007930                USBD_FS_InterfaceStrDescriptor
 .text.Get_SerialNum
                0x0800796c       0x58 ./USB_DEVICE/App/usbd_desc.o
 .text.IntToUnicode
                0x080079c4       0x7e ./USB_DEVICE/App/usbd_desc.o
 *fill*         0x08007a42        0x2 
 .text.HAL_PCD_MspInit
                0x08007a44       0xa8 ./USB_DEVICE/Target/usbd_conf.o
                0x08007a44                HAL_PCD_MspInit
 .text.HAL_PCD_SetupStageCallback
                0x08007aec       0x24 ./USB_DEVICE/Target/usbd_conf.o
                0x08007aec                HAL_PCD_SetupStageCallback
 .text.HAL_PCD_DataOutStageCallback
                0x08007b10       0x36 ./USB_DEVICE/Target/usbd_conf.o
                0x08007b10                HAL_PCD_DataOutStageCallback
 .text.HAL_PCD_DataInStageCallback
                0x08007b46       0x34 ./USB_DEVICE/Target/usbd_conf.o
                0x08007b46                HAL_PCD_DataInStageCallback
 .text.HAL_PCD_SOFCallback
                0x08007b7a       0x1c ./USB_DEVICE/Target/usbd_conf.o
                0x08007b7a                HAL_PCD_SOFCallback
 .text.HAL_PCD_ResetCallback
                0x08007b96       0x3c ./USB_DEVICE/Target/usbd_conf.o
                0x08007b96                HAL_PCD_ResetCallback
 *fill*         0x08007bd2        0x2 
 .text.HAL_PCD_SuspendCallback
                0x08007bd4       0x4c ./USB_DEVICE/Target/usbd_conf.o
                0x08007bd4                HAL_PCD_SuspendCallback
 .text.HAL_PCD_ResumeCallback
                0x08007c20       0x1c ./USB_DEVICE/Target/usbd_conf.o
                0x08007c20                HAL_PCD_ResumeCallback
 .text.HAL_PCD_ISOOUTIncompleteCallback
                0x08007c3c       0x24 ./USB_DEVICE/Target/usbd_conf.o
                0x08007c3c                HAL_PCD_ISOOUTIncompleteCallback
 .text.HAL_PCD_ISOINIncompleteCallback
                0x08007c60       0x24 ./USB_DEVICE/Target/usbd_conf.o
                0x08007c60                HAL_PCD_ISOINIncompleteCallback
 .text.HAL_PCD_ConnectCallback
                0x08007c84       0x1c ./USB_DEVICE/Target/usbd_conf.o
                0x08007c84                HAL_PCD_ConnectCallback
 .text.HAL_PCD_DisconnectCallback
                0x08007ca0       0x1c ./USB_DEVICE/Target/usbd_conf.o
                0x08007ca0                HAL_PCD_DisconnectCallback
 .text.USBD_LL_Init
                0x08007cbc       0x98 ./USB_DEVICE/Target/usbd_conf.o
                0x08007cbc                USBD_LL_Init
 .text.USBD_LL_Start
                0x08007d54       0x36 ./USB_DEVICE/Target/usbd_conf.o
                0x08007d54                USBD_LL_Start
 .text.USBD_LL_OpenEP
                0x08007d8a       0x4c ./USB_DEVICE/Target/usbd_conf.o
                0x08007d8a                USBD_LL_OpenEP
 .text.USBD_LL_CloseEP
                0x08007dd6       0x3e ./USB_DEVICE/Target/usbd_conf.o
                0x08007dd6                USBD_LL_CloseEP
 .text.USBD_LL_StallEP
                0x08007e14       0x3e ./USB_DEVICE/Target/usbd_conf.o
                0x08007e14                USBD_LL_StallEP
 .text.USBD_LL_ClearStallEP
                0x08007e52       0x3e ./USB_DEVICE/Target/usbd_conf.o
                0x08007e52                USBD_LL_ClearStallEP
 .text.USBD_LL_IsStallEP
                0x08007e90       0x58 ./USB_DEVICE/Target/usbd_conf.o
                0x08007e90                USBD_LL_IsStallEP
 .text.USBD_LL_SetUSBAddress
                0x08007ee8       0x3e ./USB_DEVICE/Target/usbd_conf.o
                0x08007ee8                USBD_LL_SetUSBAddress
 .text.USBD_LL_Transmit
                0x08007f26       0x42 ./USB_DEVICE/Target/usbd_conf.o
                0x08007f26                USBD_LL_Transmit
 .text.USBD_LL_PrepareReceive
                0x08007f68       0x42 ./USB_DEVICE/Target/usbd_conf.o
                0x08007f68                USBD_LL_PrepareReceive
 .text.USBD_LL_GetRxDataSize
                0x08007faa       0x26 ./USB_DEVICE/Target/usbd_conf.o
                0x08007faa                USBD_LL_GetRxDataSize
 .text.USBD_static_malloc
                0x08007fd0       0x1c ./USB_DEVICE/Target/usbd_conf.o
                0x08007fd0                USBD_static_malloc
 .text.USBD_static_free
                0x08007fec       0x14 ./USB_DEVICE/Target/usbd_conf.o
                0x08007fec                USBD_static_free
 .text.USBD_Get_USB_Status
                0x08008000       0x58 ./USB_DEVICE/Target/usbd_conf.o
                0x08008000                USBD_Get_USB_Status
 .text.atoi     0x08008058        0x8 C:/ST/STM32CubeIDE_1.16.1/STM32CubeIDE/plugins/com.st.stm32cube.ide.mcu.externaltools.gnu-tools-for-stm32.12.3.rel1.win32_1.0.200.202406191623/tools/bin/../lib/gcc/arm-none-eabi/12.3.1/../../../../arm-none-eabi/lib/thumb/v7e-m+fp/hard\libc_nano.a(libc_a-atoi.o)
                0x08008058                atoi
 .text._strtol_l.constprop.0
                0x08008060       0xf4 C:/ST/STM32CubeIDE_1.16.1/STM32CubeIDE/plugins/com.st.stm32cube.ide.mcu.externaltools.gnu-tools-for-stm32.12.3.rel1.win32_1.0.200.202406191623/tools/bin/../lib/gcc/arm-none-eabi/12.3.1/../../../../arm-none-eabi/lib/thumb/v7e-m+fp/hard\libc_nano.a(libc_a-strtol.o)
 .text.strtol   0x08008154       0x14 C:/ST/STM32CubeIDE_1.16.1/STM32CubeIDE/plugins/com.st.stm32cube.ide.mcu.externaltools.gnu-tools-for-stm32.12.3.rel1.win32_1.0.200.202406191623/tools/bin/../lib/gcc/arm-none-eabi/12.3.1/../../../../arm-none-eabi/lib/thumb/v7e-m+fp/hard\libc_nano.a(libc_a-strtol.o)
                0x08008154                strtol
 .text.memset   0x08008168       0x10 C:/ST/STM32CubeIDE_1.16.1/STM32CubeIDE/plugins/com.st.stm32cube.ide.mcu.externaltools.gnu-tools-for-stm32.12.3.rel1.win32_1.0.200.202406191623/tools/bin/../lib/gcc/arm-none-eabi/12.3.1/../../../../arm-none-eabi/lib/thumb/v7e-m+fp/hard\libc_nano.a(libc_a-memset.o)
                0x08008168                memset
 .text.strncmp  0x08008178       0x24 C:/ST/STM32CubeIDE_1.16.1/STM32CubeIDE/plugins/com.st.stm32cube.ide.mcu.externaltools.gnu-tools-for-stm32.12.3.rel1.win32_1.0.200.202406191623/tools/bin/../lib/gcc/arm-none-eabi/12.3.1/../../../../arm-none-eabi/lib/thumb/v7e-m+fp/hard\libc_nano.a(libc_a-strncmp.o)
                0x08008178                strncmp
 .text.strncpy  0x0800819c       0x26 C:/ST/STM32CubeIDE_1.16.1/STM32CubeIDE/plugins/com.st.stm32cube.ide.mcu.externaltools.gnu-tools-for-stm32.12.3.rel1.win32_1.0.200.202406191623/tools/bin/../lib/gcc/arm-none-eabi/12.3.1/../../../../arm-none-eabi/lib/thumb/v7e-m+fp/hard\libc_nano.a(libc_a-strncpy.o)
                0x0800819c                strncpy
 *fill*         0x080081c2        0x2 
 .text.__errno  0x080081c4        0xc C:/ST/STM32CubeIDE_1.16.1/STM32CubeIDE/plugins/com.st.stm32cube.ide.mcu.externaltools.gnu-tools-for-stm32.12.3.rel1.win32_1.0.200.202406191623/tools/bin/../lib/gcc/arm-none-eabi/12.3.1/../../../../arm-none-eabi/lib/thumb/v7e-m+fp/hard\libc_nano.a(libc_a-errno.o)
                0x080081c4                __errno
 .text.__libc_init_array
                0x080081d0       0x48 C:/ST/STM32CubeIDE_1.16.1/STM32CubeIDE/plugins/com.st.stm32cube.ide.mcu.externaltools.gnu-tools-for-stm32.12.3.rel1.win32_1.0.200.202406191623/tools/bin/../lib/gcc/arm-none-eabi/12.3.1/../../../../arm-none-eabi/lib/thumb/v7e-m+fp/hard\libc_nano.a(libc_a-init.o)
                0x080081d0                __libc_init_array
 *(.glue_7)
 .glue_7        0x08008218        0x0 linker stubs
 *(.glue_7t)
 .glue_7t       0x08008218        0x0 linker stubs
 *(.eh_frame)
 .eh_frame      0x08008218        0x0 C:/ST/STM32CubeIDE_1.16.1/STM32CubeIDE/plugins/com.st.stm32cube.ide.mcu.externaltools.gnu-tools-for-stm32.12.3.rel1.win32_1.0.200.202406191623/tools/bin/../lib/gcc/arm-none-eabi/12.3.1/thumb/v7e-m+fp/hard/crtbegin.o
 *(.init)
 .init          0x08008218        0x4 C:/ST/STM32CubeIDE_1.16.1/STM32CubeIDE/plugins/com.st.stm32cube.ide.mcu.externaltools.gnu-tools-for-stm32.12.3.rel1.win32_1.0.200.202406191623/tools/bin/../lib/gcc/arm-none-eabi/12.3.1/thumb/v7e-m+fp/hard/crti.o
                0x08008218                _init
 .init          0x0800821c        0x8 C:/ST/STM32CubeIDE_1.16.1/STM32CubeIDE/plugins/com.st.stm32cube.ide.mcu.externaltools.gnu-tools-for-stm32.12.3.rel1.win32_1.0.200.202406191623/tools/bin/../lib/gcc/arm-none-eabi/12.3.1/thumb/v7e-m+fp/hard/crtn.o
 *(.fini)
 .fini          0x08008224        0x4 C:/ST/STM32CubeIDE_1.16.1/STM32CubeIDE/plugins/com.st.stm32cube.ide.mcu.externaltools.gnu-tools-for-stm32.12.3.rel1.win32_1.0.200.202406191623/tools/bin/../lib/gcc/arm-none-eabi/12.3.1/thumb/v7e-m+fp/hard/crti.o
                0x08008224                _fini
 .fini          0x08008228        0x8 C:/ST/STM32CubeIDE_1.16.1/STM32CubeIDE/plugins/com.st.stm32cube.ide.mcu.externaltools.gnu-tools-for-stm32.12.3.rel1.win32_1.0.200.202406191623/tools/bin/../lib/gcc/arm-none-eabi/12.3.1/thumb/v7e-m+fp/hard/crtn.o
                0x08008230                        . = ALIGN (0x4)
                0x08008230                        _etext = .

.vfp11_veneer   0x08008230        0x0
 .vfp11_veneer  0x08008230        0x0 linker stubs

.v4_bx          0x08008230        0x0
 .v4_bx         0x08008230        0x0 linker stubs

.iplt           0x08008230        0x0
 .iplt          0x08008230        0x0 C:/ST/STM32CubeIDE_1.16.1/STM32CubeIDE/plugins/com.st.stm32cube.ide.mcu.externaltools.gnu-tools-for-stm32.12.3.rel1.win32_1.0.200.202406191623/tools/bin/../lib/gcc/arm-none-eabi/12.3.1/thumb/v7e-m+fp/hard/crtbegin.o

.rodata         0x08008230      0x260
                0x08008230                        . = ALIGN (0x4)
 *(.rodata)
 .rodata        0x08008230      0x101 ./USB_DEVICE/App/usbd_cdc_if.o
 *fill*         0x08008331        0x3 
 .rodata        0x08008334       0x46 ./USB_DEVICE/App/usbd_desc.o
 *(.rodata*)
 *fill*         0x0800837a        0x2 
 .rodata.AHBPrescTable
                0x0800837c       0x10 ./Core/Src/system_stm32f4xx.o
                0x0800837c                AHBPrescTable
 .rodata._ctype_
                0x0800838c      0x101 C:/ST/STM32CubeIDE_1.16.1/STM32CubeIDE/plugins/com.st.stm32cube.ide.mcu.externaltools.gnu-tools-for-stm32.12.3.rel1.win32_1.0.200.202406191623/tools/bin/../lib/gcc/arm-none-eabi/12.3.1/../../../../arm-none-eabi/lib/thumb/v7e-m+fp/hard\libc_nano.a(libc_a-ctype_.o)
                0x0800838c                _ctype_
                0x08008490                        . = ALIGN (0x4)
 *fill*         0x0800848d        0x3 

.ARM.extab      0x08008490        0x0
                0x08008490                        . = ALIGN (0x4)
 *(.ARM.extab* .gnu.linkonce.armextab.*)
                0x08008490                        . = ALIGN (0x4)

.ARM            0x08008490        0x8
                0x08008490                        . = ALIGN (0x4)
                0x08008490                        __exidx_start = .
 *(.ARM.exidx*)
 .ARM.exidx     0x08008490        0x8 C:/ST/STM32CubeIDE_1.16.1/STM32CubeIDE/plugins/com.st.stm32cube.ide.mcu.externaltools.gnu-tools-for-stm32.12.3.rel1.win32_1.0.200.202406191623/tools/bin/../lib/gcc/arm-none-eabi/12.3.1/../../../../arm-none-eabi/lib/thumb/v7e-m+fp/hard\libc_nano.a(libc_a-strcmp.o)
 .ARM.exidx     0x08008498        0x0 C:/ST/STM32CubeIDE_1.16.1/STM32CubeIDE/plugins/com.st.stm32cube.ide.mcu.externaltools.gnu-tools-for-stm32.12.3.rel1.win32_1.0.200.202406191623/tools/bin/../lib/gcc/arm-none-eabi/12.3.1/thumb/v7e-m+fp/hard\libgcc.a(_udivmoddi4.o)
                                  0x8 (size before relaxing)
                0x08008498                        __exidx_end = .
                0x08008498                        . = ALIGN (0x4)

.preinit_array  0x08008498        0x0
                0x08008498                        . = ALIGN (0x4)
                0x08008498                        PROVIDE (__preinit_array_start = .)
 *(.preinit_array*)
                0x08008498                        PROVIDE (__preinit_array_end = .)
                0x08008498                        . = ALIGN (0x4)

.init_array     0x08008498        0x4
                0x08008498                        . = ALIGN (0x4)
                0x08008498                        PROVIDE (__init_array_start = .)
 *(SORT_BY_NAME(.init_array.*))
 *(.init_array*)
 .init_array    0x08008498        0x4 C:/ST/STM32CubeIDE_1.16.1/STM32CubeIDE/plugins/com.st.stm32cube.ide.mcu.externaltools.gnu-tools-for-stm32.12.3.rel1.win32_1.0.200.202406191623/tools/bin/../lib/gcc/arm-none-eabi/12.3.1/thumb/v7e-m+fp/hard/crtbegin.o
                0x0800849c                        PROVIDE (__init_array_end = .)
                0x0800849c                        . = ALIGN (0x4)

.fini_array     0x0800849c        0x4
                0x0800849c                        . = ALIGN (0x4)
                [!provide]                        PROVIDE (__fini_array_start = .)
 *(SORT_BY_NAME(.fini_array.*))
 *(.fini_array*)
 .fini_array    0x0800849c        0x4 C:/ST/STM32CubeIDE_1.16.1/STM32CubeIDE/plugins/com.st.stm32cube.ide.mcu.externaltools.gnu-tools-for-stm32.12.3.rel1.win32_1.0.200.202406191623/tools/bin/../lib/gcc/arm-none-eabi/12.3.1/thumb/v7e-m+fp/hard/crtbegin.o
                [!provide]                        PROVIDE (__fini_array_end = .)
                0x080084a0                        . = ALIGN (0x4)
                0x080084a0                        _sidata = LOADADDR (.data)

.rel.dyn        0x080084a0        0x0
 .rel.iplt      0x080084a0        0x0 C:/ST/STM32CubeIDE_1.16.1/STM32CubeIDE/plugins/com.st.stm32cube.ide.mcu.externaltools.gnu-tools-for-stm32.12.3.rel1.win32_1.0.200.202406191623/tools/bin/../lib/gcc/arm-none-eabi/12.3.1/thumb/v7e-m+fp/hard/crtbegin.o

.data           0x20000000      0x158 load address 0x080084a0
                0x20000000                        . = ALIGN (0x4)
                0x20000000                        _sdata = .
 *(.data)
 *(.data*)
 .data.fw_bw    0x20000000        0x4 ./Core/Src/main.o
                0x20000000                fw_bw
 .data.stop     0x20000004        0x4 ./Core/Src/main.o
                0x20000004                stop
 .data.direction
                0x20000008        0x4 ./Core/Src/main.o
                0x20000008                direction
 .data.SystemCoreClock
                0x2000000c        0x4 ./Core/Src/system_stm32f4xx.o
                0x2000000c                SystemCoreClock
 .data.uwTickPrio
                0x20000010        0x4 ./Drivers/STM32F4xx_HAL_Driver/Src/stm32f4xx_hal.o
                0x20000010                uwTickPrio
 .data.uwTickFreq
                0x20000014        0x1 ./Drivers/STM32F4xx_HAL_Driver/Src/stm32f4xx_hal.o
                0x20000014                uwTickFreq
 *fill*         0x20000015        0x3 
 .data.USBD_CDC_DeviceQualifierDesc
                0x20000018        0xa ./Middlewares/ST/STM32_USB_Device_Library/Class/CDC/Src/usbd_cdc.o
 *fill*         0x20000022        0x2 
 .data.USBD_CDC
                0x20000024       0x38 ./Middlewares/ST/STM32_USB_Device_Library/Class/CDC/Src/usbd_cdc.o
                0x20000024                USBD_CDC
 .data.USBD_CDC_CfgDesc
                0x2000005c       0x43 ./Middlewares/ST/STM32_USB_Device_Library/Class/CDC/Src/usbd_cdc.o
 .data.CDCInEpAdd
                0x2000009f        0x1 ./Middlewares/ST/STM32_USB_Device_Library/Class/CDC/Src/usbd_cdc.o
 .data.CDCOutEpAdd
                0x200000a0        0x1 ./Middlewares/ST/STM32_USB_Device_Library/Class/CDC/Src/usbd_cdc.o
 .data.CDCCmdEpAdd
                0x200000a1        0x1 ./Middlewares/ST/STM32_USB_Device_Library/Class/CDC/Src/usbd_cdc.o
 *fill*         0x200000a2        0x2 
 .data.USBD_Interface_fops_FS
                0x200000a4       0x14 ./USB_DEVICE/App/usbd_cdc_if.o
                0x200000a4                USBD_Interface_fops_FS
 .data.FS_Desc  0x200000b8       0x1c ./USB_DEVICE/App/usbd_desc.o
                0x200000b8                FS_Desc
 .data.USBD_FS_DeviceDesc
                0x200000d4       0x12 ./USB_DEVICE/App/usbd_desc.o
                0x200000d4                USBD_FS_DeviceDesc
 *fill*         0x200000e6        0x2 
 .data.USBD_LangIDDesc
                0x200000e8        0x4 ./USB_DEVICE/App/usbd_desc.o
                0x200000e8                USBD_LangIDDesc
 .data.USBD_StringSerial
                0x200000ec       0x1a ./USB_DEVICE/App/usbd_desc.o
                0x200000ec                USBD_StringSerial
 *fill*         0x20000106        0x2 
 .data._impure_ptr
                0x20000108        0x4 C:/ST/STM32CubeIDE_1.16.1/STM32CubeIDE/plugins/com.st.stm32cube.ide.mcu.externaltools.gnu-tools-for-stm32.12.3.rel1.win32_1.0.200.202406191623/tools/bin/../lib/gcc/arm-none-eabi/12.3.1/../../../../arm-none-eabi/lib/thumb/v7e-m+fp/hard\libc_nano.a(libc_a-impure.o)
                0x20000108                _impure_ptr
 .data._impure_data
                0x2000010c       0x4c C:/ST/STM32CubeIDE_1.16.1/STM32CubeIDE/plugins/com.st.stm32cube.ide.mcu.externaltools.gnu-tools-for-stm32.12.3.rel1.win32_1.0.200.202406191623/tools/bin/../lib/gcc/arm-none-eabi/12.3.1/../../../../arm-none-eabi/lib/thumb/v7e-m+fp/hard\libc_nano.a(libc_a-impure.o)
                0x2000010c                _impure_data
 *(.RamFunc)
 *(.RamFunc*)
                0x20000158                        . = ALIGN (0x4)
                0x20000158                        _edata = .

.igot.plt       0x20000158        0x0 load address 0x080085f8
 .igot.plt      0x20000158        0x0 C:/ST/STM32CubeIDE_1.16.1/STM32CubeIDE/plugins/com.st.stm32cube.ide.mcu.externaltools.gnu-tools-for-stm32.12.3.rel1.win32_1.0.200.202406191623/tools/bin/../lib/gcc/arm-none-eabi/12.3.1/thumb/v7e-m+fp/hard/crtbegin.o
                0x20000158                        . = ALIGN (0x4)

.bss            0x20000158     0x1de4 load address 0x080085f8
                0x20000158                        _sbss = .
                0x20000158                        __bss_start__ = _sbss
 *(.bss)
 .bss           0x20000158       0x1c C:/ST/STM32CubeIDE_1.16.1/STM32CubeIDE/plugins/com.st.stm32cube.ide.mcu.externaltools.gnu-tools-for-stm32.12.3.rel1.win32_1.0.200.202406191623/tools/bin/../lib/gcc/arm-none-eabi/12.3.1/thumb/v7e-m+fp/hard/crtbegin.o
 *(.bss*)
 .bss.htim2     0x20000174       0x48 ./Core/Src/main.o
                0x20000174                htim2
 .bss.htim3     0x200001bc       0x48 ./Core/Src/main.o
                0x200001bc                htim3
 .bss.up_limit_reached
                0x20000204        0x1 ./Core/Src/main.o
                0x20000204                up_limit_reached
 .bss.down_limit_reached
                0x20000205        0x1 ./Core/Src/main.o
                0x20000205                down_limit_reached
 *fill*         0x20000206        0x2 
 .bss.startTime
                0x20000208        0x4 ./Core/Src/main.o
                0x20000208                startTime
 .bss.speed     0x2000020c        0x4 ./Core/Src/main.o
                0x2000020c                speed
 .bss.lastDebounceUp
                0x20000210        0x4 ./Core/Src/main.o
                0x20000210                lastDebounceUp
 .bss.lastDebounceDown
                0x20000214        0x4 ./Core/Src/main.o
                0x20000214                lastDebounceDown
 .bss.light     0x20000218        0x1 ./Core/Src/main.o
                0x20000218                light
 .bss.fw_mot_start
                0x20000219        0x1 ./Core/Src/main.o
                0x20000219                fw_mot_start
 *fill*         0x2000021a        0x2 
 .bss.uwTick    0x2000021c        0x4 ./Drivers/STM32F4xx_HAL_Driver/Src/stm32f4xx_hal.o
                0x2000021c                uwTick
 .bss.cfgidx.0  0x20000220        0x1 ./Middlewares/ST/STM32_USB_Device_Library/Core/Src/usbd_ctlreq.o
 *fill*         0x20000221        0x3 
 .bss.hUsbDeviceFS
                0x20000224      0x2dc ./USB_DEVICE/App/usb_device.o
                0x20000224                hUsbDeviceFS
 .bss.UserRxBufferFS
                0x20000500      0x800 ./USB_DEVICE/App/usbd_cdc_if.o
                0x20000500                UserRxBufferFS
 .bss.UserTxBufferFS
                0x20000d00      0x800 ./USB_DEVICE/App/usbd_cdc_if.o
                0x20000d00                UserTxBufferFS
 .bss.USBD_StrDesc
                0x20001500      0x200 ./USB_DEVICE/App/usbd_desc.o
                0x20001500                USBD_StrDesc
 .bss.hpcd_USB_OTG_FS
                0x20001700      0x4e4 ./USB_DEVICE/Target/usbd_conf.o
                0x20001700                hpcd_USB_OTG_FS
 .bss.mem.0     0x20001be4      0x220 ./USB_DEVICE/Target/usbd_conf.o
 .bss.__sf      0x20001e04      0x138 C:/ST/STM32CubeIDE_1.16.1/STM32CubeIDE/plugins/com.st.stm32cube.ide.mcu.externaltools.gnu-tools-for-stm32.12.3.rel1.win32_1.0.200.202406191623/tools/bin/../lib/gcc/arm-none-eabi/12.3.1/../../../../arm-none-eabi/lib/thumb/v7e-m+fp/hard\libc_nano.a(libc_a-findfp.o)
                0x20001e04                __sf
 *(COMMON)
                0x20001f3c                        . = ALIGN (0x4)
                0x20001f3c                        _ebss = .
                0x20001f3c                        __bss_end__ = _ebss

._user_heap_stack
                0x20001f3c      0x604 load address 0x080085f8
                0x20001f40                        . = ALIGN (0x8)
 *fill*         0x20001f3c        0x4 
                [!provide]                        PROVIDE (end = .)
                0x20001f40                        PROVIDE (_end = .)
                0x20002140                        . = (. + _Min_Heap_Size)
 *fill*         0x20001f40      0x200 
                0x20002540                        . = (. + _Min_Stack_Size)
 *fill*         0x20002140      0x400 
                0x20002540                        . = ALIGN (0x8)

/DISCARD/
 libc.a(*)
 libm.a(*)
 libgcc.a(*)

.ARM.attributes
                0x00000000       0x30
 *(.ARM.attributes)
 .ARM.attributes
                0x00000000       0x22 C:/ST/STM32CubeIDE_1.16.1/STM32CubeIDE/plugins/com.st.stm32cube.ide.mcu.externaltools.gnu-tools-for-stm32.12.3.rel1.win32_1.0.200.202406191623/tools/bin/../lib/gcc/arm-none-eabi/12.3.1/thumb/v7e-m+fp/hard/crti.o
 .ARM.attributes
                0x00000022       0x34 C:/ST/STM32CubeIDE_1.16.1/STM32CubeIDE/plugins/com.st.stm32cube.ide.mcu.externaltools.gnu-tools-for-stm32.12.3.rel1.win32_1.0.200.202406191623/tools/bin/../lib/gcc/arm-none-eabi/12.3.1/thumb/v7e-m+fp/hard/crtbegin.o
 .ARM.attributes
                0x00000056       0x34 ./Core/Src/main.o
 .ARM.attributes
                0x0000008a       0x34 ./Core/Src/stm32f4xx_hal_msp.o
 .ARM.attributes
                0x000000be       0x34 ./Core/Src/stm32f4xx_it.o
 .ARM.attributes
                0x000000f2       0x34 ./Core/Src/system_stm32f4xx.o
 .ARM.attributes
                0x00000126       0x21 ./Core/Startup/startup_stm32f411ceux.o
 .ARM.attributes
                0x00000147       0x34 ./Drivers/STM32F4xx_HAL_Driver/Src/stm32f4xx_hal.o
 .ARM.attributes
                0x0000017b       0x34 ./Drivers/STM32F4xx_HAL_Driver/Src/stm32f4xx_hal_cortex.o
 .ARM.attributes
                0x000001af       0x34 ./Drivers/STM32F4xx_HAL_Driver/Src/stm32f4xx_hal_gpio.o
 .ARM.attributes
                0x000001e3       0x34 ./Drivers/STM32F4xx_HAL_Driver/Src/stm32f4xx_hal_pcd.o
 .ARM.attributes
                0x00000217       0x34 ./Drivers/STM32F4xx_HAL_Driver/Src/stm32f4xx_hal_pcd_ex.o
 .ARM.attributes
                0x0000024b       0x34 ./Drivers/STM32F4xx_HAL_Driver/Src/stm32f4xx_hal_rcc.o
 .ARM.attributes
                0x0000027f       0x34 ./Drivers/STM32F4xx_HAL_Driver/Src/stm32f4xx_hal_tim.o
 .ARM.attributes
                0x000002b3       0x34 ./Drivers/STM32F4xx_HAL_Driver/Src/stm32f4xx_hal_tim_ex.o
 .ARM.attributes
                0x000002e7       0x34 ./Drivers/STM32F4xx_HAL_Driver/Src/stm32f4xx_ll_usb.o
 .ARM.attributes
                0x0000031b       0x34 ./Middlewares/ST/STM32_USB_Device_Library/Class/CDC/Src/usbd_cdc.o
 .ARM.attributes
                0x0000034f       0x34 ./Middlewares/ST/STM32_USB_Device_Library/Core/Src/usbd_core.o
 .ARM.attributes
                0x00000383       0x34 ./Middlewares/ST/STM32_USB_Device_Library/Core/Src/usbd_ctlreq.o
 .ARM.attributes
                0x000003b7       0x34 ./Middlewares/ST/STM32_USB_Device_Library/Core/Src/usbd_ioreq.o
 .ARM.attributes
                0x000003eb       0x34 ./USB_DEVICE/App/usb_device.o
 .ARM.attributes
                0x0000041f       0x34 ./USB_DEVICE/App/usbd_cdc_if.o
 .ARM.attributes
                0x00000453       0x34 ./USB_DEVICE/App/usbd_desc.o
 .ARM.attributes
                0x00000487       0x34 ./USB_DEVICE/Target/usbd_conf.o
 .ARM.attributes
                0x000004bb       0x34 C:/ST/STM32CubeIDE_1.16.1/STM32CubeIDE/plugins/com.st.stm32cube.ide.mcu.externaltools.gnu-tools-for-stm32.12.3.rel1.win32_1.0.200.202406191623/tools/bin/../lib/gcc/arm-none-eabi/12.3.1/../../../../arm-none-eabi/lib/thumb/v7e-m+fp/hard\libc_nano.a(libc_a-atoi.o)
 .ARM.attributes
                0x000004ef       0x34 C:/ST/STM32CubeIDE_1.16.1/STM32CubeIDE/plugins/com.st.stm32cube.ide.mcu.externaltools.gnu-tools-for-stm32.12.3.rel1.win32_1.0.200.202406191623/tools/bin/../lib/gcc/arm-none-eabi/12.3.1/../../../../arm-none-eabi/lib/thumb/v7e-m+fp/hard\libc_nano.a(libc_a-strtol.o)
 .ARM.attributes
                0x00000523       0x34 C:/ST/STM32CubeIDE_1.16.1/STM32CubeIDE/plugins/com.st.stm32cube.ide.mcu.externaltools.gnu-tools-for-stm32.12.3.rel1.win32_1.0.200.202406191623/tools/bin/../lib/gcc/arm-none-eabi/12.3.1/../../../../arm-none-eabi/lib/thumb/v7e-m+fp/hard\libc_nano.a(libc_a-ctype_.o)
 .ARM.attributes
                0x00000557       0x34 C:/ST/STM32CubeIDE_1.16.1/STM32CubeIDE/plugins/com.st.stm32cube.ide.mcu.externaltools.gnu-tools-for-stm32.12.3.rel1.win32_1.0.200.202406191623/tools/bin/../lib/gcc/arm-none-eabi/12.3.1/../../../../arm-none-eabi/lib/thumb/v7e-m+fp/hard\libc_nano.a(libc_a-findfp.o)
 .ARM.attributes
                0x0000058b       0x34 C:/ST/STM32CubeIDE_1.16.1/STM32CubeIDE/plugins/com.st.stm32cube.ide.mcu.externaltools.gnu-tools-for-stm32.12.3.rel1.win32_1.0.200.202406191623/tools/bin/../lib/gcc/arm-none-eabi/12.3.1/../../../../arm-none-eabi/lib/thumb/v7e-m+fp/hard\libc_nano.a(libc_a-memset.o)
 .ARM.attributes
                0x000005bf       0x34 C:/ST/STM32CubeIDE_1.16.1/STM32CubeIDE/plugins/com.st.stm32cube.ide.mcu.externaltools.gnu-tools-for-stm32.12.3.rel1.win32_1.0.200.202406191623/tools/bin/../lib/gcc/arm-none-eabi/12.3.1/../../../../arm-none-eabi/lib/thumb/v7e-m+fp/hard\libc_nano.a(libc_a-strncmp.o)
 .ARM.attributes
                0x000005f3       0x34 C:/ST/STM32CubeIDE_1.16.1/STM32CubeIDE/plugins/com.st.stm32cube.ide.mcu.externaltools.gnu-tools-for-stm32.12.3.rel1.win32_1.0.200.202406191623/tools/bin/../lib/gcc/arm-none-eabi/12.3.1/../../../../arm-none-eabi/lib/thumb/v7e-m+fp/hard\libc_nano.a(libc_a-strncpy.o)
 .ARM.attributes
                0x00000627       0x34 C:/ST/STM32CubeIDE_1.16.1/STM32CubeIDE/plugins/com.st.stm32cube.ide.mcu.externaltools.gnu-tools-for-stm32.12.3.rel1.win32_1.0.200.202406191623/tools/bin/../lib/gcc/arm-none-eabi/12.3.1/../../../../arm-none-eabi/lib/thumb/v7e-m+fp/hard\libc_nano.a(libc_a-impure.o)
 .ARM.attributes
                0x0000065b       0x34 C:/ST/STM32CubeIDE_1.16.1/STM32CubeIDE/plugins/com.st.stm32cube.ide.mcu.externaltools.gnu-tools-for-stm32.12.3.rel1.win32_1.0.200.202406191623/tools/bin/../lib/gcc/arm-none-eabi/12.3.1/../../../../arm-none-eabi/lib/thumb/v7e-m+fp/hard\libc_nano.a(libc_a-errno.o)
 .ARM.attributes
                0x0000068f       0x34 C:/ST/STM32CubeIDE_1.16.1/STM32CubeIDE/plugins/com.st.stm32cube.ide.mcu.externaltools.gnu-tools-for-stm32.12.3.rel1.win32_1.0.200.202406191623/tools/bin/../lib/gcc/arm-none-eabi/12.3.1/../../../../arm-none-eabi/lib/thumb/v7e-m+fp/hard\libc_nano.a(libc_a-init.o)
 .ARM.attributes
                0x000006c3       0x20 C:/ST/STM32CubeIDE_1.16.1/STM32CubeIDE/plugins/com.st.stm32cube.ide.mcu.externaltools.gnu-tools-for-stm32.12.3.rel1.win32_1.0.200.202406191623/tools/bin/../lib/gcc/arm-none-eabi/12.3.1/../../../../arm-none-eabi/lib/thumb/v7e-m+fp/hard\libc_nano.a(libc_a-strcmp.o)
 .ARM.attributes
                0x000006e3       0x22 C:/ST/STM32CubeIDE_1.16.1/STM32CubeIDE/plugins/com.st.stm32cube.ide.mcu.externaltools.gnu-tools-for-stm32.12.3.rel1.win32_1.0.200.202406191623/tools/bin/../lib/gcc/arm-none-eabi/12.3.1/thumb/v7e-m+fp/hard\libgcc.a(_aeabi_uldivmod.o)
 .ARM.attributes
                0x00000705       0x34 C:/ST/STM32CubeIDE_1.16.1/STM32CubeIDE/plugins/com.st.stm32cube.ide.mcu.externaltools.gnu-tools-for-stm32.12.3.rel1.win32_1.0.200.202406191623/tools/bin/../lib/gcc/arm-none-eabi/12.3.1/thumb/v7e-m+fp/hard\libgcc.a(_udivmoddi4.o)
 .ARM.attributes
                0x00000739       0x22 C:/ST/STM32CubeIDE_1.16.1/STM32CubeIDE/plugins/com.st.stm32cube.ide.mcu.externaltools.gnu-tools-for-stm32.12.3.rel1.win32_1.0.200.202406191623/tools/bin/../lib/gcc/arm-none-eabi/12.3.1/thumb/v7e-m+fp/hard\libgcc.a(_dvmd_tls.o)
 .ARM.attributes
                0x0000075b       0x22 C:/ST/STM32CubeIDE_1.16.1/STM32CubeIDE/plugins/com.st.stm32cube.ide.mcu.externaltools.gnu-tools-for-stm32.12.3.rel1.win32_1.0.200.202406191623/tools/bin/../lib/gcc/arm-none-eabi/12.3.1/thumb/v7e-m+fp/hard/crtn.o
OUTPUT(Rpi_com.elf elf32-littlearm)
LOAD linker stubs
LOAD C:/ST/STM32CubeIDE_1.16.1/STM32CubeIDE/plugins/com.st.stm32cube.ide.mcu.externaltools.gnu-tools-for-stm32.12.3.rel1.win32_1.0.200.202406191623/tools/bin/../lib/gcc/arm-none-eabi/12.3.1/../../../../arm-none-eabi/lib/thumb/v7e-m+fp/hard\libc.a
LOAD C:/ST/STM32CubeIDE_1.16.1/STM32CubeIDE/plugins/com.st.stm32cube.ide.mcu.externaltools.gnu-tools-for-stm32.12.3.rel1.win32_1.0.200.202406191623/tools/bin/../lib/gcc/arm-none-eabi/12.3.1/../../../../arm-none-eabi/lib/thumb/v7e-m+fp/hard\libm.a
LOAD C:/ST/STM32CubeIDE_1.16.1/STM32CubeIDE/plugins/com.st.stm32cube.ide.mcu.externaltools.gnu-tools-for-stm32.12.3.rel1.win32_1.0.200.202406191623/tools/bin/../lib/gcc/arm-none-eabi/12.3.1/thumb/v7e-m+fp/hard\libgcc.a

.debug_info     0x00000000    0x130c7
 .debug_info    0x00000000     0x1435 ./Core/Src/main.o
 .debug_info    0x00001435      0xc56 ./Core/Src/stm32f4xx_hal_msp.o
 .debug_info    0x0000208b      0xbde ./Core/Src/stm32f4xx_it.o
 .debug_info    0x00002c69      0x53e ./Core/Src/system_stm32f4xx.o
 .debug_info    0x000031a7       0x30 ./Core/Startup/startup_stm32f411ceux.o
 .debug_info    0x000031d7      0x8c4 ./Drivers/STM32F4xx_HAL_Driver/Src/stm32f4xx_hal.o
 .debug_info    0x00003a9b      0xcfc ./Drivers/STM32F4xx_HAL_Driver/Src/stm32f4xx_hal_cortex.o
 .debug_info    0x00004797      0x6f9 ./Drivers/STM32F4xx_HAL_Driver/Src/stm32f4xx_hal_gpio.o
 .debug_info    0x00004e90     0x1577 ./Drivers/STM32F4xx_HAL_Driver/Src/stm32f4xx_hal_pcd.o
 .debug_info    0x00006407      0x6ea ./Drivers/STM32F4xx_HAL_Driver/Src/stm32f4xx_hal_pcd_ex.o
 .debug_info    0x00006af1      0x904 ./Drivers/STM32F4xx_HAL_Driver/Src/stm32f4xx_hal_rcc.o
 .debug_info    0x000073f5     0x2996 ./Drivers/STM32F4xx_HAL_Driver/Src/stm32f4xx_hal_tim.o
 .debug_info    0x00009d8b     0x14d4 ./Drivers/STM32F4xx_HAL_Driver/Src/stm32f4xx_hal_tim_ex.o
 .debug_info    0x0000b25f     0x1993 ./Drivers/STM32F4xx_HAL_Driver/Src/stm32f4xx_ll_usb.o
 .debug_info    0x0000cbf2     0x12b1 ./Middlewares/ST/STM32_USB_Device_Library/Class/CDC/Src/usbd_cdc.o
 .debug_info    0x0000dea3      0xe12 ./Middlewares/ST/STM32_USB_Device_Library/Core/Src/usbd_core.o
 .debug_info    0x0000ecb5      0xaeb ./Middlewares/ST/STM32_USB_Device_Library/Core/Src/usbd_ctlreq.o
 .debug_info    0x0000f7a0      0x762 ./Middlewares/ST/STM32_USB_Device_Library/Core/Src/usbd_ioreq.o
 .debug_info    0x0000ff02      0x70e ./USB_DEVICE/App/usb_device.o
 .debug_info    0x00010610      0xa4c ./USB_DEVICE/App/usbd_cdc_if.o
 .debug_info    0x0001105c      0x458 ./USB_DEVICE/App/usbd_desc.o
 .debug_info    0x000114b4     0x1c13 ./USB_DEVICE/Target/usbd_conf.o

.debug_abbrev   0x00000000     0x3138
 .debug_abbrev  0x00000000      0x2ff ./Core/Src/main.o
 .debug_abbrev  0x000002ff      0x1d4 ./Core/Src/stm32f4xx_hal_msp.o
 .debug_abbrev  0x000004d3      0x1fe ./Core/Src/stm32f4xx_it.o
 .debug_abbrev  0x000006d1      0x11a ./Core/Src/system_stm32f4xx.o
 .debug_abbrev  0x000007eb       0x24 ./Core/Startup/startup_stm32f411ceux.o
 .debug_abbrev  0x0000080f      0x24b ./Drivers/STM32F4xx_HAL_Driver/Src/stm32f4xx_hal.o
 .debug_abbrev  0x00000a5a      0x31d ./Drivers/STM32F4xx_HAL_Driver/Src/stm32f4xx_hal_cortex.o
 .debug_abbrev  0x00000d77      0x1d3 ./Drivers/STM32F4xx_HAL_Driver/Src/stm32f4xx_hal_gpio.o
 .debug_abbrev  0x00000f4a      0x2b6 ./Drivers/STM32F4xx_HAL_Driver/Src/stm32f4xx_hal_pcd.o
 .debug_abbrev  0x00001200      0x1da ./Drivers/STM32F4xx_HAL_Driver/Src/stm32f4xx_hal_pcd_ex.o
 .debug_abbrev  0x000013da      0x2b6 ./Drivers/STM32F4xx_HAL_Driver/Src/stm32f4xx_hal_rcc.o
 .debug_abbrev  0x00001690      0x28b ./Drivers/STM32F4xx_HAL_Driver/Src/stm32f4xx_hal_tim.o
 .debug_abbrev  0x0000191b      0x296 ./Drivers/STM32F4xx_HAL_Driver/Src/stm32f4xx_hal_tim_ex.o
 .debug_abbrev  0x00001bb1      0x2b3 ./Drivers/STM32F4xx_HAL_Driver/Src/stm32f4xx_ll_usb.o
 .debug_abbrev  0x00001e64      0x2d2 ./Middlewares/ST/STM32_USB_Device_Library/Class/CDC/Src/usbd_cdc.o
 .debug_abbrev  0x00002136      0x27c ./Middlewares/ST/STM32_USB_Device_Library/Core/Src/usbd_core.o
 .debug_abbrev  0x000023b2      0x26f ./Middlewares/ST/STM32_USB_Device_Library/Core/Src/usbd_ctlreq.o
 .debug_abbrev  0x00002621      0x19a ./Middlewares/ST/STM32_USB_Device_Library/Core/Src/usbd_ioreq.o
 .debug_abbrev  0x000027bb      0x195 ./USB_DEVICE/App/usb_device.o
 .debug_abbrev  0x00002950      0x2c8 ./USB_DEVICE/App/usbd_cdc_if.o
 .debug_abbrev  0x00002c18      0x1e1 ./USB_DEVICE/App/usbd_desc.o
 .debug_abbrev  0x00002df9      0x33f ./USB_DEVICE/Target/usbd_conf.o

.debug_aranges  0x00000000     0x10e8
 .debug_aranges
                0x00000000       0x70 ./Core/Src/main.o
 .debug_aranges
                0x00000070       0x38 ./Core/Src/stm32f4xx_hal_msp.o
 .debug_aranges
                0x000000a8       0x78 ./Core/Src/stm32f4xx_it.o
 .debug_aranges
                0x00000120       0x28 ./Core/Src/system_stm32f4xx.o
 .debug_aranges
                0x00000148       0x28 ./Core/Startup/startup_stm32f411ceux.o
 .debug_aranges
                0x00000170       0xf0 ./Drivers/STM32F4xx_HAL_Driver/Src/stm32f4xx_hal.o
 .debug_aranges
                0x00000260      0x130 ./Drivers/STM32F4xx_HAL_Driver/Src/stm32f4xx_hal_cortex.o
 .debug_aranges
                0x00000390       0x58 ./Drivers/STM32F4xx_HAL_Driver/Src/stm32f4xx_hal_gpio.o
 .debug_aranges
                0x000003e8      0x148 ./Drivers/STM32F4xx_HAL_Driver/Src/stm32f4xx_hal_pcd.o
 .debug_aranges
                0x00000530       0x38 ./Drivers/STM32F4xx_HAL_Driver/Src/stm32f4xx_hal_pcd_ex.o
 .debug_aranges
                0x00000568       0x88 ./Drivers/STM32F4xx_HAL_Driver/Src/stm32f4xx_hal_rcc.o
 .debug_aranges
                0x000005f0      0x3d0 ./Drivers/STM32F4xx_HAL_Driver/Src/stm32f4xx_hal_tim.o
 .debug_aranges
                0x000009c0      0x168 ./Drivers/STM32F4xx_HAL_Driver/Src/stm32f4xx_hal_tim_ex.o
 .debug_aranges
                0x00000b28      0x1a0 ./Drivers/STM32F4xx_HAL_Driver/Src/stm32f4xx_ll_usb.o
 .debug_aranges
                0x00000cc8       0x90 ./Middlewares/ST/STM32_USB_Device_Library/Class/CDC/Src/usbd_cdc.o
 .debug_aranges
                0x00000d58       0xd8 ./Middlewares/ST/STM32_USB_Device_Library/Core/Src/usbd_core.o
 .debug_aranges
                0x00000e30       0x90 ./Middlewares/ST/STM32_USB_Device_Library/Core/Src/usbd_ctlreq.o
 .debug_aranges
                0x00000ec0       0x50 ./Middlewares/ST/STM32_USB_Device_Library/Core/Src/usbd_ioreq.o
 .debug_aranges
                0x00000f10       0x20 ./USB_DEVICE/App/usb_device.o
 .debug_aranges
                0x00000f30       0x48 ./USB_DEVICE/App/usbd_cdc_if.o
 .debug_aranges
                0x00000f78       0x60 ./USB_DEVICE/App/usbd_desc.o
 .debug_aranges
                0x00000fd8      0x110 ./USB_DEVICE/Target/usbd_conf.o

.debug_rnglists
                0x00000000      0xce0
 .debug_rnglists
                0x00000000       0x54 ./Core/Src/main.o
 .debug_rnglists
                0x00000054       0x26 ./Core/Src/stm32f4xx_hal_msp.o
 .debug_rnglists
                0x0000007a       0x55 ./Core/Src/stm32f4xx_it.o
 .debug_rnglists
                0x000000cf       0x1a ./Core/Src/system_stm32f4xx.o
 .debug_rnglists
                0x000000e9       0x19 ./Core/Startup/startup_stm32f411ceux.o
 .debug_rnglists
                0x00000102       0xaf ./Drivers/STM32F4xx_HAL_Driver/Src/stm32f4xx_hal.o
 .debug_rnglists
                0x000001b1       0xe0 ./Drivers/STM32F4xx_HAL_Driver/Src/stm32f4xx_hal_cortex.o
 .debug_rnglists
                0x00000291       0x3f ./Drivers/STM32F4xx_HAL_Driver/Src/stm32f4xx_hal_gpio.o
 .debug_rnglists
                0x000002d0       0xfa ./Drivers/STM32F4xx_HAL_Driver/Src/stm32f4xx_hal_pcd.o
 .debug_rnglists
                0x000003ca       0x26 ./Drivers/STM32F4xx_HAL_Driver/Src/stm32f4xx_hal_pcd_ex.o
 .debug_rnglists
                0x000003f0       0x66 ./Drivers/STM32F4xx_HAL_Driver/Src/stm32f4xx_hal_rcc.o
 .debug_rnglists
                0x00000456      0x31a ./Drivers/STM32F4xx_HAL_Driver/Src/stm32f4xx_hal_tim.o
 .debug_rnglists
                0x00000770      0x125 ./Drivers/STM32F4xx_HAL_Driver/Src/stm32f4xx_hal_tim_ex.o
 .debug_rnglists
                0x00000895      0x147 ./Drivers/STM32F4xx_HAL_Driver/Src/stm32f4xx_ll_usb.o
 .debug_rnglists
                0x000009dc       0x6c ./Middlewares/ST/STM32_USB_Device_Library/Class/CDC/Src/usbd_cdc.o
 .debug_rnglists
                0x00000a48       0xa1 ./Middlewares/ST/STM32_USB_Device_Library/Core/Src/usbd_core.o
 .debug_rnglists
                0x00000ae9       0x6e ./Middlewares/ST/STM32_USB_Device_Library/Core/Src/usbd_ctlreq.o
 .debug_rnglists
                0x00000b57       0x37 ./Middlewares/ST/STM32_USB_Device_Library/Core/Src/usbd_ioreq.o
 .debug_rnglists
                0x00000b8e       0x13 ./USB_DEVICE/App/usb_device.o
 .debug_rnglists
                0x00000ba1       0x33 ./USB_DEVICE/App/usbd_cdc_if.o
 .debug_rnglists
                0x00000bd4       0x43 ./USB_DEVICE/App/usbd_desc.o
 .debug_rnglists
                0x00000c17       0xc9 ./USB_DEVICE/Target/usbd_conf.o

.debug_macro    0x00000000    0x18aa8
 .debug_macro   0x00000000      0x3aa ./Core/Src/main.o
 .debug_macro   0x000003aa      0xab4 ./Core/Src/main.o
 .debug_macro   0x00000e5e      0x29b ./Core/Src/main.o
 .debug_macro   0x000010f9       0x2e ./Core/Src/main.o
 .debug_macro   0x00001127       0x28 ./Core/Src/main.o
 .debug_macro   0x0000114f       0x22 ./Core/Src/main.o
 .debug_macro   0x00001171       0x8e ./Core/Src/main.o
 .debug_macro   0x000011ff       0x51 ./Core/Src/main.o
 .debug_macro   0x00001250      0x103 ./Core/Src/main.o
 .debug_macro   0x00001353       0x6a ./Core/Src/main.o
 .debug_macro   0x000013bd      0x1df ./Core/Src/main.o
 .debug_macro   0x0000159c       0x1c ./Core/Src/main.o
 .debug_macro   0x000015b8       0x22 ./Core/Src/main.o
 .debug_macro   0x000015da       0xfb ./Core/Src/main.o
 .debug_macro   0x000016d5     0x1011 ./Core/Src/main.o
 .debug_macro   0x000026e6      0x11f ./Core/Src/main.o
 .debug_macro   0x00002805     0xb968 ./Core/Src/main.o
 .debug_macro   0x0000e16d       0x6d ./Core/Src/main.o
 .debug_macro   0x0000e1da     0x3693 ./Core/Src/main.o
 .debug_macro   0x0001186d      0x189 ./Core/Src/main.o
 .debug_macro   0x000119f6       0x5c ./Core/Src/main.o
 .debug_macro   0x00011a52      0x45c ./Core/Src/main.o
 .debug_macro   0x00011eae      0x9e9 ./Core/Src/main.o
 .debug_macro   0x00012897      0x115 ./Core/Src/main.o
 .debug_macro   0x000129ac      0x11b ./Core/Src/main.o
 .debug_macro   0x00012ac7       0xa5 ./Core/Src/main.o
 .debug_macro   0x00012b6c      0x15f ./Core/Src/main.o
 .debug_macro   0x00012ccb      0x287 ./Core/Src/main.o
 .debug_macro   0x00012f52       0x5f ./Core/Src/main.o
 .debug_macro   0x00012fb1      0x236 ./Core/Src/main.o
 .debug_macro   0x000131e7      0x132 ./Core/Src/main.o
 .debug_macro   0x00013319      0x264 ./Core/Src/main.o
 .debug_macro   0x0001357d       0x2e ./Core/Src/main.o
 .debug_macro   0x000135ab      0x127 ./Core/Src/main.o
 .debug_macro   0x000136d2       0x85 ./Core/Src/main.o
 .debug_macro   0x00013757       0x89 ./Core/Src/main.o
 .debug_macro   0x000137e0      0x8ed ./Core/Src/main.o
 .debug_macro   0x000140cd       0x47 ./Core/Src/main.o
 .debug_macro   0x00014114      0x293 ./Core/Src/main.o
 .debug_macro   0x000143a7       0xba ./Core/Src/main.o
 .debug_macro   0x00014461      0x126 ./Core/Src/main.o
 .debug_macro   0x00014587       0x61 ./Core/Src/main.o
 .debug_macro   0x000145e8       0x2a ./Core/Src/main.o
 .debug_macro   0x00014612       0x43 ./Core/Src/main.o
 .debug_macro   0x00014655       0x34 ./Core/Src/main.o
 .debug_macro   0x00014689       0x16 ./Core/Src/main.o
 .debug_macro   0x0001469f       0x35 ./Core/Src/main.o
 .debug_macro   0x000146d4      0x369 ./Core/Src/main.o
 .debug_macro   0x00014a3d       0x10 ./Core/Src/main.o
 .debug_macro   0x00014a4d       0x16 ./Core/Src/main.o
 .debug_macro   0x00014a63       0x43 ./Core/Src/main.o
 .debug_macro   0x00014aa6       0x34 ./Core/Src/main.o
 .debug_macro   0x00014ada       0x10 ./Core/Src/main.o
 .debug_macro   0x00014aea       0x58 ./Core/Src/main.o
 .debug_macro   0x00014b42       0x8e ./Core/Src/main.o
 .debug_macro   0x00014bd0       0x1c ./Core/Src/main.o
 .debug_macro   0x00014bec      0x177 ./Core/Src/main.o
 .debug_macro   0x00014d63       0x16 ./Core/Src/main.o
 .debug_macro   0x00014d79       0x16 ./Core/Src/main.o
 .debug_macro   0x00014d8f      0x146 ./Core/Src/main.o
 .debug_macro   0x00014ed5       0x16 ./Core/Src/main.o
 .debug_macro   0x00014eeb       0x16 ./Core/Src/main.o
 .debug_macro   0x00014f01       0x29 ./Core/Src/main.o
 .debug_macro   0x00014f2a       0x16 ./Core/Src/main.o
 .debug_macro   0x00014f40       0x20 ./Core/Src/main.o
 .debug_macro   0x00014f60       0x65 ./Core/Src/main.o
 .debug_macro   0x00014fc5      0x20f ./Core/Src/main.o
 .debug_macro   0x000151d4      0x1f2 ./Core/Src/stm32f4xx_hal_msp.o
 .debug_macro   0x000153c6      0x1fc ./Core/Src/stm32f4xx_it.o
 .debug_macro   0x000155c2      0x1e8 ./Core/Src/system_stm32f4xx.o
 .debug_macro   0x000157aa      0x248 ./Drivers/STM32F4xx_HAL_Driver/Src/stm32f4xx_hal.o
 .debug_macro   0x000159f2      0x1e8 ./Drivers/STM32F4xx_HAL_Driver/Src/stm32f4xx_hal_cortex.o
 .debug_macro   0x00015bda      0x1ee ./Drivers/STM32F4xx_HAL_Driver/Src/stm32f4xx_hal_gpio.o
 .debug_macro   0x00015dc8      0x1f4 ./Drivers/STM32F4xx_HAL_Driver/Src/stm32f4xx_hal_pcd.o
 .debug_macro   0x00015fbc      0x1e8 ./Drivers/STM32F4xx_HAL_Driver/Src/stm32f4xx_hal_pcd_ex.o
 .debug_macro   0x000161a4      0x20c ./Drivers/STM32F4xx_HAL_Driver/Src/stm32f4xx_hal_rcc.o
 .debug_macro   0x000163b0      0x1e9 ./Drivers/STM32F4xx_HAL_Driver/Src/stm32f4xx_hal_tim.o
 .debug_macro   0x00016599      0x1e8 ./Drivers/STM32F4xx_HAL_Driver/Src/stm32f4xx_hal_tim_ex.o
 .debug_macro   0x00016781      0x1e8 ./Drivers/STM32F4xx_HAL_Driver/Src/stm32f4xx_ll_usb.o
 .debug_macro   0x00016969      0x381 ./Middlewares/ST/STM32_USB_Device_Library/Class/CDC/Src/usbd_cdc.o
 .debug_macro   0x00016cea       0x9e ./Middlewares/ST/STM32_USB_Device_Library/Class/CDC/Src/usbd_cdc.o
 .debug_macro   0x00016d88      0x10b ./Middlewares/ST/STM32_USB_Device_Library/Class/CDC/Src/usbd_cdc.o
 .debug_macro   0x00016e93       0x56 ./Middlewares/ST/STM32_USB_Device_Library/Class/CDC/Src/usbd_cdc.o
 .debug_macro   0x00016ee9       0x95 ./Middlewares/ST/STM32_USB_Device_Library/Class/CDC/Src/usbd_cdc.o
 .debug_macro   0x00016f7e      0x368 ./Middlewares/ST/STM32_USB_Device_Library/Core/Src/usbd_core.o
 .debug_macro   0x000172e6      0x215 ./Middlewares/ST/STM32_USB_Device_Library/Core/Src/usbd_core.o
 .debug_macro   0x000174fb      0x372 ./Middlewares/ST/STM32_USB_Device_Library/Core/Src/usbd_ctlreq.o
 .debug_macro   0x0001786d      0x36e ./Middlewares/ST/STM32_USB_Device_Library/Core/Src/usbd_ioreq.o
 .debug_macro   0x00017bdb      0x3a7 ./USB_DEVICE/App/usb_device.o
 .debug_macro   0x00017f82       0x22 ./USB_DEVICE/App/usb_device.o
 .debug_macro   0x00017fa4       0x16 ./USB_DEVICE/App/usb_device.o
 .debug_macro   0x00017fba      0x38c ./USB_DEVICE/App/usbd_cdc_if.o
 .debug_macro   0x00018346       0x10 ./USB_DEVICE/App/usbd_cdc_if.o
 .debug_macro   0x00018356      0x3ab ./USB_DEVICE/App/usbd_desc.o
 .debug_macro   0x00018701       0x1c ./USB_DEVICE/App/usbd_desc.o
 .debug_macro   0x0001871d      0x38b ./USB_DEVICE/Target/usbd_conf.o

.debug_line     0x00000000    0x14cfe
 .debug_line    0x00000000      0xca2 ./Core/Src/main.o
 .debug_line    0x00000ca2      0x828 ./Core/Src/stm32f4xx_hal_msp.o
 .debug_line    0x000014ca      0x889 ./Core/Src/stm32f4xx_it.o
 .debug_line    0x00001d53      0x7f3 ./Core/Src/system_stm32f4xx.o
 .debug_line    0x00002546       0x7a ./Core/Startup/startup_stm32f411ceux.o
 .debug_line    0x000025c0      0xa6b ./Drivers/STM32F4xx_HAL_Driver/Src/stm32f4xx_hal.o
 .debug_line    0x0000302b      0xd5d ./Drivers/STM32F4xx_HAL_Driver/Src/stm32f4xx_hal_cortex.o
 .debug_line    0x00003d88      0xbbb ./Drivers/STM32F4xx_HAL_Driver/Src/stm32f4xx_hal_gpio.o
 .debug_line    0x00004943     0x155a ./Drivers/STM32F4xx_HAL_Driver/Src/stm32f4xx_hal_pcd.o
 .debug_line    0x00005e9d      0x848 ./Drivers/STM32F4xx_HAL_Driver/Src/stm32f4xx_hal_pcd_ex.o
 .debug_line    0x000066e5      0xdf4 ./Drivers/STM32F4xx_HAL_Driver/Src/stm32f4xx_hal_rcc.o
 .debug_line    0x000074d9     0x35e1 ./Drivers/STM32F4xx_HAL_Driver/Src/stm32f4xx_hal_tim.o
 .debug_line    0x0000aaba     0x19fc ./Drivers/STM32F4xx_HAL_Driver/Src/stm32f4xx_hal_tim_ex.o
 .debug_line    0x0000c4b6     0x1df7 ./Drivers/STM32F4xx_HAL_Driver/Src/stm32f4xx_ll_usb.o
 .debug_line    0x0000e2ad      0xf03 ./Middlewares/ST/STM32_USB_Device_Library/Class/CDC/Src/usbd_cdc.o
 .debug_line    0x0000f1b0      0xf92 ./Middlewares/ST/STM32_USB_Device_Library/Core/Src/usbd_core.o
 .debug_line    0x00010142     0x1183 ./Middlewares/ST/STM32_USB_Device_Library/Core/Src/usbd_ctlreq.o
 .debug_line    0x000112c5      0xa9d ./Middlewares/ST/STM32_USB_Device_Library/Core/Src/usbd_ioreq.o
 .debug_line    0x00011d62      0xa53 ./USB_DEVICE/App/usb_device.o
 .debug_line    0x000127b5      0xbfb ./USB_DEVICE/App/usbd_cdc_if.o
 .debug_line    0x000133b0      0xb1c ./USB_DEVICE/App/usbd_desc.o
 .debug_line    0x00013ecc      0xe32 ./USB_DEVICE/Target/usbd_conf.o

.debug_str      0x00000000    0x8fbfb
 .debug_str     0x00000000    0x8b502 ./Core/Src/main.o
                              0x8b8ca (size before relaxing)
 .debug_str     0x0008b502       0x78 ./Core/Src/stm32f4xx_hal_msp.o
                              0x87022 (size before relaxing)
 .debug_str     0x0008b57a      0x4b1 ./Core/Src/stm32f4xx_it.o
                              0x86f11 (size before relaxing)
 .debug_str     0x0008ba2b       0xdb ./Core/Src/system_stm32f4xx.o
                              0x866ed (size before relaxing)
 .debug_str     0x0008bb06       0x44 ./Core/Startup/startup_stm32f411ceux.o
                                 0x8c (size before relaxing)
 .debug_str     0x0008bb4a      0x5fc ./Drivers/STM32F4xx_HAL_Driver/Src/stm32f4xx_hal.o
                              0x87119 (size before relaxing)
 .debug_str     0x0008c146      0x365 ./Drivers/STM32F4xx_HAL_Driver/Src/stm32f4xx_hal_cortex.o
                              0x86e83 (size before relaxing)
 .debug_str     0x0008c4ab       0xf8 ./Drivers/STM32F4xx_HAL_Driver/Src/stm32f4xx_hal_gpio.o
                              0x86868 (size before relaxing)
 .debug_str     0x0008c5a3      0x81d ./Drivers/STM32F4xx_HAL_Driver/Src/stm32f4xx_hal_pcd.o
                              0x871b9 (size before relaxing)
 .debug_str     0x0008cdc0      0x115 ./Drivers/STM32F4xx_HAL_Driver/Src/stm32f4xx_hal_pcd_ex.o
                              0x86aa9 (size before relaxing)
 .debug_str     0x0008ced5      0x21f ./Drivers/STM32F4xx_HAL_Driver/Src/stm32f4xx_hal_rcc.o
                              0x86b21 (size before relaxing)
 .debug_str     0x0008d0f4      0xdef ./Drivers/STM32F4xx_HAL_Driver/Src/stm32f4xx_hal_tim.o
                              0x87a65 (size before relaxing)
 .debug_str     0x0008dee3      0x493 ./Drivers/STM32F4xx_HAL_Driver/Src/stm32f4xx_hal_tim_ex.o
                              0x87271 (size before relaxing)
 .debug_str     0x0008e376      0x4b9 ./Drivers/STM32F4xx_HAL_Driver/Src/stm32f4xx_ll_usb.o
                              0x87094 (size before relaxing)
 .debug_str     0x0008e82f      0xa43 ./Middlewares/ST/STM32_USB_Device_Library/Class/CDC/Src/usbd_cdc.o
                              0x8b6b4 (size before relaxing)
 .debug_str     0x0008f272      0x35c ./Middlewares/ST/STM32_USB_Device_Library/Core/Src/usbd_core.o
                              0x8b00d (size before relaxing)
 .debug_str     0x0008f5ce      0x139 ./Middlewares/ST/STM32_USB_Device_Library/Core/Src/usbd_ctlreq.o
                              0x8ae38 (size before relaxing)
 .debug_str     0x0008f707       0x51 ./Middlewares/ST/STM32_USB_Device_Library/Core/Src/usbd_ioreq.o
                              0x8ad0d (size before relaxing)
 .debug_str     0x0008f758      0x105 ./USB_DEVICE/App/usb_device.o
                              0x8b0c0 (size before relaxing)
 .debug_str     0x0008f85d       0xbd ./USB_DEVICE/App/usbd_cdc_if.o
                              0x8b175 (size before relaxing)
 .debug_str     0x0008f91a      0x26e ./USB_DEVICE/App/usbd_desc.o
                              0x8ac05 (size before relaxing)
 .debug_str     0x0008fb88       0x73 ./USB_DEVICE/Target/usbd_conf.o
                              0x8bdbc (size before relaxing)

.comment        0x00000000       0x43
 .comment       0x00000000       0x43 ./Core/Src/main.o
                                 0x44 (size before relaxing)
 .comment       0x00000043       0x44 ./Core/Src/stm32f4xx_hal_msp.o
 .comment       0x00000043       0x44 ./Core/Src/stm32f4xx_it.o
 .comment       0x00000043       0x44 ./Core/Src/system_stm32f4xx.o
 .comment       0x00000043       0x44 ./Drivers/STM32F4xx_HAL_Driver/Src/stm32f4xx_hal.o
 .comment       0x00000043       0x44 ./Drivers/STM32F4xx_HAL_Driver/Src/stm32f4xx_hal_cortex.o
 .comment       0x00000043       0x44 ./Drivers/STM32F4xx_HAL_Driver/Src/stm32f4xx_hal_gpio.o
 .comment       0x00000043       0x44 ./Drivers/STM32F4xx_HAL_Driver/Src/stm32f4xx_hal_pcd.o
 .comment       0x00000043       0x44 ./Drivers/STM32F4xx_HAL_Driver/Src/stm32f4xx_hal_pcd_ex.o
 .comment       0x00000043       0x44 ./Drivers/STM32F4xx_HAL_Driver/Src/stm32f4xx_hal_rcc.o
 .comment       0x00000043       0x44 ./Drivers/STM32F4xx_HAL_Driver/Src/stm32f4xx_hal_tim.o
 .comment       0x00000043       0x44 ./Drivers/STM32F4xx_HAL_Driver/Src/stm32f4xx_hal_tim_ex.o
 .comment       0x00000043       0x44 ./Drivers/STM32F4xx_HAL_Driver/Src/stm32f4xx_ll_usb.o
 .comment       0x00000043       0x44 ./Middlewares/ST/STM32_USB_Device_Library/Class/CDC/Src/usbd_cdc.o
 .comment       0x00000043       0x44 ./Middlewares/ST/STM32_USB_Device_Library/Core/Src/usbd_core.o
 .comment       0x00000043       0x44 ./Middlewares/ST/STM32_USB_Device_Library/Core/Src/usbd_ctlreq.o
 .comment       0x00000043       0x44 ./Middlewares/ST/STM32_USB_Device_Library/Core/Src/usbd_ioreq.o
 .comment       0x00000043       0x44 ./USB_DEVICE/App/usb_device.o
 .comment       0x00000043       0x44 ./USB_DEVICE/App/usbd_cdc_if.o
 .comment       0x00000043       0x44 ./USB_DEVICE/App/usbd_desc.o
 .comment       0x00000043       0x44 ./USB_DEVICE/Target/usbd_conf.o

.debug_frame    0x00000000     0x48d4
 .debug_frame   0x00000000      0x194 ./Core/Src/main.o
 .debug_frame   0x00000194       0xa4 ./Core/Src/stm32f4xx_hal_msp.o
 .debug_frame   0x00000238      0x158 ./Core/Src/stm32f4xx_it.o
 .debug_frame   0x00000390       0x58 ./Core/Src/system_stm32f4xx.o
 .debug_frame   0x000003e8      0x374 ./Drivers/STM32F4xx_HAL_Driver/Src/stm32f4xx_hal.o
 .debug_frame   0x0000075c      0x508 ./Drivers/STM32F4xx_HAL_Driver/Src/stm32f4xx_hal_cortex.o
 .debug_frame   0x00000c64      0x14c ./Drivers/STM32F4xx_HAL_Driver/Src/stm32f4xx_hal_gpio.o