Archive member included to satisfy reference by file (symbol)

C:/ST/STM32CubeIDE_1.19.0/STM32CubeIDE/plugins/com.st.stm32cube.ide.mcu.externaltools.gnu-tools-for-stm32.13.3.rel1.win32_1.0.0.202411081344/tools/bin/../lib/gcc/arm-none-eabi/13.3.1/../../../../arm-none-eabi/lib/thumb/v7e-m+fp/hard\libc_nano.a(libc_a-atoi.o)
                              ./USB_DEVICE/App/usbd_cdc_if.o (atoi)
C:/ST/STM32CubeIDE_1.19.0/STM32CubeIDE/plugins/com.st.stm32cube.ide.mcu.externaltools.gnu-tools-for-stm32.13.3.rel1.win32_1.0.0.202411081344/tools/bin/../lib/gcc/arm-none-eabi/13.3.1/../../../../arm-none-eabi/lib/thumb/v7e-m+fp/hard\libc_nano.a(libc_a-exit.o)
                              C:/ST/STM32CubeIDE_1.19.0/STM32CubeIDE/plugins/com.st.stm32cube.ide.mcu.externaltools.gnu-tools-for-stm32.13.3.rel1.win32_1.0.0.202411081344/tools/bin/../lib/gcc/arm-none-eabi/13.3.1/../../../../arm-none-eabi/lib/thumb/v7e-m+fp/hard/crt0.o (exit)
C:/ST/STM32CubeIDE_1.19.0/STM32CubeIDE/plugins/com.st.stm32cube.ide.mcu.externaltools.gnu-tools-for-stm32.13.3.rel1.win32_1.0.0.202411081344/tools/bin/../lib/gcc/arm-none-eabi/13.3.1/../../../../arm-none-eabi/lib/thumb/v7e-m+fp/hard\libc_nano.a(libc_a-strtol.o)
                              C:/ST/STM32CubeIDE_1.19.0/STM32CubeIDE/plugins/com.st.stm32cube.ide.mcu.externaltools.gnu-tools-for-stm32.13.3.rel1.win32_1.0.0.202411081344/tools/bin/../lib/gcc/arm-none-eabi/13.3.1/../../../../arm-none-eabi/lib/thumb/v7e-m+fp/hard\libc_nano.a(libc_a-atoi.o) (_strtol_r)
C:/ST/STM32CubeIDE_1.19.0/STM32CubeIDE/plugins/com.st.stm32cube.ide.mcu.externaltools.gnu-tools-for-stm32.13.3.rel1.win32_1.0.0.202411081344/tools/bin/../lib/gcc/arm-none-eabi/13.3.1/../../../../arm-none-eabi/lib/thumb/v7e-m+fp/hard\libc_nano.a(libc_a-ctype_.o)
                              C:/ST/STM32CubeIDE_1.19.0/STM32CubeIDE/plugins/com.st.stm32cube.ide.mcu.externaltools.gnu-tools-for-stm32.13.3.rel1.win32_1.0.0.202411081344/tools/bin/../lib/gcc/arm-none-eabi/13.3.1/../../../../arm-none-eabi/lib/thumb/v7e-m+fp/hard\libc_nano.a(libc_a-strtol.o) (_ctype_)
C:/ST/STM32CubeIDE_1.19.0/STM32CubeIDE/plugins/com.st.stm32cube.ide.mcu.externaltools.gnu-tools-for-stm32.13.3.rel1.win32_1.0.0.202411081344/tools/bin/../lib/gcc/arm-none-eabi/13.3.1/../../../../arm-none-eabi/lib/thumb/v7e-m+fp/hard\libc_nano.a(libc_a-findfp.o)
                              C:/ST/STM32CubeIDE_1.19.0/STM32CubeIDE/plugins/com.st.stm32cube.ide.mcu.externaltools.gnu-tools-for-stm32.13.3.rel1.win32_1.0.0.202411081344/tools/bin/../lib/gcc/arm-none-eabi/13.3.1/../../../../arm-none-eabi/lib/thumb/v7e-m+fp/hard\libc_nano.a(libc_a-exit.o) (__stdio_exit_handler)
C:/ST/STM32CubeIDE_1.19.0/STM32CubeIDE/plugins/com.st.stm32cube.ide.mcu.externaltools.gnu-tools-for-stm32.13.3.rel1.win32_1.0.0.202411081344/tools/bin/../lib/gcc/arm-none-eabi/13.3.1/../../../../arm-none-eabi/lib/thumb/v7e-m+fp/hard\libc_nano.a(libc_a-fwalk.o)
                              C:/ST/STM32CubeIDE_1.19.0/STM32CubeIDE/plugins/com.st.stm32cube.ide.mcu.externaltools.gnu-tools-for-stm32.13.3.rel1.win32_1.0.0.202411081344/tools/bin/../lib/gcc/arm-none-eabi/13.3.1/../../../../arm-none-eabi/lib/thumb/v7e-m+fp/hard\libc_nano.a(libc_a-findfp.o) (_fwalk_sglue)
C:/ST/STM32CubeIDE_1.19.0/STM32CubeIDE/plugins/com.st.stm32cube.ide.mcu.externaltools.gnu-tools-for-stm32.13.3.rel1.win32_1.0.0.202411081344/tools/bin/../lib/gcc/arm-none-eabi/13.3.1/../../../../arm-none-eabi/lib/thumb/v7e-m+fp/hard\libc_nano.a(libc_a-stdio.o)
                              C:/ST/STM32CubeIDE_1.19.0/STM32CubeIDE/plugins/com.st.stm32cube.ide.mcu.externaltools.gnu-tools-for-stm32.13.3.rel1.win32_1.0.0.202411081344/tools/bin/../lib/gcc/arm-none-eabi/13.3.1/../../../../arm-none-eabi/lib/thumb/v7e-m+fp/hard\libc_nano.a(libc_a-findfp.o) (__sread)
C:/ST/STM32CubeIDE_1.19.0/STM32CubeIDE/plugins/com.st.stm32cube.ide.mcu.externaltools.gnu-tools-for-stm32.13.3.rel1.win32_1.0.0.202411081344/tools/bin/../lib/gcc/arm-none-eabi/13.3.1/../../../../arm-none-eabi/lib/thumb/v7e-m+fp/hard\libc_nano.a(libc_a-memset.o)
                              C:/ST/STM32CubeIDE_1.19.0/STM32CubeIDE/plugins/com.st.stm32cube.ide.mcu.externaltools.gnu-tools-for-stm32.13.3.rel1.win32_1.0.0.202411081344/tools/bin/../lib/gcc/arm-none-eabi/13.3.1/../../../../arm-none-eabi/lib/thumb/v7e-m+fp/hard/crt0.o (memset)
C:/ST/STM32CubeIDE_1.19.0/STM32CubeIDE/plugins/com.st.stm32cube.ide.mcu.externaltools.gnu-tools-for-stm32.13.3.rel1.win32_1.0.0.202411081344/tools/bin/../lib/gcc/arm-none-eabi/13.3.1/../../../../arm-none-eabi/lib/thumb/v7e-m+fp/hard\libc_nano.a(libc_a-strncmp.o)
                              ./USB_DEVICE/App/usbd_cdc_if.o (strncmp)
C:/ST/STM32CubeIDE_1.19.0/STM32CubeIDE/plugins/com.st.stm32cube.ide.mcu.externaltools.gnu-tools-for-stm32.13.3.rel1.win32_1.0.0.202411081344/tools/bin/../lib/gcc/arm-none-eabi/13.3.1/../../../../arm-none-eabi/lib/thumb/v7e-m+fp/hard\libc_nano.a(libc_a-strncpy.o)
                              ./USB_DEVICE/App/usbd_cdc_if.o (strncpy)
[...]
Memory Configuration

Name             Origin             Length             Attributes
RAM              0x20000000         0x00020000         xrw
FLASH            0x08000000         0x00080000         xr
*default*        0x00000000         0xffffffff

Linker script and memory map

LOAD C:/ST/STM32CubeIDE_1.19.0/STM32CubeIDE/plugins/com.st.stm32cube.ide.mcu.externaltools.gnu-tools-for-stm32.13.3.rel1.win32_1.0.0.202411081344/tools/bin/../lib/gcc/arm-none-eabi/13.3.1/thumb/v7e-m+fp/hard/crti.o
LOAD C:/ST/STM32CubeIDE_1.19.0/STM32CubeIDE/plugins/com.st.stm32cube.ide.mcu.externaltools.gnu-tools-for-stm32.13.3.rel1.win32_1.0.0.202411081344/tools/bin/../lib/gcc/arm-none-eabi/13.3.1/thumb/v7e-m+fp/hard/crtbegin.o
LOAD C:/ST/STM32CubeIDE_1.19.0/STM32CubeIDE/plugins/com.st.stm32cube.ide.mcu.externaltools.gnu-tools-for-stm32.13.3.rel1.win32_1.0.0.202411081344/tools/bin/../lib/gcc/arm-none-eabi/13.3.1/../../../../arm-none-eabi/lib/thumb/v7e-m+fp/hard/crt0.o
LOAD ./Core/Src/main.o
LOAD ./Core/Src/stm32f4xx_hal_msp.o
LOAD ./Core/Src/stm32f4xx_it.o
LOAD ./Core/Src/syscalls.o
LOAD ./Core/Src/sysmem.o
LOAD ./Core/Src/system_stm32f4xx.o
LOAD ./Core/Startup/startup_stm32f411ceux.o
LOAD ./Drivers/STM32F4xx_HAL_Driver/Src/stm32f4xx_hal.o
LOAD ./Drivers/STM32F4xx_HAL_Driver/Src/stm32f4xx_hal_cortex.o
LOAD ./Drivers/STM32F4xx_HAL_Driver/Src/stm32f4xx_hal_dma.o
LOAD ./Drivers/STM32F4xx_HAL_Driver/Src/stm32f4xx_hal_dma_ex.o
LOAD ./Drivers/STM32F4xx_HAL_Driver/Src/stm32f4xx_hal_exti.o
LOAD ./Drivers/STM32F4xx_HAL_Driver/Src/stm32f4xx_hal_flash.o
LOAD ./Drivers/STM32F4xx_HAL_Driver/Src/stm32f4xx_hal_flash_ex.o
LOAD ./Drivers/STM32F4xx_HAL_Driver/Src/stm32f4xx_hal_flash_ramfunc.o
LOAD ./Drivers/STM32F4xx_HAL_Driver/Src/stm32f4xx_hal_gpio.o
LOAD ./Drivers/STM32F4xx_HAL_Driver/Src/stm32f4xx_hal_pcd.o
LOAD ./Drivers/STM32F4xx_HAL_Driver/Src/stm32f4xx_hal_pcd_ex.o
LOAD ./Drivers/STM32F4xx_HAL_Driver/Src/stm32f4xx_hal_pwr.o
LOAD ./Drivers/STM32F4xx_HAL_Driver/Src/stm32f4xx_hal_pwr_ex.o
LOAD ./Drivers/STM32F4xx_HAL_Driver/Src/stm32f4xx_hal_rcc.o
LOAD ./Drivers/STM32F4xx_HAL_Driver/Src/stm32f4xx_hal_rcc_ex.o
LOAD ./Drivers/STM32F4xx_HAL_Driver/Src/stm32f4xx_hal_tim.o
LOAD ./Drivers/STM32F4xx_HAL_Driver/Src/stm32f4xx_hal_tim_ex.o
LOAD ./Drivers/STM32F4xx_HAL_Driver/Src/stm32f4xx_ll_usb.o
LOAD ./Middlewares/ST/STM32_USB_Device_Library/Class/CDC/Src/usbd_cdc.o
LOAD ./Middlewares/ST/STM32_USB_Device_Library/Core/Src/usbd_core.o
LOAD ./Middlewares/ST/STM32_USB_Device_Library/Core/Src/usbd_ctlreq.o
LOAD ./Middlewares/ST/STM32_USB_Device_Library/Core/Src/usbd_ioreq.o
LOAD ./USB_DEVICE/App/usb_device.o
LOAD ./USB_DEVICE/App/usbd_cdc_if.o
LOAD ./USB_DEVICE/App/usbd_desc.o
LOAD ./USB_DEVICE/Target/usbd_conf.o
START GROUP
LOAD C:/ST/STM32CubeIDE_1.19.0/STM32CubeIDE/plugins/com.st.stm32cube.ide.mcu.externaltools.gnu-tools-for-stm32.13.3.rel1.win32_1.0.0.202411081344/tools/bin/../lib/gcc/arm-none-eabi/13.3.1/../../../../arm-none-eabi/lib/thumb/v7e-m+fp/hard\libc_nano.a
LOAD C:/ST/STM32CubeIDE_1.19.0/STM32CubeIDE/plugins/com.st.stm32cube.ide.mcu.externaltools.gnu-tools-for-stm32.13.3.rel1.win32_1.0.0.202411081344/tools/bin/../lib/gcc/arm-none-eabi/13.3.1/../../../../arm-none-eabi/lib/thumb/v7e-m+fp/hard\libm.a
END GROUP
START GROUP
LOAD C:/ST/STM32CubeIDE_1.19.0/STM32CubeIDE/plugins/com.st.stm32cube.ide.mcu.externaltools.gnu-tools-for-stm32.13.3.rel1.win32_1.0.0.202411081344/tools/bin/../lib/gcc/arm-none-eabi/13.3.1/thumb/v7e-m+fp/hard\libgcc.a
LOAD C:/ST/STM32CubeIDE_1.19.0/STM32CubeIDE/plugins/com.st.stm32cube.ide.mcu.externaltools.gnu-tools-for-stm32.13.3.rel1.win32_1.0.0.202411081344/tools/bin/../lib/gcc/arm-none-eabi/13.3.1/../../../../arm-none-eabi/lib/thumb/v7e-m+fp/hard\libc_nano.a
END GROUP
START GROUP
LOAD C:/ST/STM32CubeIDE_1.19.0/STM32CubeIDE/plugins/com.st.stm32cube.ide.mcu.externaltools.gnu-tools-for-stm32.13.3.rel1.win32_1.0.0.202411081344/tools/bin/../lib/gcc/arm-none-eabi/13.3.1/thumb/v7e-m+fp/hard\libgcc.a
LOAD C:/ST/STM32CubeIDE_1.19.0/STM32CubeIDE/plugins/com.st.stm32cube.ide.mcu.externaltools.gnu-tools-for-stm32.13.3.rel1.win32_1.0.0.202411081344/tools/bin/../lib/gcc/arm-none-eabi/13.3.1/../../../../arm-none-eabi/lib/thumb/v7e-m+fp/hard\libc_nano.a
LOAD C:/ST/STM32CubeIDE_1.19.0/STM32CubeIDE/plugins/com.st.stm32cube.ide.mcu.externaltools.gnu-tools-for-stm32.13.3.rel1.win32_1.0.0.202411081344/tools/bin/../lib/gcc/arm-none-eabi/13.3.1/../../../../arm-none-eabi/lib/thumb/v7e-m+fp/hard\libnosys.a
END GROUP
START GROUP
LOAD C:/ST/STM32CubeIDE_1.19.0/STM32CubeIDE/plugins/com.st.stm32cube.ide.mcu.externaltools.gnu-tools-for-stm32.13.3.rel1.win32_1.0.0.202411081344/tools/bin/../lib/gcc/arm-none-eabi/13.3.1/thumb/v7e-m+fp/hard\libgcc.a
LOAD C:/ST/STM32CubeIDE_1.19.0/STM32CubeIDE/plugins/com.st.stm32cube.ide.mcu.externaltools.gnu-tools-for-stm32.13.3.rel1.win32_1.0.0.202411081344/tools/bin/../lib/gcc/arm-none-eabi/13.3.1/../../../../arm-none-eabi/lib/thumb/v7e-m+fp/hard\libc_nano.a
LOAD C:/ST/STM32CubeIDE_1.19.0/STM32CubeIDE/plugins/com.st.stm32cube.ide.mcu.externaltools.gnu-tools-for-stm32.13.3.rel1.win32_1.0.0.202411081344/tools/bin/../lib/gcc/arm-none-eabi/13.3.1/../../../../arm-none-eabi/lib/thumb/v7e-m+fp/hard\libnosys.a
END GROUP
LOAD C:/ST/STM32CubeIDE_1.19.0/STM32CubeIDE/plugins/com.st.stm32cube.ide.mcu.externaltools.gnu-tools-for-stm32.13.3.rel1.win32_1.0.0.202411081344/tools/bin/../lib/gcc/arm-none-eabi/13.3.1/thumb/v7e-m+fp/hard/crtend.o
LOAD C:/ST/STM32CubeIDE_1.19.0/STM32CubeIDE/plugins/com.st.stm32cube.ide.mcu.externaltools.gnu-tools-for-stm32.13.3.rel1.win32_1.0.0.202411081344/tools/bin/../lib/gcc/arm-none-eabi/13.3.1/thumb/v7e-m+fp/hard/crtn.o
                0x20020000                        _estack = (ORIGIN (RAM) + LENGTH (RAM))
                0x00000200                        _Min_Heap_Size = 0x200
                0x00000400                        _Min_Stack_Size = 0x400

.isr_vector     0x08000000      0x198
                0x08000000                        . = ALIGN (0x4)
 *(.isr_vector)
 .isr_vector    0x08000000      0x198 ./Core/Startup/startup_stm32f411ceux.o
                0x08000000                g_pfnVectors
                0x08000198                        . = ALIGN (0x4)

.text           0x08000198     0x82bc
                0x08000198                        . = ALIGN (0x4)
 *(.text)
 .text          0x08000198       0x40 C:/ST/STM32CubeIDE_1.19.0/STM32CubeIDE/plugins/com.st.stm32cube.ide.mcu.externaltools.gnu-tools-for-stm32.13.3.rel1.win32_1.0.0.202411081344/tools/bin/../lib/gcc/arm-none-eabi/13.3.1/thumb/v7e-m+fp/hard/crtbegin.o
 .text          0x080001d8       0x14 C:/ST/STM32CubeIDE_1.19.0/STM32CubeIDE/plugins/com.st.stm32cube.ide.mcu.externaltools.gnu-tools-for-stm32.13.3.rel1.win32_1.0.0.202411081344/tools/bin/../lib/gcc/arm-none-eabi/13.3.1/../../../../arm-none-eabi/lib/thumb/v7e-m+fp/hard\libc_nano.a(libc_a-strcmp.o)
                0x080001d8                strcmp
 .text          0x080001ec       0x30 C:/ST/STM32CubeIDE_1.19.0/STM32CubeIDE/plugins/com.st.stm32cube.ide.mcu.externaltools.gnu-tools-for-stm32.13.3.rel1.win32_1.0.0.202411081344/tools/bin/../lib/gcc/arm-none-eabi/13.3.1/thumb/v7e-m+fp/hard\libgcc.a(_aeabi_uldivmod.o)
                0x080001ec                __aeabi_uldivmod
 .text          0x0800021c      0x2f8 C:/ST/STM32CubeIDE_1.19.0/STM32CubeIDE/plugins/com.st.stm32cube.ide.mcu.externaltools.gnu-tools-for-stm32.13.3.rel1.win32_1.0.0.202411081344/tools/bin/../lib/gcc/arm-none-eabi/13.3.1/thumb/v7e-m+fp/hard\libgcc.a(_udivmoddi4.o)
                0x0800021c                __udivmoddi4
 .text          0x08000514        0x4 C:/ST/STM32CubeIDE_1.19.0/STM32CubeIDE/plugins/com.st.stm32cube.ide.mcu.externaltools.gnu-tools-for-stm32.13.3.rel1.win32_1.0.0.202411081344/tools/bin/../lib/gcc/arm-none-eabi/13.3.1/thumb/v7e-m+fp/hard\libgcc.a(_dvmd_tls.o)
                0x08000514                __aeabi_idiv0
                0x08000514                __aeabi_ldiv0
 *(.text*)
 .text.delay_us
                0x08000518       0x48 ./Core/Src/main.o
                0x08000518                delay_us
 .text.singleStep
                0x08000560       0x50 ./Core/Src/main.o
                0x08000560                singleStep
 .text.HAL_GPIO_EXTI_Callback
                0x080005b0       0x7c ./Core/Src/main.o
                0x080005b0                HAL_GPIO_EXTI_Callback
 .text.set_motor_speed_fw
                0x0800062c       0x3c ./Core/Src/main.o
                0x0800062c                set_motor_speed_fw
 .text.set_motor_speed_bw
                0x08000668       0x40 ./Core/Src/main.o
                0x08000668                set_motor_speed_bw
 .text.main     0x080006a8      0x310 ./Core/Src/main.o
                0x080006a8                main
 .text.SystemClock_Config
                0x080009b8       0xd0 ./Core/Src/main.o
                0x080009b8                SystemClock_Config
 .text.MX_TIM2_Init
                0x08000a88       0xb0 ./Core/Src/main.o
 .text.MX_TIM3_Init
                0x08000b38       0xc8 ./Core/Src/main.o
 .text.MX_GPIO_Init
                0x08000c00       0xec ./Core/Src/main.o
 .text.Error_Handler
                0x08000cec        0xc ./Core/Src/main.o
                0x08000cec                Error_Handler
 .text.HAL_MspInit
                0x08000cf8       0x50 ./Core/Src/stm32f4xx_hal_msp.o
                0x08000cf8                HAL_MspInit
 .text.HAL_TIM_PWM_MspInit
                0x08000d48       0x78 ./Core/Src/stm32f4xx_hal_msp.o
                0x08000d48                HAL_TIM_PWM_MspInit
 .text.HAL_TIM_MspPostInit
                0x08000dc0       0xbc ./Core/Src/stm32f4xx_hal_msp.o
                0x08000dc0                HAL_TIM_MspPostInit
 .text.NMI_Handler
                0x08000e7c        0x8 ./Core/Src/stm32f4xx_it.o
                0x08000e7c                NMI_Handler
 .text.HardFault_Handler
                0x08000e84        0x8 ./Core/Src/stm32f4xx_it.o
                0x08000e84                HardFault_Handler
 .text.MemManage_Handler
                0x08000e8c        0x8 ./Core/Src/stm32f4xx_it.o
                0x08000e8c                MemManage_Handler
 .text.BusFault_Handler
                0x08000e94        0x8 ./Core/Src/stm32f4xx_it.o
                0x08000e94                BusFault_Handler
 .text.UsageFault_Handler
                0x08000e9c        0x8 ./Core/Src/stm32f4xx_it.o
                0x08000e9c                UsageFault_Handler
 .text.SVC_Handler
                0x08000ea4        0xe ./Core/Src/stm32f4xx_it.o
                0x08000ea4                SVC_Handler
 .text.DebugMon_Handler
                0x08000eb2        0xe ./Core/Src/stm32f4xx_it.o
                0x08000eb2                DebugMon_Handler
 .text.PendSV_Handler
                0x08000ec0        0xe ./Core/Src/stm32f4xx_it.o
                0x08000ec0                PendSV_Handler
 .text.SysTick_Handler
                0x08000ece        0xc ./Core/Src/stm32f4xx_it.o
                0x08000ece                SysTick_Handler
 *fill*         0x08000eda        0x2 
 .text.TIM3_IRQHandler
                0x08000edc       0x14 ./Core/Src/stm32f4xx_it.o
                0x08000edc                TIM3_IRQHandler
 .text.EXTI15_10_IRQHandler
                0x08000ef0       0x18 ./Core/Src/stm32f4xx_it.o
                0x08000ef0                EXTI15_10_IRQHandler
 .text.OTG_FS_IRQHandler
                0x08000f08       0x14 ./Core/Src/stm32f4xx_it.o
                0x08000f08                OTG_FS_IRQHandler
 .text.SystemInit
                0x08000f1c       0x24 ./Core/Src/system_stm32f4xx.o
                0x08000f1c                SystemInit
 .text.Reset_Handler
                0x08000f40       0x50 ./Core/Startup/startup_stm32f411ceux.o
                0x08000f40                Reset_Handler
 .text.Default_Handler
                0x08000f90        0x2 ./Core/Startup/startup_stm32f411ceux.o
                0x08000f90                RTC_Alarm_IRQHandler
                0x08000f90                EXTI2_IRQHandler
                0x08000f90                SPI4_IRQHandler
                0x08000f90                TIM1_CC_IRQHandler
                0x08000f90                DMA2_Stream5_IRQHandler
                0x08000f90                DMA1_Stream5_IRQHandler
                0x08000f90                PVD_IRQHandler
                0x08000f90                SDIO_IRQHandler
                0x08000f90                TAMP_STAMP_IRQHandler
                0x08000f90                EXTI3_IRQHandler
                0x08000f90                TIM1_UP_TIM10_IRQHandler
                0x08000f90                I2C3_ER_IRQHandler
                0x08000f90                EXTI0_IRQHandler
                0x08000f90                I2C2_EV_IRQHandler
                0x08000f90                DMA1_Stream2_IRQHandler
                0x08000f90                FPU_IRQHandler
                0x08000f90                DMA2_Stream2_IRQHandler
                0x08000f90                SPI1_IRQHandler
                0x08000f90                TIM1_BRK_TIM9_IRQHandler
                0x08000f90                DMA2_Stream3_IRQHandler
                0x08000f90                USART6_IRQHandler
                0x08000f90                DMA2_Stream0_IRQHandler
                0x08000f90                TIM4_IRQHandler
                0x08000f90                I2C1_EV_IRQHandler
                0x08000f90                DMA1_Stream6_IRQHandler
                0x08000f90                DMA1_Stream1_IRQHandler
                0x08000f90                RCC_IRQHandler
                0x08000f90                Default_Handler
                0x08000f90                ADC_IRQHandler
                0x08000f90                DMA1_Stream7_IRQHandler
                0x08000f90                SPI5_IRQHandler
                0x08000f90                TIM5_IRQHandler
                0x08000f90                DMA2_Stream7_IRQHandler
                0x08000f90                I2C3_EV_IRQHandler
                0x08000f90                EXTI9_5_IRQHandler
                0x08000f90                RTC_WKUP_IRQHandler
                0x08000f90                SPI2_IRQHandler
                0x08000f90                DMA1_Stream0_IRQHandler
                0x08000f90                EXTI4_IRQHandler
                0x08000f90                WWDG_IRQHandler
                0x08000f90                TIM2_IRQHandler
                0x08000f90                OTG_FS_WKUP_IRQHandler
                0x08000f90                TIM1_TRG_COM_TIM11_IRQHandler
                0x08000f90                EXTI1_IRQHandler
                0x08000f90                USART2_IRQHandler
                0x08000f90                I2C2_ER_IRQHandler
                0x08000f90                DMA2_Stream1_IRQHandler
                0x08000f90                FLASH_IRQHandler
                0x08000f90                DMA2_Stream4_IRQHandler
                0x08000f90                USART1_IRQHandler
                0x08000f90                SPI3_IRQHandler
                0x08000f90                DMA1_Stream4_IRQHandler
                0x08000f90                I2C1_ER_IRQHandler
                0x08000f90                DMA2_Stream6_IRQHandler
                0x08000f90                DMA1_Stream3_IRQHandler
 *fill*         0x08000f92        0x2 
 .text.HAL_Init
                0x08000f94       0x44 ./Drivers/STM32F4xx_HAL_Driver/Src/stm32f4xx_hal.o
                0x08000f94                HAL_Init
 .text.HAL_InitTick
                0x08000fd8       0x60 ./Drivers/STM32F4xx_HAL_Driver/Src/stm32f4xx_hal.o
                0x08000fd8                HAL_InitTick
 .text.HAL_IncTick
                0x08001038       0x28 ./Drivers/STM32F4xx_HAL_Driver/Src/stm32f4xx_hal.o
                0x08001038                HAL_IncTick
 .text.HAL_GetTick
                0x08001060       0x18 ./Drivers/STM32F4xx_HAL_Driver/Src/stm32f4xx_hal.o
                0x08001060                HAL_GetTick
 .text.HAL_Delay
                0x08001078       0x48 ./Drivers/STM32F4xx_HAL_Driver/Src/stm32f4xx_hal.o
                0x08001078                HAL_Delay
 .text.__NVIC_SetPriorityGrouping
                0x080010c0       0x48 ./Drivers/STM32F4xx_HAL_Driver/Src/stm32f4xx_hal_cortex.o
 .text.__NVIC_GetPriorityGrouping
                0x08001108       0x1c ./Drivers/STM32F4xx_HAL_Driver/Src/stm32f4xx_hal_cortex.o
 .text.__NVIC_EnableIRQ
                0x08001124       0x3c ./Drivers/STM32F4xx_HAL_Driver/Src/stm32f4xx_hal_cortex.o
 .text.__NVIC_SetPriority
                0x08001160       0x54 ./Drivers/STM32F4xx_HAL_Driver/Src/stm32f4xx_hal_cortex.o
 .text.NVIC_EncodePriority
                0x080011b4       0x66 ./Drivers/STM32F4xx_HAL_Driver/Src/stm32f4xx_hal_cortex.o
 *fill*         0x0800121a        0x2 
 .text.SysTick_Config
                0x0800121c       0x44 ./Drivers/STM32F4xx_HAL_Driver/Src/stm32f4xx_hal_cortex.o
 .text.HAL_NVIC_SetPriorityGrouping
                0x08001260       0x16 ./Drivers/STM32F4xx_HAL_Driver/Src/stm32f4xx_hal_cortex.o
                0x08001260                HAL_NVIC_SetPriorityGrouping
 .text.HAL_NVIC_SetPriority
                0x08001276       0x38 ./Drivers/STM32F4xx_HAL_Driver/Src/stm32f4xx_hal_cortex.o
                0x08001276                HAL_NVIC_SetPriority
 .text.HAL_NVIC_EnableIRQ
                0x080012ae       0x1c ./Drivers/STM32F4xx_HAL_Driver/Src/stm32f4xx_hal_cortex.o
                0x080012ae                HAL_NVIC_EnableIRQ
 .text.HAL_SYSTICK_Config
                0x080012ca       0x18 ./Drivers/STM32F4xx_HAL_Driver/Src/stm32f4xx_hal_cortex.o
                0x080012ca                HAL_SYSTICK_Config
 *fill*         0x080012e2        0x2 
 .text.HAL_GPIO_Init
                0x080012e4      0x308 ./Drivers/STM32F4xx_HAL_Driver/Src/stm32f4xx_hal_gpio.o
                0x080012e4                HAL_GPIO_Init
 .text.HAL_GPIO_WritePin
                0x080015ec       0x32 ./Drivers/STM32F4xx_HAL_Driver/Src/stm32f4xx_hal_gpio.o
                0x080015ec                HAL_GPIO_WritePin
 *fill*         0x0800161e        0x2 
 .text.HAL_GPIO_EXTI_IRQHandler
                0x08001620       0x30 ./Drivers/STM32F4xx_HAL_Driver/Src/stm32f4xx_hal_gpio.o
                0x08001620                HAL_GPIO_EXTI_IRQHandler
 .text.HAL_PCD_Init
                0x08001650      0x21e ./Drivers/STM32F4xx_HAL_Driver/Src/stm32f4xx_hal_pcd.o
                0x08001650                HAL_PCD_Init
 .text.HAL_PCD_Start
                0x0800186e       0x6a ./Drivers/STM32F4xx_HAL_Driver/Src/stm32f4xx_hal_pcd.o
                0x0800186e                HAL_PCD_Start
 .text.HAL_PCD_IRQHandler
                0x080018d8      0x942 ./Drivers/STM32F4xx_HAL_Driver/Src/stm32f4xx_hal_pcd.o
                0x080018d8                HAL_PCD_IRQHandler
 .text.HAL_PCD_SetAddress
                0x0800221a       0x48 ./Drivers/STM32F4xx_HAL_Driver/Src/stm32f4xx_hal_pcd.o
                0x0800221a                HAL_PCD_SetAddress
 .text.HAL_PCD_EP_Open
                0x08002262       0xd4 ./Drivers/STM32F4xx_HAL_Driver/Src/stm32f4xx_hal_pcd.o
                0x08002262                HAL_PCD_EP_Open
 .text.HAL_PCD_EP_Close
                0x08002336       0x94 ./Drivers/STM32F4xx_HAL_Driver/Src/stm32f4xx_hal_pcd.o
                0x08002336                HAL_PCD_EP_Close
 .text.HAL_PCD_EP_Receive
                0x080023ca       0x76 ./Drivers/STM32F4xx_HAL_Driver/Src/stm32f4xx_hal_pcd.o
                0x080023ca                HAL_PCD_EP_Receive
 .text.HAL_PCD_EP_GetRxCount
                0x08002440       0x30 ./Drivers/STM32F4xx_HAL_Driver/Src/stm32f4xx_hal_pcd.o
                0x08002440                HAL_PCD_EP_GetRxCount
 .text.HAL_PCD_EP_Transmit
                0x08002470       0x74 ./Drivers/STM32F4xx_HAL_Driver/Src/stm32f4xx_hal_pcd.o
                0x08002470                HAL_PCD_EP_Transmit
 .text.HAL_PCD_EP_SetStall
                0x080024e4       0xc6 ./Drivers/STM32F4xx_HAL_Driver/Src/stm32f4xx_hal_pcd.o
                0x080024e4                HAL_PCD_EP_SetStall
 .text.HAL_PCD_EP_ClrStall
                0x080025aa       0xac ./Drivers/STM32F4xx_HAL_Driver/Src/stm32f4xx_hal_pcd.o
                0x080025aa                HAL_PCD_EP_ClrStall
 .text.HAL_PCD_EP_Abort
                0x08002656       0x62 ./Drivers/STM32F4xx_HAL_Driver/Src/stm32f4xx_hal_pcd.o
                0x08002656                HAL_PCD_EP_Abort
 .text.PCD_WriteEmptyTxFifo
                0x080026b8      0x118 ./Drivers/STM32F4xx_HAL_Driver/Src/stm32f4xx_hal_pcd.o
 .text.PCD_EP_OutXfrComplete_int
                0x080027d0      0x1d0 ./Drivers/STM32F4xx_HAL_Driver/Src/stm32f4xx_hal_pcd.o
 .text.PCD_EP_OutSetupPacket_int
                0x080029a0       0x8c ./Drivers/STM32F4xx_HAL_Driver/Src/stm32f4xx_hal_pcd.o
 .text.HAL_PCDEx_SetTxFiFo
                0x08002a2c       0x8e ./Drivers/STM32F4xx_HAL_Driver/Src/stm32f4xx_hal_pcd_ex.o
                0x08002a2c                HAL_PCDEx_SetTxFiFo
 .text.HAL_PCDEx_SetRxFiFo
                0x08002aba       0x22 ./Drivers/STM32F4xx_HAL_Driver/Src/stm32f4xx_hal_pcd_ex.o
                0x08002aba                HAL_PCDEx_SetRxFiFo
 .text.HAL_PCDEx_LPM_Callback
                0x08002adc       0x18 ./Drivers/STM32F4xx_HAL_Driver/Src/stm32f4xx_hal_pcd_ex.o
                0x08002adc                HAL_PCDEx_LPM_Callback
 .text.HAL_RCC_OscConfig
                0x08002af4      0x4f0 ./Drivers/STM32F4xx_HAL_Driver/Src/stm32f4xx_hal_rcc.o
                0x08002af4                HAL_RCC_OscConfig
 .text.HAL_RCC_ClockConfig
                0x08002fe4      0x1cc ./Drivers/STM32F4xx_HAL_Driver/Src/stm32f4xx_hal_rcc.o
                0x08002fe4                HAL_RCC_ClockConfig
 .text.HAL_RCC_GetSysClockFreq
                0x080031b0      0x18c ./Drivers/STM32F4xx_HAL_Driver/Src/stm32f4xx_hal_rcc.o
                0x080031b0                HAL_RCC_GetSysClockFreq
 .text.HAL_RCC_GetHCLKFreq
                0x0800333c       0x18 ./Drivers/STM32F4xx_HAL_Driver/Src/stm32f4xx_hal_rcc.o
                0x0800333c                HAL_RCC_GetHCLKFreq
 .text.HAL_TIM_PWM_Init
                0x08003354       0x9e ./Drivers/STM32F4xx_HAL_Driver/Src/stm32f4xx_hal_tim.o
                0x08003354                HAL_TIM_PWM_Init
 *fill*         0x080033f2        0x2 
 .text.HAL_TIM_PWM_Start
                0x080033f4      0x160 ./Drivers/STM32F4xx_HAL_Driver/Src/stm32f4xx_hal_tim.o
                0x080033f4                HAL_TIM_PWM_Start
 .text.HAL_TIM_IRQHandler
                0x08003554      0x1e0 ./Drivers/STM32F4xx_HAL_Driver/Src/stm32f4xx_hal_tim.o
                0x08003554                HAL_TIM_IRQHandler
 .text.HAL_TIM_PWM_ConfigChannel
                0x08003734      0x184 ./Drivers/STM32F4xx_HAL_Driver/Src/stm32f4xx_hal_tim.o
                0x08003734                HAL_TIM_PWM_ConfigChannel
 .text.HAL_TIM_PeriodElapsedCallback
                0x080038b8       0x14 ./Drivers/STM32F4xx_HAL_Driver/Src/stm32f4xx_hal_tim.o
                0x080038b8                HAL_TIM_PeriodElapsedCallback
 .text.HAL_TIM_OC_DelayElapsedCallback
                0x080038cc       0x14 ./Drivers/STM32F4xx_HAL_Driver/Src/stm32f4xx_hal_tim.o
                0x080038cc                HAL_TIM_OC_DelayElapsedCallback
 .text.HAL_TIM_IC_CaptureCallback
                0x080038e0       0x14 ./Drivers/STM32F4xx_HAL_Driver/Src/stm32f4xx_hal_tim.o
                0x080038e0                HAL_TIM_IC_CaptureCallback
 .text.HAL_TIM_PWM_PulseFinishedCallback
                0x080038f4       0x14 ./Drivers/STM32F4xx_HAL_Driver/Src/stm32f4xx_hal_tim.o
                0x080038f4                HAL_TIM_PWM_PulseFinishedCallback
 .text.HAL_TIM_TriggerCallback
                0x08003908       0x14 ./Drivers/STM32F4xx_HAL_Driver/Src/stm32f4xx_hal_tim.o
                0x08003908                HAL_TIM_TriggerCallback
 .text.TIM_Base_SetConfig
                0x0800391c      0x10c ./Drivers/STM32F4xx_HAL_Driver/Src/stm32f4xx_hal_tim.o
                0x0800391c                TIM_Base_SetConfig
 .text.TIM_OC1_SetConfig
                0x08003a28       0xcc ./Drivers/STM32F4xx_HAL_Driver/Src/stm32f4xx_hal_tim.o
 .text.TIM_OC2_SetConfig
                0x08003af4       0xd8 ./Drivers/STM32F4xx_HAL_Driver/Src/stm32f4xx_hal_tim.o
                0x08003af4                TIM_OC2_SetConfig
 .text.TIM_OC3_SetConfig
                0x08003bcc       0xd4 ./Drivers/STM32F4xx_HAL_Driver/Src/stm32f4xx_hal_tim.o
 .text.TIM_OC4_SetConfig
                0x08003ca0       0xa0 ./Drivers/STM32F4xx_HAL_Driver/Src/stm32f4xx_hal_tim.o
 .text.TIM_CCxChannelCmd
                0x08003d40       0x4a ./Drivers/STM32F4xx_HAL_Driver/Src/stm32f4xx_hal_tim.o
                0x08003d40                TIM_CCxChannelCmd
 *fill*         0x08003d8a        0x2 
 .text.HAL_TIMEx_MasterConfigSynchronization
                0x08003d8c       0xdc ./Drivers/STM32F4xx_HAL_Driver/Src/stm32f4xx_hal_tim_ex.o
                0x08003d8c                HAL_TIMEx_MasterConfigSynchronization
 .text.HAL_TIMEx_CommutCallback
                0x08003e68       0x14 ./Drivers/STM32F4xx_HAL_Driver/Src/stm32f4xx_hal_tim_ex.o
                0x08003e68                HAL_TIMEx_CommutCallback
 .text.HAL_TIMEx_BreakCallback
                0x08003e7c       0x14 ./Drivers/STM32F4xx_HAL_Driver/Src/stm32f4xx_hal_tim_ex.o
                0x08003e7c                HAL_TIMEx_BreakCallback
 .text.USB_CoreInit
                0x08003e90       0xc8 ./Drivers/STM32F4xx_HAL_Driver/Src/stm32f4xx_ll_usb.o
                0x08003e90                USB_CoreInit
 .text.USB_SetTurnaroundTime
                0x08003f58      0x144 ./Drivers/STM32F4xx_HAL_Driver/Src/stm32f4xx_ll_usb.o
                0x08003f58                USB_SetTurnaroundTime
 .text.USB_EnableGlobalInt
                0x0800409c       0x22 ./Drivers/STM32F4xx_HAL_Driver/Src/stm32f4xx_ll_usb.o
                0x0800409c                USB_EnableGlobalInt
 .text.USB_DisableGlobalInt
                0x080040be       0x22 ./Drivers/STM32F4xx_HAL_Driver/Src/stm32f4xx_ll_usb.o
                0x080040be                USB_DisableGlobalInt
 .text.USB_SetCurrentMode
                0x080040e0       0x98 ./Drivers/STM32F4xx_HAL_Driver/Src/stm32f4xx_ll_usb.o
                0x080040e0                USB_SetCurrentMode
 .text.USB_DevInit
                0x08004178      0x2c8 ./Drivers/STM32F4xx_HAL_Driver/Src/stm32f4xx_ll_usb.o
                0x08004178                USB_DevInit
 .text.USB_FlushTxFifo
                0x08004440       0x64 ./Drivers/STM32F4xx_HAL_Driver/Src/stm32f4xx_ll_usb.o
                0x08004440                USB_FlushTxFifo
 .text.USB_FlushRxFifo
                0x080044a4       0x5c ./Drivers/STM32F4xx_HAL_Driver/Src/stm32f4xx_ll_usb.o
                0x080044a4                USB_FlushRxFifo
 .text.USB_SetDevSpeed
                0x08004500       0x32 ./Drivers/STM32F4xx_HAL_Driver/Src/stm32f4xx_ll_usb.o
                0x08004500                USB_SetDevSpeed
 .text.USB_GetDevSpeed
                0x08004532       0x4a ./Drivers/STM32F4xx_HAL_Driver/Src/stm32f4xx_ll_usb.o
                0x08004532                USB_GetDevSpeed
 .text.USB_ActivateEndpoint
                0x0800457c      0x10e ./Drivers/STM32F4xx_HAL_Driver/Src/stm32f4xx_ll_usb.o
                0x0800457c                USB_ActivateEndpoint
 *fill*         0x0800468a        0x2 
 .text.USB_DeactivateEndpoint
                0x0800468c      0x1b8 ./Drivers/STM32F4xx_HAL_Driver/Src/stm32f4xx_ll_usb.o
                0x0800468c                USB_DeactivateEndpoint
 .text.USB_EPStartXfer
                0x08004844      0x53c ./Drivers/STM32F4xx_HAL_Driver/Src/stm32f4xx_ll_usb.o
                0x08004844                USB_EPStartXfer
 .text.USB_EPStopXfer
                0x08004d80      0x154 ./Drivers/STM32F4xx_HAL_Driver/Src/stm32f4xx_ll_usb.o
                0x08004d80                USB_EPStopXfer
 .text.USB_WritePacket
                0x08004ed4       0x7c ./Drivers/STM32F4xx_HAL_Driver/Src/stm32f4xx_ll_usb.o
                0x08004ed4                USB_WritePacket
 .text.USB_ReadPacket
                0x08004f50       0xb0 ./Drivers/STM32F4xx_HAL_Driver/Src/stm32f4xx_ll_usb.o
                0x08004f50                USB_ReadPacket
 .text.USB_EPSetStall
                0x08005000       0xdc ./Drivers/STM32F4xx_HAL_Driver/Src/stm32f4xx_ll_usb.o
                0x08005000                USB_EPSetStall
 .text.USB_EPClearStall
                0x080050dc       0xcc ./Drivers/STM32F4xx_HAL_Driver/Src/stm32f4xx_ll_usb.o
                0x080050dc                USB_EPClearStall
 .text.USB_SetDevAddress
                0x080051a8       0x4c ./Drivers/STM32F4xx_HAL_Driver/Src/stm32f4xx_ll_usb.o
                0x080051a8                USB_SetDevAddress
 .text.USB_DevConnect
                0x080051f4       0x42 ./Drivers/STM32F4xx_HAL_Driver/Src/stm32f4xx_ll_usb.o
                0x080051f4                USB_DevConnect
 .text.USB_DevDisconnect
                0x08005236       0x42 ./Drivers/STM32F4xx_HAL_Driver/Src/stm32f4xx_ll_usb.o
                0x08005236                USB_DevDisconnect
 .text.USB_ReadInterrupts
                0x08005278       0x26 ./Drivers/STM32F4xx_HAL_Driver/Src/stm32f4xx_ll_usb.o
                0x08005278                USB_ReadInterrupts
 .text.USB_ReadDevAllOutEpInterrupt
                0x0800529e       0x34 ./Drivers/STM32F4xx_HAL_Driver/Src/stm32f4xx_ll_usb.o
                0x0800529e                USB_ReadDevAllOutEpInterrupt
 .text.USB_ReadDevAllInEpInterrupt
                0x080052d2       0x34 ./Drivers/STM32F4xx_HAL_Driver/Src/stm32f4xx_ll_usb.o
                0x080052d2                USB_ReadDevAllInEpInterrupt
 .text.USB_ReadDevOutEPInterrupt
                0x08005306       0x3c ./Drivers/STM32F4xx_HAL_Driver/Src/stm32f4xx_ll_usb.o
                0x08005306                USB_ReadDevOutEPInterrupt
 .text.USB_ReadDevInEPInterrupt
                0x08005342       0x5c ./Drivers/STM32F4xx_HAL_Driver/Src/stm32f4xx_ll_usb.o
                0x08005342                USB_ReadDevInEPInterrupt
 .text.USB_GetMode
                0x0800539e       0x1c ./Drivers/STM32F4xx_HAL_Driver/Src/stm32f4xx_ll_usb.o
                0x0800539e                USB_GetMode
 .text.USB_ActivateSetup
                0x080053ba       0x46 ./Drivers/STM32F4xx_HAL_Driver/Src/stm32f4xx_ll_usb.o
                0x080053ba                USB_ActivateSetup
 .text.USB_EP0_OutStart
                0x08005400       0xbc ./Drivers/STM32F4xx_HAL_Driver/Src/stm32f4xx_ll_usb.o
                0x08005400                USB_EP0_OutStart
 .text.USB_CoreReset
                0x080054bc       0x70 ./Drivers/STM32F4xx_HAL_Driver/Src/stm32f4xx_ll_usb.o
 .text.USBD_CDC_Init
                0x0800552c      0x1f0 ./Middlewares/ST/STM32_USB_Device_Library/Class/CDC/Src/usbd_cdc.o
 .text.USBD_CDC_DeInit
                0x0800571c      0x104 ./Middlewares/ST/STM32_USB_Device_Library/Class/CDC/Src/usbd_cdc.o
 .text.USBD_CDC_Setup
                0x08005820      0x1b8 ./Middlewares/ST/STM32_USB_Device_Library/Class/CDC/Src/usbd_cdc.o
 .text.USBD_CDC_DataIn
                0x080059d8       0xfe ./Middlewares/ST/STM32_USB_Device_Library/Class/CDC/Src/usbd_cdc.o
 .text.USBD_CDC_DataOut
                0x08005ad6       0x70 ./Middlewares/ST/STM32_USB_Device_Library/Class/CDC/Src/usbd_cdc.o
 .text.USBD_CDC_EP0_RxReady
                0x08005b46       0x74 ./Middlewares/ST/STM32_USB_Device_Library/Class/CDC/Src/usbd_cdc.o
 *fill*         0x08005bba        0x2 
 .text.USBD_CDC_GetFSCfgDesc
                0x08005bbc       0x70 ./Middlewares/ST/STM32_USB_Device_Library/Class/CDC/Src/usbd_cdc.o
 .text.USBD_CDC_GetHSCfgDesc
                0x08005c2c       0x70 ./Middlewares/ST/STM32_USB_Device_Library/Class/CDC/Src/usbd_cdc.o
 .text.USBD_CDC_GetOtherSpeedCfgDesc
                0x08005c9c       0x70 ./Middlewares/ST/STM32_USB_Device_Library/Class/CDC/Src/usbd_cdc.o
 .text.USBD_CDC_GetDeviceQualifierDescriptor
                0x08005d0c       0x20 ./Middlewares/ST/STM32_USB_Device_Library/Class/CDC/Src/usbd_cdc.o
                0x08005d0c                USBD_CDC_GetDeviceQualifierDescriptor
 .text.USBD_CDC_RegisterInterface
                0x08005d2c       0x34 ./Middlewares/ST/STM32_USB_Device_Library/Class/CDC/Src/usbd_cdc.o
                0x08005d2c                USBD_CDC_RegisterInterface
 .text.USBD_CDC_SetTxBuffer
                0x08005d60       0x44 ./Middlewares/ST/STM32_USB_Device_Library/Class/CDC/Src/usbd_cdc.o
                0x08005d60                USBD_CDC_SetTxBuffer
 .text.USBD_CDC_SetRxBuffer
                0x08005da4       0x3a ./Middlewares/ST/STM32_USB_Device_Library/Class/CDC/Src/usbd_cdc.o
                0x08005da4                USBD_CDC_SetRxBuffer
 *fill*         0x08005dde        0x2 
 .text.USBD_CDC_TransmitPacket
                0x08005de0       0x80 ./Middlewares/ST/STM32_USB_Device_Library/Class/CDC/Src/usbd_cdc.o
                0x08005de0                USBD_CDC_TransmitPacket
 .text.USBD_CDC_ReceivePacket
                0x08005e60       0x6c ./Middlewares/ST/STM32_USB_Device_Library/Class/CDC/Src/usbd_cdc.o
                0x08005e60                USBD_CDC_ReceivePacket
 .text.USBD_Init
                0x08005ecc       0x60 ./Middlewares/ST/STM32_USB_Device_Library/Core/Src/usbd_core.o
                0x08005ecc                USBD_Init
 .text.USBD_RegisterClass
                0x08005f2c       0x6c ./Middlewares/ST/STM32_USB_Device_Library/Core/Src/usbd_core.o
                0x08005f2c                USBD_RegisterClass
 .text.USBD_Start
                0x08005f98       0x18 ./Middlewares/ST/STM32_USB_Device_Library/Core/Src/usbd_core.o
                0x08005f98                USBD_Start
 .text.USBD_RunTestMode
                0x08005fb0       0x16 ./Middlewares/ST/STM32_USB_Device_Library/Core/Src/usbd_core.o
                0x08005fb0                USBD_RunTestMode
 .text.USBD_SetClassConfig
                0x08005fc6       0x38 ./Middlewares/ST/STM32_USB_Device_Library/Core/Src/usbd_core.o
                0x08005fc6                USBD_SetClassConfig
 .text.USBD_ClrClassConfig
                0x08005ffe       0x34 ./Middlewares/ST/STM32_USB_Device_Library/Core/Src/usbd_core.o
                0x08005ffe                USBD_ClrClassConfig
 .text.USBD_LL_SetupStage
                0x08006032       0xaa ./Middlewares/ST/STM32_USB_Device_Library/Core/Src/usbd_core.o
                0x08006032                USBD_LL_SetupStage
 .text.USBD_LL_DataOutStage
                0x080060dc      0x178 ./Middlewares/ST/STM32_USB_Device_Library/Core/Src/usbd_core.o
                0x080060dc                USBD_LL_DataOutStage
 .text.USBD_LL_DataInStage
                0x08006254      0x176 ./Middlewares/ST/STM32_USB_Device_Library/Core/Src/usbd_core.o
                0x08006254                USBD_LL_DataInStage
 .text.USBD_LL_Reset
                0x080063ca       0xa6 ./Middlewares/ST/STM32_USB_Device_Library/Core/Src/usbd_core.o
                0x080063ca                USBD_LL_Reset
 .text.USBD_LL_SetSpeed
                0x08006470       0x20 ./Middlewares/ST/STM32_USB_Device_Library/Core/Src/usbd_core.o
                0x08006470                USBD_LL_SetSpeed
 .text.USBD_LL_Suspend
                0x08006490       0x38 ./Middlewares/ST/STM32_USB_Device_Library/Core/Src/usbd_core.o
                0x08006490                USBD_LL_Suspend
 .text.USBD_LL_Resume
                0x080064c8       0x30 ./Middlewares/ST/STM32_USB_Device_Library/Core/Src/usbd_core.o
                0x080064c8                USBD_LL_Resume
 .text.USBD_LL_SOF
                0x080064f8       0x40 ./Middlewares/ST/STM32_USB_Device_Library/Core/Src/usbd_core.o
                0x080064f8                USBD_LL_SOF
 .text.USBD_LL_IsoINIncomplete
                0x08006538       0x64 ./Middlewares/ST/STM32_USB_Device_Library/Core/Src/usbd_core.o
                0x08006538                USBD_LL_IsoINIncomplete
 .text.USBD_LL_IsoOUTIncomplete
                0x0800659c       0x64 ./Middlewares/ST/STM32_USB_Device_Library/Core/Src/usbd_core.o
                0x0800659c                USBD_LL_IsoOUTIncomplete
 .text.USBD_LL_DevConnected
                0x08006600       0x16 ./Middlewares/ST/STM32_USB_Device_Library/Core/Src/usbd_core.o
                0x08006600                USBD_LL_DevConnected
 .text.USBD_LL_DevDisconnected
                0x08006616       0x46 ./Middlewares/ST/STM32_USB_Device_Library/Core/Src/usbd_core.o
                0x08006616                USBD_LL_DevDisconnected
 .text.USBD_CoreFindIF
                0x0800665c       0x1a ./Middlewares/ST/STM32_USB_Device_Library/Core/Src/usbd_core.o
                0x0800665c                USBD_CoreFindIF
 .text.USBD_CoreFindEP
                0x08006676       0x1a ./Middlewares/ST/STM32_USB_Device_Library/Core/Src/usbd_core.o
                0x08006676                USBD_CoreFindEP
 .text.USBD_GetEpDesc
                0x08006690       0x70 ./Middlewares/ST/STM32_USB_Device_Library/Core/Src/usbd_core.o
                0x08006690                USBD_GetEpDesc
 .text.USBD_GetNextDesc
                0x08006700       0x38 ./Middlewares/ST/STM32_USB_Device_Library/Core/Src/usbd_core.o
                0x08006700                USBD_GetNextDesc
 .text.SWAPBYTE
                0x08006738       0x3e ./Middlewares/ST/STM32_USB_Device_Library/Core/Src/usbd_ctlreq.o
 *fill*         0x08006776        0x2 
 .text.USBD_StdDevReq
                0x08006778       0xe4 ./Middlewares/ST/STM32_USB_Device_Library/Core/Src/usbd_ctlreq.o
                0x08006778                USBD_StdDevReq
 .text.USBD_StdItfReq
                0x0800685c       0xd8 ./Middlewares/ST/STM32_USB_Device_Library/Core/Src/usbd_ctlreq.o
                0x0800685c                USBD_StdItfReq
 .text.USBD_StdEPReq
                0x08006934      0x33e ./Middlewares/ST/STM32_USB_Device_Library/Core/Src/usbd_ctlreq.o
                0x08006934                USBD_StdEPReq
 *fill*         0x08006c72        0x2 
 .text.USBD_GetDescriptor
                0x08006c74      0x2d4 ./Middlewares/ST/STM32_USB_Device_Library/Core/Src/usbd_ctlreq.o
 .text.USBD_SetAddress
                0x08006f48       0x88 ./Middlewares/ST/STM32_USB_Device_Library/Core/Src/usbd_ctlreq.o
 .text.USBD_SetConfig
                0x08006fd0      0x154 ./Middlewares/ST/STM32_USB_Device_Library/Core/Src/usbd_ctlreq.o
 .text.USBD_GetConfig
                0x08007124       0x6c ./Middlewares/ST/STM32_USB_Device_Library/Core/Src/usbd_ctlreq.o
 .text.USBD_GetStatus
                0x08007190       0x68 ./Middlewares/ST/STM32_USB_Device_Library/Core/Src/usbd_ctlreq.o
 .text.USBD_SetFeature
                0x080071f8       0x52 ./Middlewares/ST/STM32_USB_Device_Library/Core/Src/usbd_ctlreq.o
 .text.USBD_ClrFeature
                0x0800724a       0x44 ./Middlewares/ST/STM32_USB_Device_Library/Core/Src/usbd_ctlreq.o
 .text.USBD_ParseSetupRequest
                0x0800728e       0x74 ./Middlewares/ST/STM32_USB_Device_Library/Core/Src/usbd_ctlreq.o
                0x0800728e                USBD_ParseSetupRequest
 .text.USBD_CtlError
                0x08007302       0x22 ./Middlewares/ST/STM32_USB_Device_Library/Core/Src/usbd_ctlreq.o
                0x08007302                USBD_CtlError
 .text.USBD_GetString
                0x08007324       0xa4 ./Middlewares/ST/STM32_USB_Device_Library/Core/Src/usbd_ctlreq.o
                0x08007324                USBD_GetString
 .text.USBD_GetLen
                0x080073c8       0x34 ./Middlewares/ST/STM32_USB_Device_Library/Core/Src/usbd_ctlreq.o
 .text.USBD_CtlSendData
                0x080073fc       0x3c ./Middlewares/ST/STM32_USB_Device_Library/Core/Src/usbd_ioreq.o
                0x080073fc                USBD_CtlSendData
 .text.USBD_CtlContinueSendData
                0x08007438       0x22 ./Middlewares/ST/STM32_USB_Device_Library/Core/Src/usbd_ioreq.o
                0x08007438                USBD_CtlContinueSendData
 .text.USBD_CtlPrepareRx
                0x0800745a       0x42 ./Middlewares/ST/STM32_USB_Device_Library/Core/Src/usbd_ioreq.o
                0x0800745a                USBD_CtlPrepareRx
 .text.USBD_CtlContinueRx
                0x0800749c       0x22 ./Middlewares/ST/STM32_USB_Device_Library/Core/Src/usbd_ioreq.o
                0x0800749c                USBD_CtlContinueRx
 .text.USBD_CtlSendStatus
                0x080074be       0x26 ./Middlewares/ST/STM32_USB_Device_Library/Core/Src/usbd_ioreq.o
                0x080074be                USBD_CtlSendStatus
 .text.USBD_CtlReceiveStatus
                0x080074e4       0x26 ./Middlewares/ST/STM32_USB_Device_Library/Core/Src/usbd_ioreq.o
                0x080074e4                USBD_CtlReceiveStatus
 *fill*         0x0800750a        0x2 
 .text.MX_USB_DEVICE_Init
                0x0800750c       0x60 ./USB_DEVICE/App/usb_device.o
                0x0800750c                MX_USB_DEVICE_Init
 .text.CDC_Init_FS
                0x0800756c       0x28 ./USB_DEVICE/App/usbd_cdc_if.o
 .text.CDC_DeInit_FS
                0x08007594       0x10 ./USB_DEVICE/App/usbd_cdc_if.o
 .text.CDC_Control_FS
                0x080075a4       0xbc ./USB_DEVICE/App/usbd_cdc_if.o
 .text.CDC_Receive_FS
                0x08007660      0x378 ./USB_DEVICE/App/usbd_cdc_if.o
 .text.CDC_Transmit_FS
                0x080079d8       0x4c ./USB_DEVICE/App/usbd_cdc_if.o
                0x080079d8                CDC_Transmit_FS
 .text.CDC_TransmitCplt_FS
                0x08007a24       0x22 ./USB_DEVICE/App/usbd_cdc_if.o
 *fill*         0x08007a46        0x2 
 .text.USBD_FS_DeviceDescriptor
                0x08007a48       0x24 ./USB_DEVICE/App/usbd_desc.o
                0x08007a48                USBD_FS_DeviceDescriptor
 .text.USBD_FS_LangIDStrDescriptor
                0x08007a6c       0x24 ./USB_DEVICE/App/usbd_desc.o
                0x08007a6c                USBD_FS_LangIDStrDescriptor
 .text.USBD_FS_ProductStrDescriptor
                0x08007a90       0x3c ./USB_DEVICE/App/usbd_desc.o
                0x08007a90                USBD_FS_ProductStrDescriptor
 .text.USBD_FS_ManufacturerStrDescriptor
                0x08007acc       0x28 ./USB_DEVICE/App/usbd_desc.o
                0x08007acc                USBD_FS_ManufacturerStrDescriptor
 .text.USBD_FS_SerialStrDescriptor
                0x08007af4       0x24 ./USB_DEVICE/App/usbd_desc.o
                0x08007af4                USBD_FS_SerialStrDescriptor
 .text.USBD_FS_ConfigStrDescriptor
                0x08007b18       0x3c ./USB_DEVICE/App/usbd_desc.o
                0x08007b18                USBD_FS_ConfigStrDescriptor
 .text.USBD_FS_InterfaceStrDescriptor
                0x08007b54       0x3c ./USB_DEVICE/App/usbd_desc.o
                0x08007b54                USBD_FS_InterfaceStrDescriptor
 .text.Get_SerialNum
                0x08007b90       0x58 ./USB_DEVICE/App/usbd_desc.o
 .text.IntToUnicode
                0x08007be8       0x7e ./USB_DEVICE/App/usbd_desc.o
 *fill*         0x08007c66        0x2 
 .text.HAL_PCD_MspInit
                0x08007c68       0xa8 ./USB_DEVICE/Target/usbd_conf.o
                0x08007c68                HAL_PCD_MspInit
 .text.HAL_PCD_SetupStageCallback
                0x08007d10       0x24 ./USB_DEVICE/Target/usbd_conf.o
                0x08007d10                HAL_PCD_SetupStageCallback
 .text.HAL_PCD_DataOutStageCallback
                0x08007d34       0x36 ./USB_DEVICE/Target/usbd_conf.o
                0x08007d34                HAL_PCD_DataOutStageCallback
 .text.HAL_PCD_DataInStageCallback
                0x08007d6a       0x34 ./USB_DEVICE/Target/usbd_conf.o
                0x08007d6a                HAL_PCD_DataInStageCallback
 .text.HAL_PCD_SOFCallback
                0x08007d9e       0x1c ./USB_DEVICE/Target/usbd_conf.o
                0x08007d9e                HAL_PCD_SOFCallback
 .text.HAL_PCD_ResetCallback
                0x08007dba       0x3c ./USB_DEVICE/Target/usbd_conf.o
                0x08007dba                HAL_PCD_ResetCallback
 *fill*         0x08007df6        0x2 
 .text.HAL_PCD_SuspendCallback
                0x08007df8       0x4c ./USB_DEVICE/Target/usbd_conf.o
                0x08007df8                HAL_PCD_SuspendCallback
 .text.HAL_PCD_ResumeCallback
                0x08007e44       0x1c ./USB_DEVICE/Target/usbd_conf.o
                0x08007e44                HAL_PCD_ResumeCallback
 .text.HAL_PCD_ISOOUTIncompleteCallback
                0x08007e60       0x24 ./USB_DEVICE/Target/usbd_conf.o
                0x08007e60                HAL_PCD_ISOOUTIncompleteCallback
 .text.HAL_PCD_ISOINIncompleteCallback
                0x08007e84       0x24 ./USB_DEVICE/Target/usbd_conf.o
                0x08007e84                HAL_PCD_ISOINIncompleteCallback
 .text.HAL_PCD_ConnectCallback
                0x08007ea8       0x1c ./USB_DEVICE/Target/usbd_conf.o
                0x08007ea8                HAL_PCD_ConnectCallback
 .text.HAL_PCD_DisconnectCallback
                0x08007ec4       0x1c ./USB_DEVICE/Target/usbd_conf.o
                0x08007ec4                HAL_PCD_DisconnectCallback
 .text.USBD_LL_Init
                0x08007ee0       0x98 ./USB_DEVICE/Target/usbd_conf.o
                0x08007ee0                USBD_LL_Init
 .text.USBD_LL_Start
                0x08007f78       0x36 ./USB_DEVICE/Target/usbd_conf.o
                0x08007f78                USBD_LL_Start
 .text.USBD_LL_OpenEP
                0x08007fae       0x4c ./USB_DEVICE/Target/usbd_conf.o
                0x08007fae                USBD_LL_OpenEP
 .text.USBD_LL_CloseEP
                0x08007ffa       0x3e ./USB_DEVICE/Target/usbd_conf.o
                0x08007ffa                USBD_LL_CloseEP
 .text.USBD_LL_StallEP
                0x08008038       0x3e ./USB_DEVICE/Target/usbd_conf.o
                0x08008038                USBD_LL_StallEP
 .text.USBD_LL_ClearStallEP
                0x08008076       0x3e ./USB_DEVICE/Target/usbd_conf.o
                0x08008076                USBD_LL_ClearStallEP
 .text.USBD_LL_IsStallEP
                0x080080b4       0x58 ./USB_DEVICE/Target/usbd_conf.o
                0x080080b4                USBD_LL_IsStallEP
 .text.USBD_LL_SetUSBAddress
                0x0800810c       0x3e ./USB_DEVICE/Target/usbd_conf.o
                0x0800810c                USBD_LL_SetUSBAddress
 .text.USBD_LL_Transmit
                0x0800814a       0x42 ./USB_DEVICE/Target/usbd_conf.o
                0x0800814a                USBD_LL_Transmit
 .text.USBD_LL_PrepareReceive
                0x0800818c       0x42 ./USB_DEVICE/Target/usbd_conf.o
                0x0800818c                USBD_LL_PrepareReceive
 .text.USBD_LL_GetRxDataSize
                0x080081ce       0x26 ./USB_DEVICE/Target/usbd_conf.o
                0x080081ce                USBD_LL_GetRxDataSize
 .text.USBD_static_malloc
                0x080081f4       0x1c ./USB_DEVICE/Target/usbd_conf.o
                0x080081f4                USBD_static_malloc
 .text.USBD_static_free
                0x08008210       0x14 ./USB_DEVICE/Target/usbd_conf.o
                0x08008210                USBD_static_free
 .text.USBD_Get_USB_Status
                0x08008224       0x58 ./USB_DEVICE/Target/usbd_conf.o
                0x08008224                USBD_Get_USB_Status
 .text.atoi     0x0800827c        0x8 C:/ST/STM32CubeIDE_1.19.0/STM32CubeIDE/plugins/com.st.stm32cube.ide.mcu.externaltools.gnu-tools-for-stm32.13.3.rel1.win32_1.0.0.202411081344/tools/bin/../lib/gcc/arm-none-eabi/13.3.1/../../../../arm-none-eabi/lib/thumb/v7e-m+fp/hard\libc_nano.a(libc_a-atoi.o)
                0x0800827c                atoi
 .text._strtol_l.isra.0
                0x08008284       0xf4 C:/ST/STM32CubeIDE_1.19.0/STM32CubeIDE/plugins/com.st.stm32cube.ide.mcu.externaltools.gnu-tools-for-stm32.13.3.rel1.win32_1.0.0.202411081344/tools/bin/../lib/gcc/arm-none-eabi/13.3.1/../../../../arm-none-eabi/lib/thumb/v7e-m+fp/hard\libc_nano.a(libc_a-strtol.o)
 .text.strtol   0x08008378       0x14 C:/ST/STM32CubeIDE_1.19.0/STM32CubeIDE/plugins/com.st.stm32cube.ide.mcu.externaltools.gnu-tools-for-stm32.13.3.rel1.win32_1.0.0.202411081344/tools/bin/../lib/gcc/arm-none-eabi/13.3.1/../../../../arm-none-eabi/lib/thumb/v7e-m+fp/hard\libc_nano.a(libc_a-strtol.o)
                0x08008378                strtol
 .text.memset   0x0800838c       0x10 C:/ST/STM32CubeIDE_1.19.0/STM32CubeIDE/plugins/com.st.stm32cube.ide.mcu.externaltools.gnu-tools-for-stm32.13.3.rel1.win32_1.0.0.202411081344/tools/bin/../lib/gcc/arm-none-eabi/13.3.1/../../../../arm-none-eabi/lib/thumb/v7e-m+fp/hard\libc_nano.a(libc_a-memset.o)
                0x0800838c                memset
 .text.strncmp  0x0800839c       0x24 C:/ST/STM32CubeIDE_1.19.0/STM32CubeIDE/plugins/com.st.stm32cube.ide.mcu.externaltools.gnu-tools-for-stm32.13.3.rel1.win32_1.0.0.202411081344/tools/bin/../lib/gcc/arm-none-eabi/13.3.1/../../../../arm-none-eabi/lib/thumb/v7e-m+fp/hard\libc_nano.a(libc_a-strncmp.o)
                0x0800839c                strncmp
 .text.strncpy  0x080083c0       0x26 C:/ST/STM32CubeIDE_1.19.0/STM32CubeIDE/plugins/com.st.stm32cube.ide.mcu.externaltools.gnu-tools-for-stm32.13.3.rel1.win32_1.0.0.202411081344/tools/bin/../lib/gcc/arm-none-eabi/13.3.1/../../../../arm-none-eabi/lib/thumb/v7e-m+fp/hard\libc_nano.a(libc_a-strncpy.o)
                0x080083c0                strncpy
 *fill*         0x080083e6        0x2 
 .text.__errno  0x080083e8        0xc C:/ST/STM32CubeIDE_1.19.0/STM32CubeIDE/plugins/com.st.stm32cube.ide.mcu.externaltools.gnu-tools-for-stm32.13.3.rel1.win32_1.0.0.202411081344/tools/bin/../lib/gcc/arm-none-eabi/13.3.1/../../../../arm-none-eabi/lib/thumb/v7e-m+fp/hard\libc_nano.a(libc_a-errno.o)
                0x080083e8                __errno
 .text.__libc_init_array
                0x080083f4       0x48 C:/ST/STM32CubeIDE_1.19.0/STM32CubeIDE/plugins/com.st.stm32cube.ide.mcu.externaltools.gnu-tools-for-stm32.13.3.rel1.win32_1.0.0.202411081344/tools/bin/../lib/gcc/arm-none-eabi/13.3.1/../../../../arm-none-eabi/lib/thumb/v7e-m+fp/hard\libc_nano.a(libc_a-init.o)
                0x080083f4                __libc_init_array
 *(.glue_7)
 .glue_7        0x0800843c        0x0 linker stubs
 *(.glue_7t)
 .glue_7t       0x0800843c        0x0 linker stubs
 *(.eh_frame)
 .eh_frame      0x0800843c        0x0 C:/ST/STM32CubeIDE_1.19.0/STM32CubeIDE/plugins/com.st.stm32cube.ide.mcu.externaltools.gnu-tools-for-stm32.13.3.rel1.win32_1.0.0.202411081344/tools/bin/../lib/gcc/arm-none-eabi/13.3.1/thumb/v7e-m+fp/hard/crtbegin.o
 *(.init)
 .init          0x0800843c        0x4 C:/ST/STM32CubeIDE_1.19.0/STM32CubeIDE/plugins/com.st.stm32cube.ide.mcu.externaltools.gnu-tools-for-stm32.13.3.rel1.win32_1.0.0.202411081344/tools/bin/../lib/gcc/arm-none-eabi/13.3.1/thumb/v7e-m+fp/hard/crti.o
                0x0800843c                _init
 .init          0x08008440        0x8 C:/ST/STM32CubeIDE_1.19.0/STM32CubeIDE/plugins/com.st.stm32cube.ide.mcu.externaltools.gnu-tools-for-stm32.13.3.rel1.win32_1.0.0.202411081344/tools/bin/../lib/gcc/arm-none-eabi/13.3.1/thumb/v7e-m+fp/hard/crtn.o
 *(.fini)
 .fini          0x08008448        0x4 C:/ST/STM32CubeIDE_1.19.0/STM32CubeIDE/plugins/com.st.stm32cube.ide.mcu.externaltools.gnu-tools-for-stm32.13.3.rel1.win32_1.0.0.202411081344/tools/bin/../lib/gcc/arm-none-eabi/13.3.1/thumb/v7e-m+fp/hard/crti.o
                0x08008448                _fini
 .fini          0x0800844c        0x8 C:/ST/STM32CubeIDE_1.19.0/STM32CubeIDE/plugins/com.st.stm32cube.ide.mcu.externaltools.gnu-tools-for-stm32.13.3.rel1.win32_1.0.0.202411081344/tools/bin/../lib/gcc/arm-none-eabi/13.3.1/thumb/v7e-m+fp/hard/crtn.o
                0x08008454                        . = ALIGN (0x4)
                0x08008454                        _etext = .

.vfp11_veneer   0x08008454        0x0
 .vfp11_veneer  0x08008454        0x0 linker stubs

.v4_bx          0x08008454        0x0
 .v4_bx         0x08008454        0x0 linker stubs

.iplt           0x08008454        0x0
 .iplt          0x08008454        0x0 C:/ST/STM32CubeIDE_1.19.0/STM32CubeIDE/plugins/com.st.stm32cube.ide.mcu.externaltools.gnu-tools-for-stm32.13.3.rel1.win32_1.0.0.202411081344/tools/bin/../lib/gcc/arm-none-eabi/13.3.1/thumb/v7e-m+fp/hard/crtbegin.o

.rodata         0x08008454      0x278
                0x08008454                        . = ALIGN (0x4)
 *(.rodata)
 .rodata        0x08008454      0x119 ./USB_DEVICE/App/usbd_cdc_if.o
 *fill*         0x0800856d        0x3 
 .rodata        0x08008570       0x46 ./USB_DEVICE/App/usbd_desc.o
 *(.rodata*)
 *fill*         0x080085b6        0x2 
 .rodata.AHBPrescTable
                0x080085b8       0x10 ./Core/Src/system_stm32f4xx.o
                0x080085b8                AHBPrescTable
 .rodata._ctype_
                0x080085c8      0x101 C:/ST/STM32CubeIDE_1.19.0/STM32CubeIDE/plugins/com.st.stm32cube.ide.mcu.externaltools.gnu-tools-for-stm32.13.3.rel1.win32_1.0.0.202411081344/tools/bin/../lib/gcc/arm-none-eabi/13.3.1/../../../../arm-none-eabi/lib/thumb/v7e-m+fp/hard\libc_nano.a(libc_a-ctype_.o)
                0x080085c8                _ctype_
                0x080086cc                        . = ALIGN (0x4)
 *fill*         0x080086c9        0x3 

.ARM.extab      0x080086cc        0x0
                0x080086cc                        . = ALIGN (0x4)
 *(.ARM.extab* .gnu.linkonce.armextab.*)
                0x080086cc                        . = ALIGN (0x4)

.ARM            0x080086cc        0x8
                0x080086cc                        . = ALIGN (0x4)
                0x080086cc                        __exidx_start = .
 *(.ARM.exidx*)
 .ARM.exidx     0x080086cc        0x8 C:/ST/STM32CubeIDE_1.19.0/STM32CubeIDE/plugins/com.st.stm32cube.ide.mcu.externaltools.gnu-tools-for-stm32.13.3.rel1.win32_1.0.0.202411081344/tools/bin/../lib/gcc/arm-none-eabi/13.3.1/../../../../arm-none-eabi/lib/thumb/v7e-m+fp/hard\libc_nano.a(libc_a-strcmp.o)
 .ARM.exidx     0x080086d4        0x0 C:/ST/STM32CubeIDE_1.19.0/STM32CubeIDE/plugins/com.st.stm32cube.ide.mcu.externaltools.gnu-tools-for-stm32.13.3.rel1.win32_1.0.0.202411081344/tools/bin/../lib/gcc/arm-none-eabi/13.3.1/thumb/v7e-m+fp/hard\libgcc.a(_udivmoddi4.o)
                                  0x8 (size before relaxing)
                0x080086d4                        __exidx_end = .
                0x080086d4                        . = ALIGN (0x4)

.preinit_array  0x080086d4        0x0
                0x080086d4                        . = ALIGN (0x4)
                0x080086d4                        PROVIDE (__preinit_array_start = .)
 *(.preinit_array*)
                0x080086d4                        PROVIDE (__preinit_array_end = .)
                0x080086d4                        . = ALIGN (0x4)

.init_array     0x080086d4        0x4
                0x080086d4                        . = ALIGN (0x4)
                0x080086d4                        PROVIDE (__init_array_start = .)
 *(SORT_BY_NAME(.init_array.*))
 *(.init_array*)
 .init_array    0x080086d4        0x4 C:/ST/STM32CubeIDE_1.19.0/STM32CubeIDE/plugins/com.st.stm32cube.ide.mcu.externaltools.gnu-tools-for-stm32.13.3.rel1.win32_1.0.0.202411081344/tools/bin/../lib/gcc/arm-none-eabi/13.3.1/thumb/v7e-m+fp/hard/crtbegin.o
                0x080086d8                        PROVIDE (__init_array_end = .)
                0x080086d8                        . = ALIGN (0x4)

.fini_array     0x080086d8        0x4
                0x080086d8                        . = ALIGN (0x4)
                [!provide]                        PROVIDE (__fini_array_start = .)
 *(SORT_BY_NAME(.fini_array.*))
 *(.fini_array*)
 .fini_array    0x080086d8        0x4 C:/ST/STM32CubeIDE_1.19.0/STM32CubeIDE/plugins/com.st.stm32cube.ide.mcu.externaltools.gnu-tools-for-stm32.13.3.rel1.win32_1.0.0.202411081344/tools/bin/../lib/gcc/arm-none-eabi/13.3.1/thumb/v7e-m+fp/hard/crtbegin.o
                [!provide]                        PROVIDE (__fini_array_end = .)
                0x080086dc                        . = ALIGN (0x4)
                0x080086dc                        _sidata = LOADADDR (.data)

.rel.dyn        0x080086dc        0x0
 .rel.iplt      0x080086dc        0x0 C:/ST/STM32CubeIDE_1.19.0/STM32CubeIDE/plugins/com.st.stm32cube.ide.mcu.externaltools.gnu-tools-for-stm32.13.3.rel1.win32_1.0.0.202411081344/tools/bin/../lib/gcc/arm-none-eabi/13.3.1/thumb/v7e-m+fp/hard/crtbegin.o

.data           0x20000000      0x164 load address 0x080086dc
                0x20000000                        . = ALIGN (0x4)
                0x20000000                        _sdata = .
 *(.data)
 *(.data*)
 .data.base_pulse
                0x20000000        0x4 ./Core/Src/main.o
                0x20000000                base_pulse
 .data.right_min
                0x20000004        0x4 ./Core/Src/main.o
                0x20000004                right_min
 .data.left_max
                0x20000008        0x4 ./Core/Src/main.o
                0x20000008                left_max
 .data.fw_bw    0x2000000c        0x4 ./Core/Src/main.o
                0x2000000c                fw_bw
 .data.stop     0x20000010        0x4 ./Core/Src/main.o
                0x20000010                stop
 .data.direction
                0x20000014        0x4 ./Core/Src/main.o
                0x20000014                direction
 .data.SystemCoreClock
                0x20000018        0x4 ./Core/Src/system_stm32f4xx.o
                0x20000018                SystemCoreClock
 .data.uwTickPrio
                0x2000001c        0x4 ./Drivers/STM32F4xx_HAL_Driver/Src/stm32f4xx_hal.o
                0x2000001c                uwTickPrio
 .data.uwTickFreq
                0x20000020        0x1 ./Drivers/STM32F4xx_HAL_Driver/Src/stm32f4xx_hal.o
                0x20000020                uwTickFreq
 *fill*         0x20000021        0x3 
 .data.USBD_CDC_DeviceQualifierDesc
                0x20000024        0xa ./Middlewares/ST/STM32_USB_Device_Library/Class/CDC/Src/usbd_cdc.o
 *fill*         0x2000002e        0x2 
 .data.USBD_CDC
                0x20000030       0x38 ./Middlewares/ST/STM32_USB_Device_Library/Class/CDC/Src/usbd_cdc.o
                0x20000030                USBD_CDC
 .data.USBD_CDC_CfgDesc
                0x20000068       0x43 ./Middlewares/ST/STM32_USB_Device_Library/Class/CDC/Src/usbd_cdc.o
 .data.CDCInEpAdd
                0x200000ab        0x1 ./Middlewares/ST/STM32_USB_Device_Library/Class/CDC/Src/usbd_cdc.o
 .data.CDCOutEpAdd
                0x200000ac        0x1 ./Middlewares/ST/STM32_USB_Device_Library/Class/CDC/Src/usbd_cdc.o
 .data.CDCCmdEpAdd
                0x200000ad        0x1 ./Middlewares/ST/STM32_USB_Device_Library/Class/CDC/Src/usbd_cdc.o
 *fill*         0x200000ae        0x2 
 .data.USBD_Interface_fops_FS
                0x200000b0       0x14 ./USB_DEVICE/App/usbd_cdc_if.o
                0x200000b0                USBD_Interface_fops_FS
 .data.FS_Desc  0x200000c4       0x1c ./USB_DEVICE/App/usbd_desc.o
                0x200000c4                FS_Desc
 .data.USBD_FS_DeviceDesc
                0x200000e0       0x12 ./USB_DEVICE/App/usbd_desc.o
                0x200000e0                USBD_FS_DeviceDesc
 *fill*         0x200000f2        0x2 
 .data.USBD_LangIDDesc
                0x200000f4        0x4 ./USB_DEVICE/App/usbd_desc.o
                0x200000f4                USBD_LangIDDesc
 .data.USBD_StringSerial
                0x200000f8       0x1a ./USB_DEVICE/App/usbd_desc.o
                0x200000f8                USBD_StringSerial
 *fill*         0x20000112        0x2 
 .data._impure_ptr
                0x20000114        0x4 C:/ST/STM32CubeIDE_1.19.0/STM32CubeIDE/plugins/com.st.stm32cube.ide.mcu.externaltools.gnu-tools-for-stm32.13.3.rel1.win32_1.0.0.202411081344/tools/bin/../lib/gcc/arm-none-eabi/13.3.1/../../../../arm-none-eabi/lib/thumb/v7e-m+fp/hard\libc_nano.a(libc_a-impure.o)
                0x20000114                _impure_ptr
 .data._impure_data
                0x20000118       0x4c C:/ST/STM32CubeIDE_1.19.0/STM32CubeIDE/plugins/com.st.stm32cube.ide.mcu.externaltools.gnu-tools-for-stm32.13.3.rel1.win32_1.0.0.202411081344/tools/bin/../lib/gcc/arm-none-eabi/13.3.1/../../../../arm-none-eabi/lib/thumb/v7e-m+fp/hard\libc_nano.a(libc_a-impure.o)
                0x20000118                _impure_data
 *(.RamFunc)
 *(.RamFunc*)
                0x20000164                        . = ALIGN (0x4)
                0x20000164                        _edata = .

.igot.plt       0x20000164        0x0 load address 0x08008840
 .igot.plt      0x20000164        0x0 C:/ST/STM32CubeIDE_1.19.0/STM32CubeIDE/plugins/com.st.stm32cube.ide.mcu.externaltools.gnu-tools-for-stm32.13.3.rel1.win32_1.0.0.202411081344/tools/bin/../lib/gcc/arm-none-eabi/13.3.1/thumb/v7e-m+fp/hard/crtbegin.o
                0x20000164                        . = ALIGN (0x4)

.bss            0x20000164     0x1df0 load address 0x08008840
                0x20000164                        _sbss = .
                0x20000164                        __bss_start__ = _sbss
 *(.bss)
 .bss           0x20000164       0x1c C:/ST/STM32CubeIDE_1.19.0/STM32CubeIDE/plugins/com.st.stm32cube.ide.mcu.externaltools.gnu-tools-for-stm32.13.3.rel1.win32_1.0.0.202411081344/tools/bin/../lib/gcc/arm-none-eabi/13.3.1/thumb/v7e-m+fp/hard/crtbegin.o
 *(.bss*)
 .bss.htim2     0x20000180       0x48 ./Core/Src/main.o
                0x20000180                htim2
 .bss.htim3     0x200001c8       0x48 ./Core/Src/main.o
                0x200001c8                htim3
 .bss.up_limit_reached
                0x20000210        0x1 ./Core/Src/main.o
                0x20000210                up_limit_reached
 .bss.down_limit_reached
                0x20000211        0x1 ./Core/Src/main.o
                0x20000211                down_limit_reached
 *fill*         0x20000212        0x2 
 .bss.right     0x20000214        0x4 ./Core/Src/main.o
                0x20000214                right
 .bss.left      0x20000218        0x4 ./Core/Src/main.o
                0x20000218                left
 .bss.progress  0x2000021c        0x4 ./Core/Src/main.o
                0x2000021c                progress
 .bss.startTime
                0x20000220        0x4 ./Core/Src/main.o
                0x20000220                startTime
 .bss.speed     0x20000224        0x4 ./Core/Src/main.o
                0x20000224                speed
 .bss.lastDebounceUp
                0x20000228        0x4 ./Core/Src/main.o
                0x20000228                lastDebounceUp
 .bss.lastDebounceDown
                0x2000022c        0x4 ./Core/Src/main.o
                0x2000022c                lastDebounceDown
 .bss.light     0x20000230        0x1 ./Core/Src/main.o
                0x20000230                light
 .bss.fw_mot_start
                0x20000231        0x1 ./Core/Src/main.o
                0x20000231                fw_mot_start
 *fill*         0x20000232        0x2 
 .bss.uwTick    0x20000234        0x4 ./Drivers/STM32F4xx_HAL_Driver/Src/stm32f4xx_hal.o
                0x20000234                uwTick
 .bss.cfgidx.0  0x20000238        0x1 ./Middlewares/ST/STM32_USB_Device_Library/Core/Src/usbd_ctlreq.o
 *fill*         0x20000239        0x3 
 .bss.hUsbDeviceFS
                0x2000023c      0x2dc ./USB_DEVICE/App/usb_device.o
                0x2000023c                hUsbDeviceFS
 .bss.UserRxBufferFS
                0x20000518      0x800 ./USB_DEVICE/App/usbd_cdc_if.o
                0x20000518                UserRxBufferFS
 .bss.UserTxBufferFS
                0x20000d18      0x800 ./USB_DEVICE/App/usbd_cdc_if.o
                0x20000d18                UserTxBufferFS
 .bss.USBD_StrDesc
                0x20001518      0x200 ./USB_DEVICE/App/usbd_desc.o
                0x20001518                USBD_StrDesc
 .bss.hpcd_USB_OTG_FS
                0x20001718      0x4e4 ./USB_DEVICE/Target/usbd_conf.o
                0x20001718                hpcd_USB_OTG_FS
 .bss.mem.0     0x20001bfc      0x220 ./USB_DEVICE/Target/usbd_conf.o
 .bss.__sf      0x20001e1c      0x138 C:/ST/STM32CubeIDE_1.19.0/STM32CubeIDE/plugins/com.st.stm32cube.ide.mcu.externaltools.gnu-tools-for-stm32.13.3.rel1.win32_1.0.0.202411081344/tools/bin/../lib/gcc/arm-none-eabi/13.3.1/../../../../arm-none-eabi/lib/thumb/v7e-m+fp/hard\libc_nano.a(libc_a-findfp.o)
                0x20001e1c                __sf
 *(COMMON)
                0x20001f54                        . = ALIGN (0x4)
                0x20001f54                        _ebss = .
                0x20001f54                        __bss_end__ = _ebss

._user_heap_stack
                0x20001f54      0x604 load address 0x08008840
                0x20001f58                        . = ALIGN (0x8)
 *fill*         0x20001f54        0x4 
                [!provide]                        PROVIDE (end = .)
                0x20001f58                        PROVIDE (_end = .)
                0x20002158                        . = (. + _Min_Heap_Size)
 *fill*         0x20001f58      0x200 
                0x20002558                        . = (. + _Min_Stack_Size)
 *fill*         0x20002158      0x400 
                0x20002558                        . = ALIGN (0x8)

/DISCARD/
 libc.a(*)
 libm.a(*)
 libgcc.a(*)

.ARM.attributes
                0x00000000       0x30
 *(.ARM.attributes)
 .ARM.attributes
                0x00000000       0x22 C:/ST/STM32CubeIDE_1.19.0/STM32CubeIDE/plugins/com.st.stm32cube.ide.mcu.externaltools.gnu-tools-for-stm32.13.3.rel1.win32_1.0.0.202411081344/tools/bin/../lib/gcc/arm-none-eabi/13.3.1/thumb/v7e-m+fp/hard/crti.o
 .ARM.attributes
                0x00000022       0x34 C:/ST/STM32CubeIDE_1.19.0/STM32CubeIDE/plugins/com.st.stm32cube.ide.mcu.externaltools.gnu-tools-for-stm32.13.3.rel1.win32_1.0.0.202411081344/tools/bin/../lib/gcc/arm-none-eabi/13.3.1/thumb/v7e-m+fp/hard/crtbegin.o
 .ARM.attributes
                0x00000056       0x34 ./Core/Src/main.o
 .ARM.attributes
                0x0000008a       0x34 ./Core/Src/stm32f4xx_hal_msp.o
 .ARM.attributes
                0x000000be       0x34 ./Core/Src/stm32f4xx_it.o
 .ARM.attributes
                0x000000f2       0x34 ./Core/Src/system_stm32f4xx.o
 .ARM.attributes
                0x00000126       0x21 ./Core/Startup/startup_stm32f411ceux.o
 .ARM.attributes
                0x00000147       0x34 ./Drivers/STM32F4xx_HAL_Driver/Src/stm32f4xx_hal.o
 .ARM.attributes
                0x0000017b       0x34 ./Drivers/STM32F4xx_HAL_Driver/Src/stm32f4xx_hal_cortex.o
 .ARM.attributes
                0x000001af       0x34 ./Drivers/STM32F4xx_HAL_Driver/Src/stm32f4xx_hal_gpio.o
 .ARM.attributes
                0x000001e3       0x34 ./Drivers/STM32F4xx_HAL_Driver/Src/stm32f4xx_hal_pcd.o
 .ARM.attributes
                0x00000217       0x34 ./Drivers/STM32F4xx_HAL_Driver/Src/stm32f4xx_hal_pcd_ex.o
 .ARM.attributes
                0x0000024b       0x34 ./Drivers/STM32F4xx_HAL_Driver/Src/stm32f4xx_hal_rcc.o
 .ARM.attributes
                0x0000027f       0x34 ./Drivers/STM32F4xx_HAL_Driver/Src/stm32f4xx_hal_tim.o
 .ARM.attributes
                0x000002b3       0x34 ./Drivers/STM32F4xx_HAL_Driver/Src/stm32f4xx_hal_tim_ex.o
 .ARM.attributes
                0x000002e7       0x34 ./Drivers/STM32F4xx_HAL_Driver/Src/stm32f4xx_ll_usb.o
 .ARM.attributes
                0x0000031b       0x34 ./Middlewares/ST/STM32_USB_Device_Library/Class/CDC/Src/usbd_cdc.o
 .ARM.attributes
                0x0000034f       0x34 ./Middlewares/ST/STM32_USB_Device_Library/Core/Src/usbd_core.o
 .ARM.attributes
                0x00000383       0x34 ./Middlewares/ST/STM32_USB_Device_Library/Core/Src/usbd_ctlreq.o
 .ARM.attributes
                0x000003b7       0x34 ./Middlewares/ST/STM32_USB_Device_Library/Core/Src/usbd_ioreq.o
 .ARM.attributes
                0x000003eb       0x34 ./USB_DEVICE/App/usb_device.o
 .ARM.attributes
                0x0000041f       0x34 ./USB_DEVICE/App/usbd_cdc_if.o
 .ARM.attributes
                0x00000453       0x34 ./USB_DEVICE/App/usbd_desc.o
 .ARM.attributes
                0x00000487       0x34 ./USB_DEVICE/Target/usbd_conf.o
 .ARM.attributes
                0x000004bb       0x34 C:/ST/STM32CubeIDE_1.19.0/STM32CubeIDE/plugins/com.st.stm32cube.ide.mcu.externaltools.gnu-tools-for-stm32.13.3.rel1.win32_1.0.0.202411081344/tools/bin/../lib/gcc/arm-none-eabi/13.3.1/../../../../arm-none-eabi/lib/thumb/v7e-m+fp/hard\libc_nano.a(libc_a-atoi.o)
 .ARM.attributes
                0x000004ef       0x34 C:/ST/STM32CubeIDE_1.19.0/STM32CubeIDE/plugins/com.st.stm32cube.ide.mcu.externaltools.gnu-tools-for-stm32.13.3.rel1.win32_1.0.0.202411081344/tools/bin/../lib/gcc/arm-none-eabi/13.3.1/../../../../arm-none-eabi/lib/thumb/v7e-m+fp/hard\libc_nano.a(libc_a-strtol.o)
 .ARM.attributes
                0x00000523       0x34 C:/ST/STM32CubeIDE_1.19.0/STM32CubeIDE/plugins/com.st.stm32cube.ide.mcu.externaltools.gnu-tools-for-stm32.13.3.rel1.win32_1.0.0.202411081344/tools/bin/../lib/gcc/arm-none-eabi/13.3.1/../../../../arm-none-eabi/lib/thumb/v7e-m+fp/hard\libc_nano.a(libc_a-ctype_.o)
 .ARM.attributes
                0x00000557       0x34 C:/ST/STM32CubeIDE_1.19.0/STM32CubeIDE/plugins/com.st.stm32cube.ide.mcu.externaltools.gnu-tools-for-stm32.13.3.rel1.win32_1.0.0.202411081344/tools/bin/../lib/gcc/arm-none-eabi/13.3.1/../../../../arm-none-eabi/lib/thumb/v7e-m+fp/hard\libc_nano.a(libc_a-findfp.o)
 .ARM.attributes
                0x0000058b       0x34 C:/ST/STM32CubeIDE_1.19.0/STM32CubeIDE/plugins/com.st.stm32cube.ide.mcu.externaltools.gnu-tools-for-stm32.13.3.rel1.win32_1.0.0.202411081344/tools/bin/../lib/gcc/arm-none-eabi/13.3.1/../../../../arm-none-eabi/lib/thumb/v7e-m+fp/hard\libc_nano.a(libc_a-memset.o)
 .ARM.attributes
                0x000005bf       0x34 C:/ST/STM32CubeIDE_1.19.0/STM32CubeIDE/plugins/com.st.stm32cube.ide.mcu.externaltools.gnu-tools-for-stm32.13.3.rel1.win32_1.0.0.202411081344/tools/bin/../lib/gcc/arm-none-eabi/13.3.1/../../../../arm-none-eabi/lib/thumb/v7e-m+fp/hard\libc_nano.a(libc_a-strncmp.o)
 .ARM.attributes
                0x000005f3       0x34 C:/ST/STM32CubeIDE_1.19.0/STM32CubeIDE/plugins/com.st.stm32cube.ide.mcu.externaltools.gnu-tools-for-stm32.13.3.rel1.win32_1.0.0.202411081344/tools/bin/../lib/gcc/arm-none-eabi/13.3.1/../../../../arm-none-eabi/lib/thumb/v7e-m+fp/hard\libc_nano.a(libc_a-strncpy.o)
 .ARM.attributes
                0x00000627       0x34 C:/ST/STM32CubeIDE_1.19.0/STM32CubeIDE/plugins/com.st.stm32cube.ide.mcu.externaltools.gnu-tools-for-stm32.13.3.rel1.win32_1.0.0.202411081344/tools/bin/../lib/gcc/arm-none-eabi/13.3.1/../../../../arm-none-eabi/lib/thumb/v7e-m+fp/hard\libc_nano.a(libc_a-impure.o)
 .ARM.attributes
                0x0000065b       0x34 C:/ST/STM32CubeIDE_1.19.0/STM32CubeIDE/plugins/com.st.stm32cube.ide.mcu.externaltools.gnu-tools-for-stm32.13.3.rel1.win32_1.0.0.202411081344/tools/bin/../lib/gcc/arm-none-eabi/13.3.1/../../../../arm-none-eabi/lib/thumb/v7e-m+fp/hard\libc_nano.a(libc_a-errno.o)
 .ARM.attributes
                0x0000068f       0x34 C:/ST/STM32CubeIDE_1.19.0/STM32CubeIDE/plugins/com.st.stm32cube.ide.mcu.externaltools.gnu-tools-for-stm32.13.3.rel1.win32_1.0.0.202411081344/tools/bin/../lib/gcc/arm-none-eabi/13.3.1/../../../../arm-none-eabi/lib/thumb/v7e-m+fp/hard\libc_nano.a(libc_a-init.o)
 .ARM.attributes
                0x000006c3       0x20 C:/ST/STM32CubeIDE_1.19.0/STM32CubeIDE/plugins/com.st.stm32cube.ide.mcu.externaltools.gnu-tools-for-stm32.13.3.rel1.win32_1.0.0.202411081344/tools/bin/../lib/gcc/arm-none-eabi/13.3.1/../../../../arm-none-eabi/lib/thumb/v7e-m+fp/hard\libc_nano.a(libc_a-strcmp.o)
 .ARM.attributes
                0x000006e3       0x22 C:/ST/STM32CubeIDE_1.19.0/STM32CubeIDE/plugins/com.st.stm32cube.ide.mcu.externaltools.gnu-tools-for-stm32.13.3.rel1.win32_1.0.0.202411081344/tools/bin/../lib/gcc/arm-none-eabi/13.3.1/thumb/v7e-m+fp/hard\libgcc.a(_aeabi_uldivmod.o)
 .ARM.attributes
                0x00000705       0x34 C:/ST/STM32CubeIDE_1.19.0/STM32CubeIDE/plugins/com.st.stm32cube.ide.mcu.externaltools.gnu-tools-for-stm32.13.3.rel1.win32_1.0.0.202411081344/tools/bin/../lib/gcc/arm-none-eabi/13.3.1/thumb/v7e-m+fp/hard\libgcc.a(_udivmoddi4.o)
 .ARM.attributes
                0x00000739       0x22 C:/ST/STM32CubeIDE_1.19.0/STM32CubeIDE/plugins/com.st.stm32cube.ide.mcu.externaltools.gnu-tools-for-stm32.13.3.rel1.win32_1.0.0.202411081344/tools/bin/../lib/gcc/arm-none-eabi/13.3.1/thumb/v7e-m+fp/hard\libgcc.a(_dvmd_tls.o)
 .ARM.attributes
                0x0000075b       0x22 C:/ST/STM32CubeIDE_1.19.0/STM32CubeIDE/plugins/com.st.stm32cube.ide.mcu.externaltools.gnu-tools-for-stm32.13.3.rel1.win32_1.0.0.202411081344/tools/bin/../lib/gcc/arm-none-eabi/13.3.1/thumb/v7e-m+fp/hard/crtn.o
OUTPUT(Rpi_com.elf elf32-littlearm)
LOAD linker stubs
LOAD C:/ST/STM32CubeIDE_1.19.0/STM32CubeIDE/plugins/com.st.stm32cube.ide.mcu.externaltools.gnu-tools-for-stm32.13.3.rel1.win32_1.0.0.202411081344/tools/bin/../lib/gcc/arm-none-eabi/13.3.1/../../../../arm-none-eabi/lib/thumb/v7e-m+fp/hard\libc.a
LOAD C:/ST/STM32CubeIDE_1.19.0/STM32CubeIDE/plugins/com.st.stm32cube.ide.mcu.externaltools.gnu-tools-for-stm32.13.3.rel1.win32_1.0.0.202411081344/tools/bin/../lib/gcc/arm-none-eabi/13.3.1/../../../../arm-none-eabi/lib/thumb/v7e-m+fp/hard\libm.a
LOAD C:/ST/STM32CubeIDE_1.19.0/STM32CubeIDE/plugins/com.st.stm32cube.ide.mcu.externaltools.gnu-tools-for-stm32.13.3.rel1.win32_1.0.0.202411081344/tools/bin/../lib/gcc/arm-none-eabi/13.3.1/thumb/v7e-m+fp/hard\libgcc.a

.debug_info     0x00000000    0x1315b
 .debug_info    0x00000000     0x14b1 ./Core/Src/main.o
 .debug_info    0x000014b1      0xc56 ./Core/Src/stm32f4xx_hal_msp.o
 .debug_info    0x00002107      0xbde ./Core/Src/stm32f4xx_it.o
 .debug_info    0x00002ce5      0x53e ./Core/Src/system_stm32f4xx.o
 .debug_info    0x00003223       0x30 ./Core/Startup/startup_stm32f411ceux.o
 .debug_info    0x00003253      0x8c4 ./Drivers/STM32F4xx_HAL_Driver/Src/stm32f4xx_hal.o
 .debug_info    0x00003b17      0xcfc ./Drivers/STM32F4xx_HAL_Driver/Src/stm32f4xx_hal_cortex.o
 .debug_info    0x00004813      0x6f9 ./Drivers/STM32F4xx_HAL_Driver/Src/stm32f4xx_hal_gpio.o
 .debug_info    0x00004f0c     0x1577 ./Drivers/STM32F4xx_HAL_Driver/Src/stm32f4xx_hal_pcd.o
 .debug_info    0x00006483      0x6ea ./Drivers/STM32F4xx_HAL_Driver/Src/stm32f4xx_hal_pcd_ex.o
 .debug_info    0x00006b6d      0x904 ./Drivers/STM32F4xx_HAL_Driver/Src/stm32f4xx_hal_rcc.o
 .debug_info    0x00007471     0x2996 ./Drivers/STM32F4xx_HAL_Driver/Src/stm32f4xx_hal_tim.o
 .debug_info    0x00009e07     0x14d4 ./Drivers/STM32F4xx_HAL_Driver/Src/stm32f4xx_hal_tim_ex.o
 .debug_info    0x0000b2db     0x1993 ./Drivers/STM32F4xx_HAL_Driver/Src/stm32f4xx_ll_usb.o
 .debug_info    0x0000cc6e     0x12b1 ./Middlewares/ST/STM32_USB_Device_Library/Class/CDC/Src/usbd_cdc.o
 .debug_info    0x0000df1f      0xe12 ./Middlewares/ST/STM32_USB_Device_Library/Core/Src/usbd_core.o
 .debug_info    0x0000ed31      0xaeb ./Middlewares/ST/STM32_USB_Device_Library/Core/Src/usbd_ctlreq.o
 .debug_info    0x0000f81c      0x762 ./Middlewares/ST/STM32_USB_Device_Library/Core/Src/usbd_ioreq.o
 .debug_info    0x0000ff7e      0x70e ./USB_DEVICE/App/usb_device.o
 .debug_info    0x0001068c      0xa64 ./USB_DEVICE/App/usbd_cdc_if.o
 .debug_info    0x000110f0      0x458 ./USB_DEVICE/App/usbd_desc.o
 .debug_info    0x00011548     0x1c13 ./USB_DEVICE/Target/usbd_conf.o

.debug_abbrev   0x00000000     0x3138
 .debug_abbrev  0x00000000      0x2ff ./Core/Src/main.o
 .debug_abbrev  0x000002ff      0x1d4 ./Core/Src/stm32f4xx_hal_msp.o
 .debug_abbrev  0x000004d3      0x1fe ./Core/Src/stm32f4xx_it.o
 .debug_abbrev  0x000006d1      0x11a ./Core/Src/system_stm32f4xx.o
 .debug_abbrev  0x000007eb       0x24 ./Core/Startup/startup_stm32f411ceux.o
 .debug_abbrev  0x0000080f      0x24b ./Drivers/STM32F4xx_HAL_Driver/Src/stm32f4xx_hal.o
 .debug_abbrev  0x00000a5a      0x31d ./Drivers/STM32F4xx_HAL_Driver/Src/stm32f4xx_hal_cortex.o
 .debug_abbrev  0x00000d77      0x1d3 ./Drivers/STM32F4xx_HAL_Driver/Src/stm32f4xx_hal_gpio.o
 .debug_abbrev  0x00000f4a      0x2b6 ./Drivers/STM32F4xx_HAL_Driver/Src/stm32f4xx_hal_pcd.o
 .debug_abbrev  0x00001200      0x1da ./Drivers/STM32F4xx_HAL_Driver/Src/stm32f4xx_hal_pcd_ex.o
 .debug_abbrev  0x000013da      0x2b6 ./Drivers/STM32F4xx_HAL_Driver/Src/stm32f4xx_hal_rcc.o
 .debug_abbrev  0x00001690      0x28b ./Drivers/STM32F4xx_HAL_Driver/Src/stm32f4xx_hal_tim.o
 .debug_abbrev  0x0000191b      0x296 ./Drivers/STM32F4xx_HAL_Driver/Src/stm32f4xx_hal_tim_ex.o
 .debug_abbrev  0x00001bb1      0x2b3 ./Drivers/STM32F4xx_HAL_Driver/Src/stm32f4xx_ll_usb.o
 .debug_abbrev  0x00001e64      0x2d2 ./Middlewares/ST/STM32_USB_Device_Library/Class/CDC/Src/usbd_cdc.o
 .debug_abbrev  0x00002136      0x27c ./Middlewares/ST/STM32_USB_Device_Library/Core/Src/usbd_core.o
 .debug_abbrev  0x000023b2      0x26f ./Middlewares/ST/STM32_USB_Device_Library/Core/Src/usbd_ctlreq.o
 .debug_abbrev  0x00002621      0x19a ./Middlewares/ST/STM32_USB_Device_Library/Core/Src/usbd_ioreq.o
 .debug_abbrev  0x000027bb      0x195 ./USB_DEVICE/App/usb_device.o
 .debug_abbrev  0x00002950      0x2c8 ./USB_DEVICE/App/usbd_cdc_if.o
 .debug_abbrev  0x00002c18      0x1e1 ./USB_DEVICE/App/usbd_desc.o
 .debug_abbrev  0x00002df9      0x33f ./USB_DEVICE/Target/usbd_conf.o

.debug_aranges  0x00000000     0x10e8
 .debug_aranges
                0x00000000       0x70 ./Core/Src/main.o
 .debug_aranges
                0x00000070       0x38 ./Core/Src/stm32f4xx_hal_msp.o
 .debug_aranges
                0x000000a8       0x78 ./Core/Src/stm32f4xx_it.o
 .debug_aranges
                0x00000120       0x28 ./Core/Src/system_stm32f4xx.o
 .debug_aranges
                0x00000148       0x28 ./Core/Startup/startup_stm32f411ceux.o
 .debug_aranges
                0x00000170       0xf0 ./Drivers/STM32F4xx_HAL_Driver/Src/stm32f4xx_hal.o
 .debug_aranges
                0x00000260      0x130 ./Drivers/STM32F4xx_HAL_Driver/Src/stm32f4xx_hal_cortex.o
 .debug_aranges
                0x00000390       0x58 ./Drivers/STM32F4xx_HAL_Driver/Src/stm32f4xx_hal_gpio.o
 .debug_aranges
                0x000003e8      0x148 ./Drivers/STM32F4xx_HAL_Driver/Src/stm32f4xx_hal_pcd.o
 .debug_aranges
                0x00000530       0x38 ./Drivers/STM32F4xx_HAL_Driver/Src/stm32f4xx_hal_pcd_ex.o
 .debug_aranges
                0x00000568       0x88 ./Drivers/STM32F4xx_HAL_Driver/Src/stm32f4xx_hal_rcc.o
 .debug_aranges
                0x000005f0      0x3d0 ./Drivers/STM32F4xx_HAL_Driver/Src/stm32f4xx_hal_tim.o
 .debug_aranges
                0x000009c0      0x168 ./Drivers/STM32F4xx_HAL_Driver/Src/stm32f4xx_hal_tim_ex.o
 .debug_aranges
                0x00000b28      0x1a0 ./Drivers/STM32F4xx_HAL_Driver/Src/stm32f4xx_ll_usb.o
 .debug_aranges
                0x00000cc8       0x90 ./Middlewares/ST/STM32_USB_Device_Library/Class/CDC/Src/usbd_cdc.o
 .debug_aranges
                0x00000d58       0xd8 ./Middlewares/ST/STM32_USB_Device_Library/Core/Src/usbd_core.o
 .debug_aranges
                0x00000e30       0x90 ./Middlewares/ST/STM32_USB_Device_Library/Core/Src/usbd_ctlreq.o
 .debug_aranges
                0x00000ec0       0x50 ./Middlewares/ST/STM32_USB_Device_Library/Core/Src/usbd_ioreq.o
 .debug_aranges
                0x00000f10       0x20 ./USB_DEVICE/App/usb_device.o
 .debug_aranges
                0x00000f30       0x48 ./USB_DEVICE/App/usbd_cdc_if.o
 .debug_aranges
                0x00000f78       0x60 ./USB_DEVICE/App/usbd_desc.o
 .debug_aranges
                0x00000fd8      0x110 ./USB_DEVICE/Target/usbd_conf.o

.debug_rnglists
                0x00000000      0xce0
 .debug_rnglists
                0x00000000       0x54 ./Core/Src/main.o
 .debug_rnglists
                0x00000054       0x26 ./Core/Src/stm32f4xx_hal_msp.o
 .debug_rnglists
                0x0000007a       0x55 ./Core/Src/stm32f4xx_it.o
 .debug_rnglists
                0x000000cf       0x1a ./Core/Src/system_stm32f4xx.o
 .debug_rnglists
                0x000000e9       0x19 ./Core/Startup/startup_stm32f411ceux.o
 .debug_rnglists
                0x00000102       0xaf ./Drivers/STM32F4xx_HAL_Driver/Src/stm32f4xx_hal.o
 .debug_rnglists
                0x000001b1       0xe0 ./Drivers/STM32F4xx_HAL_Driver/Src/stm32f4xx_hal_cortex.o
 .debug_rnglists
                0x00000291       0x3f ./Drivers/STM32F4xx_HAL_Driver/Src/stm32f4xx_hal_gpio.o
 .debug_rnglists
                0x000002d0       0xfa ./Drivers/STM32F4xx_HAL_Driver/Src/stm32f4xx_hal_pcd.o
 .debug_rnglists
                0x000003ca       0x26 ./Drivers/STM32F4xx_HAL_Driver/Src/stm32f4xx_hal_pcd_ex.o
 .debug_rnglists
                0x000003f0       0x66 ./Drivers/STM32F4xx_HAL_Driver/Src/stm32f4xx_hal_rcc.o
 .debug_rnglists
                0x00000456      0x31a ./Drivers/STM32F4xx_HAL_Driver/Src/stm32f4xx_hal_tim.o
 .debug_rnglists
                0x00000770      0x125 ./Drivers/STM32F4xx_HAL_Driver/Src/stm32f4xx_hal_tim_ex.o
 .debug_rnglists
                0x00000895      0x147 ./Drivers/STM32F4xx_HAL_Driver/Src/stm32f4xx_ll_usb.o
 .debug_rnglists
                0x000009dc       0x6c ./Middlewares/ST/STM32_USB_Device_Library/Class/CDC/Src/usbd_cdc.o
 .debug_rnglists
                0x00000a48       0xa1 ./Middlewares/ST/STM32_USB_Device_Library/Core/Src/usbd_core.o
 .debug_rnglists
                0x00000ae9       0x6e ./Middlewares/ST/STM32_USB_Device_Library/Core/Src/usbd_ctlreq.o
 .debug_rnglists
                0x00000b57       0x37 ./Middlewares/ST/STM32_USB_Device_Library/Core/Src/usbd_ioreq.o
 .debug_rnglists
                0x00000b8e       0x13 ./USB_DEVICE/App/usb_device.o
 .debug_rnglists
                0x00000ba1       0x33 ./USB_DEVICE/App/usbd_cdc_if.o
 .debug_rnglists
                0x00000bd4       0x43 ./USB_DEVICE/App/usbd_desc.o
 .debug_rnglists
                0x00000c17       0xc9 ./USB_DEVICE/Target/usbd_conf.o

.debug_macro    0x00000000    0x18afd
 .debug_macro   0x00000000      0x3aa ./Core/Src/main.o
 .debug_macro   0x000003aa      0xad8 ./Core/Src/main.o
 .debug_macro   0x00000e82      0x29b ./Core/Src/main.o
 .debug_macro   0x0000111d       0x2e ./Core/Src/main.o
 .debug_macro   0x0000114b       0x28 ./Core/Src/main.o
 .debug_macro   0x00001173       0x22 ./Core/Src/main.o
 .debug_macro   0x00001195       0x8e ./Core/Src/main.o
 .debug_macro   0x00001223       0x51 ./Core/Src/main.o
 .debug_macro   0x00001274      0x103 ./Core/Src/main.o
 .debug_macro   0x00001377       0x6a ./Core/Src/main.o
 .debug_macro   0x000013e1      0x1df ./Core/Src/main.o
 .debug_macro   0x000015c0       0x1c ./Core/Src/main.o
 .debug_macro   0x000015dc       0x22 ./Core/Src/main.o
 .debug_macro   0x000015fe       0xfb ./Core/Src/main.o
 .debug_macro   0x000016f9     0x1011 ./Core/Src/main.o
 .debug_macro   0x0000270a      0x11f ./Core/Src/main.o
 .debug_macro   0x00002829     0xb968 ./Core/Src/main.o
 .debug_macro   0x0000e191       0x6d ./Core/Src/main.o
 .debug_macro   0x0000e1fe     0x3693 ./Core/Src/main.o
 .debug_macro   0x00011891      0x190 ./Core/Src/main.o
 .debug_macro   0x00011a21       0x5c ./Core/Src/main.o
 .debug_macro   0x00011a7d      0x45c ./Core/Src/main.o
 .debug_macro   0x00011ed9      0x9e9 ./Core/Src/main.o
 .debug_macro   0x000128c2      0x115 ./Core/Src/main.o
 .debug_macro   0x000129d7      0x11b ./Core/Src/main.o
 .debug_macro   0x00012af2       0xa5 ./Core/Src/main.o
 .debug_macro   0x00012b97      0x15f ./Core/Src/main.o
 .debug_macro   0x00012cf6      0x287 ./Core/Src/main.o
 .debug_macro   0x00012f7d       0x5f ./Core/Src/main.o
 .debug_macro   0x00012fdc      0x236 ./Core/Src/main.o
 .debug_macro   0x00013212      0x132 ./Core/Src/main.o
 .debug_macro   0x00013344      0x264 ./Core/Src/main.o
 .debug_macro   0x000135a8       0x2e ./Core/Src/main.o
 .debug_macro   0x000135d6      0x127 ./Core/Src/main.o
 .debug_macro   0x000136fd       0x85 ./Core/Src/main.o
 .debug_macro   0x00013782       0x89 ./Core/Src/main.o
 .debug_macro   0x0001380b      0x8ed ./Core/Src/main.o
 .debug_macro   0x000140f8       0x47 ./Core/Src/main.o
 .debug_macro   0x0001413f      0x293 ./Core/Src/main.o
 .debug_macro   0x000143d2       0xba ./Core/Src/main.o
 .debug_macro   0x0001448c      0x126 ./Core/Src/main.o
 .debug_macro   0x000145b2       0x61 ./Core/Src/main.o
 .debug_macro   0x00014613       0x2a ./Core/Src/main.o
 .debug_macro   0x0001463d       0x43 ./Core/Src/main.o
 .debug_macro   0x00014680       0x34 ./Core/Src/main.o
 .debug_macro   0x000146b4       0x16 ./Core/Src/main.o
 .debug_macro   0x000146ca       0x3c ./Core/Src/main.o
 .debug_macro   0x00014706      0x370 ./Core/Src/main.o
 .debug_macro   0x00014a76       0x10 ./Core/Src/main.o
 .debug_macro   0x00014a86       0x16 ./Core/Src/main.o
 .debug_macro   0x00014a9c       0x4a ./Core/Src/main.o
 .debug_macro   0x00014ae6       0x34 ./Core/Src/main.o
 .debug_macro   0x00014b1a       0x10 ./Core/Src/main.o
 .debug_macro   0x00014b2a       0x58 ./Core/Src/main.o
 .debug_macro   0x00014b82       0x8e ./Core/Src/main.o
 .debug_macro   0x00014c10       0x1c ./Core/Src/main.o
 .debug_macro   0x00014c2c      0x185 ./Core/Src/main.o
 .debug_macro   0x00014db1       0x16 ./Core/Src/main.o
 .debug_macro   0x00014dc7       0x16 ./Core/Src/main.o
 .debug_macro   0x00014ddd      0x146 ./Core/Src/main.o
 .debug_macro   0x00014f23       0x16 ./Core/Src/main.o
 .debug_macro   0x00014f39       0x16 ./Core/Src/main.o
 .debug_macro   0x00014f4f       0x29 ./Core/Src/main.o
 .debug_macro   0x00014f78       0x16 ./Core/Src/main.o
 .debug_macro   0x00014f8e       0x20 ./Core/Src/main.o
 .debug_macro   0x00014fae       0x65 ./Core/Src/main.o
 .debug_macro   0x00015013      0x20f ./Core/Src/main.o
 .debug_macro   0x00015222      0x1f2 ./Core/Src/stm32f4xx_hal_msp.o
 .debug_macro   0x00015414      0x1fc ./Core/Src/stm32f4xx_it.o
 .debug_macro   0x00015610      0x1e8 ./Core/Src/system_stm32f4xx.o
 .debug_macro   0x000157f8      0x248 ./Drivers/STM32F4xx_HAL_Driver/Src/stm32f4xx_hal.o
 .debug_macro   0x00015a40      0x1e8 ./Drivers/STM32F4xx_HAL_Driver/Src/stm32f4xx_hal_cortex.o
 .debug_macro   0x00015c28      0x1ee ./Drivers/STM32F4xx_HAL_Driver/Src/stm32f4xx_hal_gpio.o
 .debug_macro   0x00015e16      0x1f4 ./Drivers/STM32F4xx_HAL_Driver/Src/stm32f4xx_hal_pcd.o
 .debug_macro   0x0001600a      0x1e8 ./Drivers/STM32F4xx_HAL_Driver/Src/stm32f4xx_hal_pcd_ex.o
 .debug_macro   0x000161f2      0x20c ./Drivers/STM32F4xx_HAL_Driver/Src/stm32f4xx_hal_rcc.o
 .debug_macro   0x000163fe      0x1e9 ./Drivers/STM32F4xx_HAL_Driver/Src/stm32f4xx_hal_tim.o
 .debug_macro   0x000165e7      0x1e8 ./Drivers/STM32F4xx_HAL_Driver/Src/stm32f4xx_hal_tim_ex.o
 .debug_macro   0x000167cf      0x1e8 ./Drivers/STM32F4xx_HAL_Driver/Src/stm32f4xx_ll_usb.o
 .debug_macro   0x000169b7      0x381 ./Middlewares/ST/STM32_USB_Device_Library/Class/CDC/Src/usbd_cdc.o
 .debug_macro   0x00016d38       0x9e ./Middlewares/ST/STM32_USB_Device_Library/Class/CDC/Src/usbd_cdc.o
 .debug_macro   0x00016dd6      0x112 ./Middlewares/ST/STM32_USB_Device_Library/Class/CDC/Src/usbd_cdc.o
 .debug_macro   0x00016ee8       0x56 ./Middlewares/ST/STM32_USB_Device_Library/Class/CDC/Src/usbd_cdc.o
 .debug_macro   0x00016f3e       0x95 ./Middlewares/ST/STM32_USB_Device_Library/Class/CDC/Src/usbd_cdc.o
 .debug_macro   0x00016fd3      0x368 ./Middlewares/ST/STM32_USB_Device_Library/Core/Src/usbd_core.o
 .debug_macro   0x0001733b      0x215 ./Middlewares/ST/STM32_USB_Device_Library/Core/Src/usbd_core.o
 .debug_macro   0x00017550      0x372 ./Middlewares/ST/STM32_USB_Device_Library/Core/Src/usbd_ctlreq.o
 .debug_macro   0x000178c2      0x36e ./Middlewares/ST/STM32_USB_Device_Library/Core/Src/usbd_ioreq.o
 .debug_macro   0x00017c30      0x3a7 ./USB_DEVICE/App/usb_device.o
 .debug_macro   0x00017fd7       0x22 ./USB_DEVICE/App/usb_device.o
 .debug_macro   0x00017ff9       0x16 ./USB_DEVICE/App/usb_device.o
 .debug_macro   0x0001800f      0x38c ./USB_DEVICE/App/usbd_cdc_if.o
 .debug_macro   0x0001839b       0x10 ./USB_DEVICE/App/usbd_cdc_if.o
 .debug_macro   0x000183ab      0x3ab ./USB_DEVICE/App/usbd_desc.o
 .debug_macro   0x00018756       0x1c ./USB_DEVICE/App/usbd_desc.o
 .debug_macro   0x00018772      0x38b ./USB_DEVICE/Target/usbd_conf.o

.debug_line     0x00000000    0x14b33
 .debug_line    0x00000000      0xd7a ./Core/Src/main.o
 .debug_line    0x00000d7a      0x820 ./Core/Src/stm32f4xx_hal_msp.o
 .debug_line    0x0000159a      0x86d ./Core/Src/stm32f4xx_it.o
 .debug_line    0x00001e07      0x7eb ./Core/Src/system_stm32f4xx.o
 .debug_line    0x000025f2       0x7a ./Core/Startup/startup_stm32f411ceux.o
 .debug_line    0x0000266c      0xa67 ./Drivers/STM32F4xx_HAL_Driver/Src/stm32f4xx_hal.o
 .debug_line    0x000030d3      0xd37 ./Drivers/STM32F4xx_HAL_Driver/Src/stm32f4xx_hal_cortex.o
 .debug_line    0x00003e0a      0xb83 ./Drivers/STM32F4xx_HAL_Driver/Src/stm32f4xx_hal_gpio.o
 .debug_line    0x0000498d     0x14b2 ./Drivers/STM32F4xx_HAL_Driver/Src/stm32f4xx_hal_pcd.o
 .debug_line    0x00005e3f      0x830 ./Drivers/STM32F4xx_HAL_Driver/Src/stm32f4xx_hal_pcd_ex.o
 .debug_line    0x0000666f      0xe74 ./Drivers/STM32F4xx_HAL_Driver/Src/stm32f4xx_hal_rcc.o
 .debug_line    0x000074e3     0x35a6 ./Drivers/STM32F4xx_HAL_Driver/Src/stm32f4xx_hal_tim.o
 .debug_line    0x0000aa89     0x1962 ./Drivers/STM32F4xx_HAL_Driver/Src/stm32f4xx_hal_tim_ex.o
 .debug_line    0x0000c3eb     0x1d3f ./Drivers/STM32F4xx_HAL_Driver/Src/stm32f4xx_ll_usb.o
 .debug_line    0x0000e12a      0xed4 ./Middlewares/ST/STM32_USB_Device_Library/Class/CDC/Src/usbd_cdc.o
 .debug_line    0x0000effe      0xf8c ./Middlewares/ST/STM32_USB_Device_Library/Core/Src/usbd_core.o
 .debug_line    0x0000ff8a     0x114e ./Middlewares/ST/STM32_USB_Device_Library/Core/Src/usbd_ctlreq.o
 .debug_line    0x000110d8      0xa93 ./Middlewares/ST/STM32_USB_Device_Library/Core/Src/usbd_ioreq.o
 .debug_line    0x00011b6b      0xa59 ./USB_DEVICE/App/usb_device.o
 .debug_line    0x000125c4      0xc41 ./USB_DEVICE/App/usbd_cdc_if.o
 .debug_line    0x00013205      0xb02 ./USB_DEVICE/App/usbd_desc.o
 .debug_line    0x00013d07      0xe2c ./USB_DEVICE/Target/usbd_conf.o

.debug_str      0x00000000    0x8fd2d
 .debug_str     0x00000000    0x8fd2d ./Core/Src/main.o
                              0x8ba08 (size before relaxing)
 .debug_str     0x0008fd2d    0x87085 ./Core/Src/stm32f4xx_hal_msp.o
 .debug_str     0x0008fd2d    0x86f74 ./Core/Src/stm32f4xx_it.o
 .debug_str     0x0008fd2d    0x86750 ./Core/Src/system_stm32f4xx.o
 .debug_str     0x0008fd2d       0x67 ./Core/Startup/startup_stm32f411ceux.o
 .debug_str     0x0008fd2d    0x8717c ./Drivers/STM32F4xx_HAL_Driver/Src/stm32f4xx_hal.o
 .debug_str     0x0008fd2d    0x86ee6 ./Drivers/STM32F4xx_HAL_Driver/Src/stm32f4xx_hal_cortex.o
 .debug_str     0x0008fd2d    0x868cb ./Drivers/STM32F4xx_HAL_Driver/Src/stm32f4xx_hal_gpio.o
 .debug_str     0x0008fd2d    0x8721c ./Drivers/STM32F4xx_HAL_Driver/Src/stm32f4xx_hal_pcd.o
 .debug_str     0x0008fd2d    0x86b0c ./Drivers/STM32F4xx_HAL_Driver/Src/stm32f4xx_hal_pcd_ex.o
 .debug_str     0x0008fd2d    0x86b84 ./Drivers/STM32F4xx_HAL_Driver/Src/stm32f4xx_hal_rcc.o
 .debug_str     0x0008fd2d    0x87ac8 ./Drivers/STM32F4xx_HAL_Driver/Src/stm32f4xx_hal_tim.o
 .debug_str     0x0008fd2d    0x872d4 ./Drivers/STM32F4xx_HAL_Driver/Src/stm32f4xx_hal_tim_ex.o
 .debug_str     0x0008fd2d    0x870f7 ./Drivers/STM32F4xx_HAL_Driver/Src/stm32f4xx_ll_usb.o
 .debug_str     0x0008fd2d    0x8b7ba ./Middlewares/ST/STM32_USB_Device_Library/Class/CDC/Src/usbd_cdc.o
 .debug_str     0x0008fd2d    0x8b113 ./Middlewares/ST/STM32_USB_Device_Library/Core/Src/usbd_core.o
 .debug_str     0x0008fd2d    0x8af3e ./Middlewares/ST/STM32_USB_Device_Library/Core/Src/usbd_ctlreq.o
 .debug_str     0x0008fd2d    0x8ae13 ./Middlewares/ST/STM32_USB_Device_Library/Core/Src/usbd_ioreq.o
 .debug_str     0x0008fd2d    0x8b1c6 ./USB_DEVICE/App/usb_device.o
 .debug_str     0x0008fd2d    0x8b286 ./USB_DEVICE/App/usbd_cdc_if.o
 .debug_str     0x0008fd2d    0x8ad0b ./USB_DEVICE/App/usbd_desc.o
 .debug_str     0x0008fd2d    0x8bec2 ./USB_DEVICE/Target/usbd_conf.o

.comment        0x00000000       0x43
 .comment       0x00000000       0x43 ./Core/Src/main.o
                                 0x44 (size before relaxing)
 .comment       0x00000043       0x44 ./Core/Src/stm32f4xx_hal_msp.o
 .comment       0x00000043       0x44 ./Core/Src/stm32f4xx_it.o
 .comment       0x00000043       0x44 ./Core/Src/system_stm32f4xx.o
 .comment       0x00000043       0x44 ./Drivers/STM32F4xx_HAL_Driver/Src/stm32f4xx_hal.o
 .comment       0x00000043       0x44 ./Drivers/STM32F4xx_HAL_Driver/Src/stm32f4xx_hal_cortex.o
 .comment       0x00000043       0x44 ./Drivers/STM32F4xx_HAL_Driver/Src/stm32f4xx_hal_gpio.o
 .comment       0x00000043       0x44 ./Drivers/STM32F4xx_HAL_Driver/Src/stm32f4xx_hal_pcd.o
 .comment       0x00000043       0x44 ./Drivers/STM32F4xx_HAL_Driver/Src/stm32f4xx_hal_pcd_ex.o
 .comment       0x00000043       0x44 ./Drivers/STM32F4xx_HAL_Driver/Src/stm32f4xx_hal_rcc.o
 .comment       0x00000043       0x44 ./Drivers/STM32F4xx_HAL_Driver/Src/stm32f4xx_hal_tim.o
 .comment       0x00000043       0x44 ./Drivers/STM32F4xx_HAL_Driver/Src/stm32f4xx_hal_tim_ex.o
 .comment       0x00000043       0x44 ./Drivers/STM32F4xx_HAL_Driver/Src/stm32f4xx_ll_usb.o
 .comment       0x00000043       0x44 ./Middlewares/ST/STM32_USB_Device_Library/Class/CDC/Src/usbd_cdc.o
 .comment       0x00000043       0x44 ./Middlewares/ST/STM32_USB_Device_Library/Core/Src/usbd_core.o
 .comment       0x00000043       0x44 ./Middlewares/ST/STM32_USB_Device_Library/Core/Src/usbd_ctlreq.o
 .comment       0x00000043       0x44 ./Middlewares/ST/STM32_USB_Device_Library/Core/Src/usbd_ioreq.o
 .comment       0x00000043       0x44 ./USB_DEVICE/App/usb_device.o
 .comment       0x00000043       0x44 ./USB_DEVICE/App/usbd_cdc_if.o